[Licensing::Module] Trying to connect to existing licensing client channel...
Built from '6000.5/staging' branch; Version is '6000.5.6f1 (0e0577a1a2ac) revision 918903'; Using compiler version '194234433'; Build Type 'Release'
OS: 'Windows 11  (10.0.26200) CoreSingleLanguage' Language: 'tr' Physical Memory: 16159 MB
BatchMode: 1, IsHumanControllingUs: 0, StartBugReporterOnCrash: 0, Is64bit: 1
System  architecture: x64
Process architecture: x64
Date: 2026-08-11T09:38:56Z
[Licensing::IpcConnector] Successfully connected to: "LicenseClient-yunus" at "2026-08-11T09:38:56.3219403Z"

COMMAND LINE ARGUMENTS:
C:\Program Files\Unity\Hub\Editor\6000.5.6f1\Editor\Unity.exe
-adb2
-batchMode
-noUpm
-name
AssetImportWorkerHW3
-projectPath
C:/Users/yunus/OneDrive/Desktop/Unity_Projeler/TestCasePROJECT_2D
-logFile
Logs/AssetImportWorkerHW3.log
-srvPort
49717
-parentPid
27244
-analyticsCloudUserId
18968384186909
-analyticsCloudProjectId
d92f9afb-1f10-4337-9607-bf242538841c
-analyticsLocalProjectId
0b0e13ee869db2340a690cc5e876353c
-editorAnalyticsEnabled
1
-cbmEditorLicense
9f68bb17b1f5ac1c44ea72d313f9daebd27bb73f
-cbmMachineId
dG88/b0MD9H3/o5tNW186CRXve8=
-noDiagnosticSwitchPersistentStore
-job-worker-count
5
-background-job-worker-count
8
-asset-garbage-collectors
1
-force-d3d12
-name
AssetImport
Successfully changed project path to: C:/Users/yunus/OneDrive/Desktop/Unity_Projeler/TestCasePROJECT_2D
C:/Users/yunus/OneDrive/Desktop/Unity_Projeler/TestCasePROJECT_2D
[UnityMemory] Configuration Parameters - Can be set up in boot.config
    "memorysetup-temp-allocator-size-gi-baking-worker=262144"
    "memorysetup-temp-allocator-size-gi-baking-worker=262144"
    "memorysetup-temp-allocator-size-gi-baking-worker=262144"
    "memorysetup-temp-allocator-size-gi-baking-worker=262144"
    "memorysetup-temp-allocator-size-gi-baking-worker=262144"
    "memorysetup-temp-allocator-size-nav-mesh-worker=65536"
    "memorysetup-temp-allocator-size-audio-worker=65536"
    "memorysetup-temp-allocator-size-cloud-worker=32768"
    "memorysetup-temp-allocator-size-gfx=262144"
    "memorysetup-temp-allocator-size-preload-manager=33554432"
    "memorysetup-allocator-temp-initial-block-size-main=262144"
    "memorysetup-allocator-temp-initial-block-size-worker=262144"
    "memorysetup-temp-allocator-size-job-worker=262144"
    "memorysetup-temp-allocator-size-background-worker=32768"
    "memorysetup-bucket-allocator-granularity=16"
    "memorysetup-bucket-allocator-bucket-count=8"
    "memorysetup-bucket-allocator-block-size=33554432"
    "memorysetup-bucket-allocator-block-count=8"
    "memorysetup-main-allocator-block-size=16777216"
    "memorysetup-thread-allocator-block-size=16777216"
    "memorysetup-main-allocator-mimalloc-enabled=0"
    "memorysetup-gfx-main-allocator-block-size=16777216"
    "memorysetup-gfx-thread-allocator-block-size=16777216"
    "memorysetup-cache-allocator-block-size=4194304"
    "memorysetup-typetree-allocator-block-size=2097152"
    "memorysetup-profiler-bucket-allocator-granularity=16"
    "memorysetup-profiler-bucket-allocator-bucket-count=8"
    "memorysetup-profiler-bucket-allocator-block-size=33554432"
    "memorysetup-profiler-bucket-allocator-block-count=8"
    "memorysetup-profiler-allocator-block-size=16777216"
    "memorysetup-profiler-editor-allocator-block-size=1048576"
    "memorysetup-temp-allocator-size-main=16777216"
    "memorysetup-job-temp-allocator-block-size=2097152"
    "memorysetup-job-temp-allocator-block-size-background=1048576"
    "memorysetup-job-temp-allocator-reduction-small-platforms=262144"
Player connection [36568]  Target information:

Player connection [36568]  * "[IP] 172.16.0.2 [Port] 0 [Flags] 2 [Guid] 3678449447 [EditorId] 3678449447 [Version] 1048832 [Id] WindowsEditor(7,YunusEmre) [Debug] 1 [PackageName] WindowsEditor [ProjectName] Editor" 

Player connection [36568]  * "[IP] 192.168.2.127 [Port] 0 [Flags] 2 [Guid] 3678449447 [EditorId] 3678449447 [Version] 1048832 [Id] WindowsEditor(7,YunusEmre) [Debug] 1 [PackageName] WindowsEditor [ProjectName] Editor" 

Player connection [36568] Host joined multi-casting on [225.0.0.222:54997]...
Player connection [36568] Host joined alternative multi-casting on [225.0.0.222:34997]...
JobSystem: Creating JobQueue using job-worker-count value 5
Input System module state changed to: Initialized.
[Physics::Module] Initialized fallback backend.
[Physics::Module] Id: 0xdecafbad
Library Redirect Path: Library/
[Physics::Module] Selected backend.
[Physics::Module] Name: PhysX
[Physics::Module] Id: 0xf2b8ea05
[Physics::Module] SDK Version: 4.1.2
[Physics::Module] Integration Version: 1.0.0
[Physics::Module] Threading Mode: Multi-Threaded
Active build profile path: `Assets/Settings/Build Profiles/Android™.asset`
Got setting from build profile YAML, name `m_BuildSubtarget`, value `0`
[Licensing::Module] Licensing is not yet initialized.
[Licensing::Client] Error: HandshakeResponse reported an error:
	ResponseCode: 505
	ResponseStatus: Unsupported protocol version '1.18.1'.
[Licensing::Module] Error: Failed to handshake to channel: "LicenseClient-yunus"
[Licensing::IpcConnector] LicenseClient-yunus channel disconnected successfully.
[Licensing::IpcConnector] Successfully connected to: "LicenseClient-yunus-6000.5.6" at "2026-08-11T09:39:01.0842002Z"
[Licensing::Client] Code 10 while verifying Licensing Client signature (process Id: 27944, path: "C:/Program Files/Unity/Hub/Editor/6000.5.6f1/Editor/Data/Resources/Licensing/Client/Unity.Licensing.Client.exe")
[Licensing::Module] LicensingClient has failed validation; ignoring
[Licensing::Client] Handshaking with LicensingClient:
  Version:                 1.18.1+9fbee8e
  Session Id:              b6411b92f246430a9a793d839e017136
  Correlation Id:          3c7c09899873c8fe916880216a641bf9
  External correlation Id: 8977317883710641679
  Machine Id:              dG88/b0MD9H3/o5tNW186CRXve8=
[Licensing::Module] Successfully connected to LicensingClient on channel: "LicenseClient-yunus-6000.5.6" (connect: 0.00s, validation: 0.01s, handshake: 0.05s)
[Licensing::IpcConnector] Successfully connected to: "LicenseClient-yunus-6000.5.6-notifications" at "2026-08-11T09:39:01.1430246Z"
[Licensing::Module] Licensing Background thread has ended after 4.82s
[Licensing::Module] Licensing is initialized (took 4.15s).
[Licensing::Client] Successfully resolved entitlement details
[Licensing::Module] License group:
  Id: F4-MTMP-WUMR-DFHP-RKY3-XXXX
  Product: Unity Personal
  Type: ULF
  Expiration: Unlimited
[Licensing::Module] License group:
  Id: 18968384186909-UnityPersXXXX
  Product: Unity Personal
  Type: Assigned
  Expiration: Unlimited
Got setting from build profile YAML, name `m_BuildTarget`, value `13`
Got setting from build profile YAML, name `m_Subtarget`, value `0`
Refreshing native plugins compatible for Editor in 63.39 ms, found 5 plugins.
Initialize engine version: 6000.5.6f1 (0e0577a1a2ac)
[Subsystems] Discovering subsystems at path C:/Program Files/Unity/Hub/Editor/6000.5.6f1/Editor/Data/Resources/UnitySubsystems
[Subsystems] Discovering subsystems at path C:/Users/yunus/OneDrive/Desktop/Unity_Projeler/TestCasePROJECT_2D/Assets
Forcing GfxDevice: Direct3D 12
GfxDevice: creating device client; kGfxThreadingModeNonThreaded
d3d12: failed to query info queue interface (0x80004002).
Direct3D:
    Version:         Direct3D 12 [level 12.1]
    Renderer:        NVIDIA GeForce GTX 1650 (ID=0x1f9d)
    Vendor:          NVIDIA
    VRAM:            3935 MB
    App VRAM Budget: 3344 MB
    Driver:          32.0.16.1074
Got setting from build profile YAML, name `m_BuildSubtarget`, value `0`
Got setting from build profile YAML, name `m_BuildSubtarget`, value `0`
Got setting from build profile YAML, name `m_BuildSubtarget`, value `0`
Initialize mono
Mono path[0] = 'C:/Program Files/Unity/Hub/Editor/6000.5.6f1/Editor/Data/Managed'
Mono path[1] = 'C:/Program Files/Unity/Hub/Editor/6000.5.6f1/Editor/Data/BCLExtensions/runtime/netstandard2.1'
Mono path[2] = 'C:/Program Files/Unity/Hub/Editor/6000.5.6f1/Editor/Data/MonoBleedingEdge/lib/mono/unityjit-win32'
Mono config path = 'C:/Program Files/Unity/Hub/Editor/6000.5.6f1/Editor/Data/MonoBleedingEdge/etc'
Using monoOptions --debugger-agent=transport=dt_socket,embedding=1,server=y,suspend=n,address=127.0.0.1:56260
CodeReloadManager initialized
Got setting from build profile YAML, name `m_BuildSubtarget`, value `0`
Got setting from build profile YAML, name `m_BuildSubtarget`, value `0`
Begin MonoManager ReloadAssembly
Registering precompiled unity dll's ...
Register platform support module: C:/Program Files/Unity/Hub/Editor/6000.5.6f1/Editor/Data/PlaybackEngines/WebGLSupport/UnityEditor.WebGL.Extensions.dll
Register platform support module: C:/Program Files/Unity/Hub/Editor/6000.5.6f1/Editor/Data/PlaybackEngines/WindowsStandaloneSupport/UnityEditor.WindowsStandalone.Extensions.dll
Register platform support module: C:/Program Files/Unity/Hub/Editor/6000.5.6f1/Editor/Data/PlaybackEngines/AndroidPlayer/UnityEditor.Android.Extensions.dll
Registered in 0.009678 seconds.
Got setting from build profile YAML, name `m_BuildSubtarget`, value `0`
Got setting from build profile YAML, name `m_BuildSubtarget`, value `0`
Got setting from build profile YAML, name `m_BuildSubtarget`, value `0`
Got setting from build profile YAML, name `m_BuildSubtarget`, value `0`
Native extension for Android target not found
Native extension for WindowsStandalone target not found
Native extension for WebGL target not found
Package Manager log level set to [2]
[Package Manager] Failed to launch server process. Reason: Unity was launched with the -noUpm command-line argument
[Package Manager] Unable to send message (not connected to server process).
[Package Manager] Cannot connect to Unity Package Manager local server
ScheduleIndexationOnStartup MainProcess:False IndexOnStartup:True
Mono: successfully reloaded assembly
- Finished resetting the current domain, in  1.919 seconds
Domain Reload Profiling: 4017ms
	BeginReloadAssembly (449ms)
	RebuildCommonClasses (15ms)
	RebuildNativeTypeToScriptingClass (37ms)
	initialDomainReloadingComplete (206ms)
	LoadAllAssembliesAndSetupDomain (1386ms)
		LoadAssemblies (431ms)
		AnalyzeDomain (1118ms)
			TypeCache.Refresh (1109ms)
				TypeCache.ScanAssembly (1023ms)
			BuildScriptInfoCaches (3ms)
	FinalizeReload (1924ms)
		SetupLoadedEditorAssemblies (0ms)
			InitializePlatformSupportModulesInManaged (233ms)
			BeforeProcessingInitializeOnLoad (601ms)
			ProcessInitializeOnLoadAttributes (452ms)
			ProcessInitializeOnLoadMethodAttributes (408ms)
Got setting from build profile YAML, name `m_BuildSubtarget`, value `0`
Got setting from build profile YAML, name `m_BuildSubtarget`, value `0`
Initializing Unity extensions:
[Licensing::Client] Successfully resolved entitlement details
[Licensing::Module] License group:
  Id: F4-MTMP-WUMR-DFHP-RKY3-XXXX
  Product: Unity Personal
  Type: ULF
  Expiration: Unlimited
[Licensing::Module] License group:
  Id: 18968384186909-UnityPersXXXX
  Product: Unity Personal
  Type: Assigned
  Expiration: Unlimited
Got setting from build profile YAML, name `m_BuildSubtarget`, value `0`
Got setting from build profile YAML, name `m_BuildSubtarget`, value `0`
========================================================================
Worker process is ready to serve import requests
Import Worker Mode flag is 0x00
Got setting from build profile YAML, name `m_BuildSubtarget`, value `0`
Got setting from build profile YAML, name `m_BuildSubtarget`, value `0`
Got setting from build profile YAML, name `m_BuildSubtarget`, value `0`
Got setting from build profile YAML, name `m_BuildSubtarget`, value `0`
Got setting from build profile YAML, name `m_Development`, value `0`
Got setting from build profile YAML, name `m_BuildSubtarget`, value `0`
Got setting from build profile YAML, name `m_BuildSubtarget`, value `0`
Got setting from build profile YAML, name `m_BuildSubtarget`, value `0`
Begin MonoManager ReloadAssembly
Refreshing native plugins compatible for Editor in 13.76 ms, found 5 plugins.
Native extension for Android target not found
Native extension for WindowsStandalone target not found
Native extension for WebGL target not found
[Package Manager] Failed to launch server process. Reason: Unity was launched with the -noUpm command-line argument
[Package Manager] Unable to send message (not connected to server process).
[Package Manager] Cannot connect to Unity Package Manager local server
Refreshing native plugins compatible for Editor in 6.26 ms, found 5 plugins.
[Package Manager] Failed to launch server process. Reason: Unity was launched with the -noUpm command-line argument
[Package Manager] Unable to send message (not connected to server process).
[Package Manager] Cannot connect to Unity Package Manager local server
ScheduleIndexationOnStartup MainProcess:False IndexOnStartup:True
Mono: successfully reloaded assembly
- Finished resetting the current domain, in  2.036 seconds
Domain Reload Profiling: 5064ms
	BeginReloadAssembly (646ms)
		DisableScriptedObjects (118ms)
		CreateAndSetChildDomain (72ms)
	RebuildCommonClasses (22ms)
	RebuildNativeTypeToScriptingClass (46ms)
	initialDomainReloadingComplete (200ms)
	LoadAllAssembliesAndSetupDomain (2112ms)
		LoadAssemblies (1272ms)
		AnalyzeDomain (832ms)
			TypeCache.Refresh (569ms)
				TypeCache.ScanAssembly (529ms)
			BuildScriptInfoCaches (242ms)
			ResolveRequiredComponents (15ms)
	FinalizeReload (2038ms)
		SetupLoadedEditorAssemblies (0ms)
			InitializePlatformSupportModulesInManaged (28ms)
			BeforeProcessingInitializeOnLoad (181ms)
			ProcessInitializeOnLoadAttributes (685ms)
			ProcessInitializeOnLoadMethodAttributes (638ms)
			AfterProcessingInitializeOnLoad (26ms)
		AwakeInstancesAfterBackupRestoration (46ms)
AcceleratorClientConnectionCallback - disconnected - :0
Launched and connected shader compiler UnityShaderCompiler.exe after 0.03 seconds
Refreshing native plugins compatible for Editor in 6.51 ms, found 5 plugins.
Unloading 22 Unused Serialized files (Serialized files now loaded: 0)
Curl error 3: URL rejected: Malformed input to a URL function
Unloading 7405 unused Assets / (6.6 MB). Loaded Objects now: 8320.
Memory consumption went from 354.6 MB to 348.0 MB.
Total: 17.817100 ms (FindLiveObjects: 1.192200 ms CreateObjectMapping: 4.099700 ms MarkObjects: 8.128000 ms  DeleteObjects: 4.393500 ms)

========================================================================
Received Prepare
AcceleratorClientConnectionCallback - disconnected - :0
Begin MonoManager ReloadAssembly
Refreshing native plugins compatible for Editor in 6.81 ms, found 5 plugins.
Native extension for Android target not found
Native extension for WindowsStandalone target not found
Native extension for WebGL target not found
[Package Manager] Failed to launch server process. Reason: Unity was launched with the -noUpm command-line argument
[Package Manager] Unable to send message (not connected to server process).
[Package Manager] Cannot connect to Unity Package Manager local server
[Package Manager] Failed to launch server process. Reason: Unity was launched with the -noUpm command-line argument
[Package Manager] Unable to send message (not connected to server process).
[Package Manager] Cannot connect to Unity Package Manager local server
ScheduleIndexationOnStartup MainProcess:False IndexOnStartup:True
Mono: successfully reloaded assembly
- Finished resetting the current domain, in  1.720 seconds
Domain Reload Profiling: 4500ms
	BeginReloadAssembly (827ms)
		DisableScriptedObjects (176ms)
		CreateAndSetChildDomain (155ms)
	RebuildCommonClasses (28ms)
	RebuildNativeTypeToScriptingClass (43ms)
	initialDomainReloadingComplete (195ms)
	LoadAllAssembliesAndSetupDomain (1682ms)
		LoadAssemblies (1017ms)
		AnalyzeDomain (616ms)
			TypeCache.Refresh (21ms)
			BuildScriptInfoCaches (577ms)
			ResolveRequiredComponents (13ms)
	FinalizeReload (1725ms)
		SetupLoadedEditorAssemblies (0ms)
			InitializePlatformSupportModulesInManaged (32ms)
			BeforeProcessingInitializeOnLoad (205ms)
			ProcessInitializeOnLoadAttributes (642ms)
			ProcessInitializeOnLoadMethodAttributes (274ms)
			AfterProcessingInitializeOnLoad (22ms)
		AwakeInstancesAfterBackupRestoration (83ms)
Refreshing native plugins compatible for Editor in 9.72 ms, found 5 plugins.
Unloading 22 Unused Serialized files (Serialized files now loaded: 0)
Unloading 7402 unused Assets / (6.5 MB). Loaded Objects now: 8324.
Memory consumption went from 343.9 MB to 337.4 MB.
Total: 34.228800 ms (FindLiveObjects: 1.931300 ms CreateObjectMapping: 6.356600 ms MarkObjects: 16.854700 ms  DeleteObjects: 9.083300 ms)

Prepare: number of updated asset objects reloaded= 0
EnvironmentDependencyValues requested are different than current active one (requested -> active):
  graphicsApiMask: 2099200 -> 2361344
========================================================================
Received Prepare
AcceleratorClientConnectionCallback - disconnected - :0
Refreshing native plugins compatible for Editor in 9.57 ms, found 5 plugins.
Unloading 22 Unused Serialized files (Serialized files now loaded: 0)
Unloading 23 unused Assets / (2.6 MB). Loaded Objects now: 8324.
Memory consumption went from 339.1 MB to 336.5 MB.
Total: 13.829700 ms (FindLiveObjects: 0.806400 ms CreateObjectMapping: 1.623900 ms MarkObjects: 10.759600 ms  DeleteObjects: 0.638000 ms)

Prepare: number of updated asset objects reloaded= 0
EnvironmentDependencyValues requested are different than current active one (requested -> active):
  graphicsApiMask: 2099200 -> 2361344
========================================================================
Received Import Request.
  Time of request: 2026-08-11T09:41:03.267524Z
  Time since last request: 504338.48935079999501 seconds.
  importAddress: GUID: b0fbf568683c84f4b927b3e39032dfe7 - Path: Assets/TestCaseProject_2D/Prefabs/Bullet 1.prefab - Importer: PreviewImporter
Importing 'GUID: b0fbf568683c84f4b927b3e39032dfe7 - Path: Assets/TestCaseProject_2D/Prefabs/Bullet 1.prefab - Importer: PreviewImporter' with importer (PreviewImporter)
Imported 'GUID: b0fbf568683c84f4b927b3e39032dfe7' -> (Import Result ID: '6adedf8fd1dbeb3f08ebd056e15dccdb') in 0.710 seconds [static and dynamic dependencies]. Details - ImportResultOutputID=57f146ba984c694f350a8317ca941e44 DependenciesID=8564f578961152b194e29bf95f3ff82d StaticDependenciesID=9df93406a009bc2f3239ad46aa4da9c1 
Number of updated asset objects reloaded before import = 0
Number of asset objects unloaded after import = 10
========================================================================
Received Prepare
AcceleratorClientConnectionCallback - disconnected - :0
Refreshing native plugins compatible for Editor in 7.47 ms, found 5 plugins.
Unloading 22 Unused Serialized files (Serialized files now loaded: 0)
Unloading 23 unused Assets / (2.6 MB). Loaded Objects now: 8428.
Memory consumption went from 346.9 MB to 344.2 MB.
Total: 17.313500 ms (FindLiveObjects: 0.848700 ms CreateObjectMapping: 1.709800 ms MarkObjects: 14.030000 ms  DeleteObjects: 0.722600 ms)

Prepare: number of updated asset objects reloaded= 0
EnvironmentDependencyValues requested are different than current active one (requested -> active):
  graphicsApiMask: 2099200 -> 2361344
========================================================================
Received Prepare
AcceleratorClientConnectionCallback - disconnected - :0
[Licensing::Client] Successfully resolved entitlement details
[Licensing::Module] License group:
  Id: F4-MTMP-WUMR-DFHP-RKY3-XXXX
  Product: Unity Personal
  Type: ULF
  Expiration: Unlimited
[Licensing::Module] License group:
  Id: 18968384186909-UnityPersXXXX
  Product: Unity Personal
  Type: Assigned
  Expiration: Unlimited
[Licensing::Client] Successfully resolved entitlement details
[Licensing::Module] License group:
  Id: F4-MTMP-WUMR-DFHP-RKY3-XXXX
  Product: Unity Personal
  Type: ULF
  Expiration: Unlimited
[Licensing::Module] License group:
  Id: 18968384186909-UnityPersXXXX
  Product: Unity Personal
  Type: Assigned
  Expiration: Unlimited
Begin MonoManager ReloadAssembly
Refreshing native plugins compatible for Editor in 7.17 ms, found 5 plugins.
Native extension for Android target not found
Native extension for WindowsStandalone target not found
Native extension for WebGL target not found
[Package Manager] Failed to launch server process. Reason: Unity was launched with the -noUpm command-line argument
[Package Manager] Unable to send message (not connected to server process).
[Package Manager] Cannot connect to Unity Package Manager local server
[Package Manager] Failed to launch server process. Reason: Unity was launched with the -noUpm command-line argument
[Package Manager] Unable to send message (not connected to server process).
[Package Manager] Cannot connect to Unity Package Manager local server
ScheduleIndexationOnStartup MainProcess:False IndexOnStartup:True
Mono: successfully reloaded assembly
- Finished resetting the current domain, in  1.941 seconds
Domain Reload Profiling: 4193ms
	BeginReloadAssembly (615ms)
		DisableScriptedObjects (113ms)
		CreateAndSetChildDomain (117ms)
	RebuildCommonClasses (17ms)
	RebuildNativeTypeToScriptingClass (36ms)
	initialDomainReloadingComplete (153ms)
	LoadAllAssembliesAndSetupDomain (1428ms)
		LoadAssemblies (840ms)
		AnalyzeDomain (485ms)
			TypeCache.Refresh (28ms)
				TypeCache.ScanAssembly (3ms)
			BuildScriptInfoCaches (438ms)
			ResolveRequiredComponents (15ms)
	FinalizeReload (1943ms)
		SetupLoadedEditorAssemblies (0ms)
			InitializePlatformSupportModulesInManaged (42ms)
			BeforeProcessingInitializeOnLoad (250ms)
			ProcessInitializeOnLoadAttributes (688ms)
			ProcessInitializeOnLoadMethodAttributes (294ms)
			AfterProcessingInitializeOnLoad (20ms)
		AwakeInstancesAfterBackupRestoration (73ms)
Refreshing native plugins compatible for Editor in 8.44 ms, found 5 plugins.
Unloading 22 Unused Serialized files (Serialized files now loaded: 0)
Unloading 7403 unused Assets / (6.7 MB). Loaded Objects now: 8358.
Memory consumption went from 353.4 MB to 346.8 MB.
Total: 28.166900 ms (FindLiveObjects: 1.378800 ms CreateObjectMapping: 5.559400 ms MarkObjects: 13.477900 ms  DeleteObjects: 7.748000 ms)

Prepare: number of updated asset objects reloaded= 0
EnvironmentDependencyValues requested are different than current active one (requested -> active):
  graphicsApiMask: 2099200 -> 2361344
========================================================================
Received Import Request.
  Time of request: 2026-08-11T09:47:39.3624204Z
  Time since last request: 395.35498389999998 seconds.
  importAddress: GUID: 606ff04717552844cbb73b10d715b34b - Path: Assets/TestCaseProject_2D/Scripts/Spawner.cs - Importer: PreviewImporter
Importing 'GUID: 606ff04717552844cbb73b10d715b34b - Path: Assets/TestCaseProject_2D/Scripts/Spawner.cs - Importer: PreviewImporter' with importer (PreviewImporter)
Imported 'GUID: 606ff04717552844cbb73b10d715b34b' -> (Import Result ID: '53d9f5eab608fd036cf49b5e3852fc2f') in 0.007 seconds [static and dynamic dependencies]. Details - ImportResultOutputID=fd492b80340e1f4109782539c5ab4f2d DependenciesID=2bac8cfe2a4b6a3518c3ef1ca5eb80d9 StaticDependenciesID=15246bf4beca7b3a071dd5f4c4523efc 
Number of updated asset objects reloaded before import = 0
Number of asset objects unloaded after import = 0
========================================================================
Received Prepare
AcceleratorClientConnectionCallback - disconnected - :0
Refreshing native plugins compatible for Editor in 8.94 ms, found 5 plugins.
Unloading 22 Unused Serialized files (Serialized files now loaded: 0)
Unloading 23 unused Assets / (2.6 MB). Loaded Objects now: 8358.
Memory consumption went from 348.5 MB to 345.9 MB.
Total: 14.140800 ms (FindLiveObjects: 0.948400 ms CreateObjectMapping: 1.872600 ms MarkObjects: 10.559100 ms  DeleteObjects: 0.757700 ms)

Prepare: number of updated asset objects reloaded= 0
EnvironmentDependencyValues requested are different than current active one (requested -> active):
  graphicsApiMask: 2099200 -> 2361344
========================================================================
Received Import Request.
  Time of request: 2026-08-11T09:50:19.8793618Z
  Time since last request: 160.4796427 seconds.
  importAddress: GUID: 8624d975dbe1f1445a02b816626ab7b3 - Path: Assets/TestCaseProject_2D/Prefabs/Boss.prefab - Importer: PreviewImporter
Importing 'GUID: 8624d975dbe1f1445a02b816626ab7b3 - Path: Assets/TestCaseProject_2D/Prefabs/Boss.prefab - Importer: PreviewImporter' with importer (PreviewImporter)
Imported 'GUID: 8624d975dbe1f1445a02b816626ab7b3' -> (Import Result ID: 'bfb4464df4719d530162049ab18ed584') in 0.641 seconds [static and dynamic dependencies]. Details - ImportResultOutputID=ed14581ef70981de7b5678c287e33fab DependenciesID=4f3486b022fcbdf101329029daf7924a StaticDependenciesID=bad2ca7841695d436ab27f3137ca2ddd 
Number of updated asset objects reloaded before import = 0
Number of asset objects unloaded after import = 21
========================================================================
Received Prepare
AcceleratorClientConnectionCallback - disconnected - :0
Refreshing native plugins compatible for Editor in 5.78 ms, found 5 plugins.
Unloading 22 Unused Serialized files (Serialized files now loaded: 0)
Unloading 23 unused Assets / (2.6 MB). Loaded Objects now: 8450.
Memory consumption went from 351.4 MB to 348.8 MB.
Total: 14.300600 ms (FindLiveObjects: 0.696500 ms CreateObjectMapping: 1.570500 ms MarkObjects: 11.427300 ms  DeleteObjects: 0.604900 ms)

Prepare: number of updated asset objects reloaded= 0
EnvironmentDependencyValues requested are different than current active one (requested -> active):
  graphicsApiMask: 2099200 -> 2361344
========================================================================
Received Prepare
AcceleratorClientConnectionCallback - disconnected - :0
Refreshing native plugins compatible for Editor in 7.81 ms, found 5 plugins.
Unloading 22 Unused Serialized files (Serialized files now loaded: 0)
Unloading 23 unused Assets / (2.6 MB). Loaded Objects now: 8450.
Memory consumption went from 351.9 MB to 349.3 MB.
Total: 18.527300 ms (FindLiveObjects: 0.753000 ms CreateObjectMapping: 1.783400 ms MarkObjects: 15.140100 ms  DeleteObjects: 0.847900 ms)

Prepare: number of updated asset objects reloaded= 0
EnvironmentDependencyValues requested are different than current active one (requested -> active):
  graphicsApiMask: 2099200 -> 2361344
========================================================================
Received Import Request.
  Time of request: 2026-08-11T10:00:22.2702676Z
  Time since last request: 601.72457980000001 seconds.
  importAddress: GUID: b0fbf568683c84f4b927b3e39032dfe7 - Path: Assets/TestCaseProject_2D/Prefabs/BossBulletPrefab.prefab - Importer: PreviewImporter
Importing 'GUID: b0fbf568683c84f4b927b3e39032dfe7 - Path: Assets/TestCaseProject_2D/Prefabs/BossBulletPrefab.prefab - Importer: PreviewImporter' with importer (PreviewImporter)
Imported 'GUID: b0fbf568683c84f4b927b3e39032dfe7' -> (Import Result ID: 'c511867e383419864baaab1b869ba51e') in 0.031 seconds [static and dynamic dependencies]. Details - ImportResultOutputID=c47b97e87e101cc82b2cb5b409b1210c DependenciesID=f370ab38d5841aa0d2d9db0bff851955 StaticDependenciesID=1e3c13b6b17f823099a7ea4f7f4cc5cb 
Number of updated asset objects reloaded before import = 0
Number of asset objects unloaded after import = 11
========================================================================
Received Prepare
AcceleratorClientConnectionCallback - disconnected - :0
[Licensing::Client] Successfully resolved entitlement details
[Licensing::Module] License group:
  Id: F4-MTMP-WUMR-DFHP-RKY3-XXXX
  Product: Unity Personal
  Type: ULF
  Expiration: Unlimited
[Licensing::Module] License group:
  Id: 18968384186909-UnityPersXXXX
  Product: Unity Personal
  Type: Assigned
  Expiration: Unlimited
[Licensing::Client] Successfully resolved entitlement details
[Licensing::Module] License group:
  Id: F4-MTMP-WUMR-DFHP-RKY3-XXXX
  Product: Unity Personal
  Type: ULF
  Expiration: Unlimited
[Licensing::Module] License group:
  Id: 18968384186909-UnityPersXXXX
  Product: Unity Personal
  Type: Assigned
  Expiration: Unlimited
Begin MonoManager ReloadAssembly
Refreshing native plugins compatible for Editor in 7.98 ms, found 5 plugins.
Native extension for Android target not found
Native extension for WindowsStandalone target not found
Native extension for WebGL target not found
[Package Manager] Failed to launch server process. Reason: Unity was launched with the -noUpm command-line argument
[Package Manager] Unable to send message (not connected to server process).
[Package Manager] Cannot connect to Unity Package Manager local server
[Package Manager] Failed to launch server process. Reason: Unity was launched with the -noUpm command-line argument
[Package Manager] Unable to send message (not connected to server process).
[Package Manager] Cannot connect to Unity Package Manager local server
ScheduleIndexationOnStartup MainProcess:False IndexOnStartup:True
Mono: successfully reloaded assembly
- Finished resetting the current domain, in  1.893 seconds
Domain Reload Profiling: 4136ms
	BeginReloadAssembly (625ms)
		DisableScriptedObjects (115ms)
		CreateAndSetChildDomain (129ms)
	RebuildCommonClasses (19ms)
	RebuildNativeTypeToScriptingClass (38ms)
	initialDomainReloadingComplete (164ms)
	LoadAllAssembliesAndSetupDomain (1394ms)
		LoadAssemblies (881ms)
		AnalyzeDomain (467ms)
			TypeCache.Refresh (19ms)
			BuildScriptInfoCaches (433ms)
			ResolveRequiredComponents (11ms)
	FinalizeReload (1895ms)
		SetupLoadedEditorAssemblies (0ms)
			InitializePlatformSupportModulesInManaged (35ms)
			BeforeProcessingInitializeOnLoad (215ms)
			ProcessInitializeOnLoadAttributes (719ms)
			ProcessInitializeOnLoadMethodAttributes (284ms)
			AfterProcessingInitializeOnLoad (20ms)
		AwakeInstancesAfterBackupRestoration (79ms)
Refreshing native plugins compatible for Editor in 8.10 ms, found 5 plugins.
Unloading 22 Unused Serialized files (Serialized files now loaded: 0)
Unloading 7403 unused Assets / (5.9 MB). Loaded Objects now: 8380.
Memory consumption went from 357.2 MB to 351.4 MB.
Total: 19.711900 ms (FindLiveObjects: 1.394300 ms CreateObjectMapping: 4.447200 ms MarkObjects: 8.539600 ms  DeleteObjects: 5.327000 ms)

Prepare: number of updated asset objects reloaded= 0
EnvironmentDependencyValues requested are different than current active one (requested -> active):
  graphicsApiMask: 2099200 -> 2361344
========================================================================
Received Import Request.
  Time of request: 2026-08-11T10:01:32.7927273Z
  Time since last request: 70.4659025 seconds.
  importAddress: GUID: 8624d975dbe1f1445a02b816626ab7b3 - Path: Assets/TestCaseProject_2D/Prefabs/Boss.prefab - Importer: PreviewImporter
Importing 'GUID: 8624d975dbe1f1445a02b816626ab7b3 - Path: Assets/TestCaseProject_2D/Prefabs/Boss.prefab - Importer: PreviewImporter' with importer (PreviewImporter)
Imported 'GUID: 8624d975dbe1f1445a02b816626ab7b3' -> (Import Result ID: '3b7afbfbd7c0f65901213fb794cdae63') in 0.694 seconds [static and dynamic dependencies]. Details - ImportResultOutputID=ed14581ef70981de7b5678c287e33fab DependenciesID=6311d0a53095d9d4252e87a065727bab StaticDependenciesID=bf99db87875b7ac295387e8736e9537f 
Number of updated asset objects reloaded before import = 0
Number of asset objects unloaded after import = 21
========================================================================
Received Prepare
AcceleratorClientConnectionCallback - disconnected - :0
Refreshing native plugins compatible for Editor in 8.84 ms, found 5 plugins.
Unloading 22 Unused Serialized files (Serialized files now loaded: 0)
Unloading 23 unused Assets / (2.6 MB). Loaded Objects now: 8472.
Memory consumption went from 355.6 MB to 353.0 MB.
Total: 16.053000 ms (FindLiveObjects: 0.780400 ms CreateObjectMapping: 1.822200 ms MarkObjects: 12.800300 ms  DeleteObjects: 0.647900 ms)

Prepare: number of updated asset objects reloaded= 0
EnvironmentDependencyValues requested are different than current active one (requested -> active):
  graphicsApiMask: 2099200 -> 2361344
========================================================================
Received Import Request.
  Time of request: 2026-08-11T10:03:55.2469502Z
  Time since last request: 141.73705200000001 seconds.
  importAddress: GUID: 8624d975dbe1f1445a02b816626ab7b3 - Path: Assets/TestCaseProject_2D/Prefabs/Boss.prefab - Importer: PreviewImporter
Importing 'GUID: 8624d975dbe1f1445a02b816626ab7b3 - Path: Assets/TestCaseProject_2D/Prefabs/Boss.prefab - Importer: PreviewImporter' with importer (PreviewImporter)
Imported 'GUID: 8624d975dbe1f1445a02b816626ab7b3' -> (Import Result ID: '793ede6a4be25ff48ffabe8c58970d9f') in 0.021 seconds [static and dynamic dependencies]. Details - ImportResultOutputID=ed14581ef70981de7b5678c287e33fab DependenciesID=2ec8a77b0407c36f1b91bbddc3ed859a StaticDependenciesID=c35d9ab09b197bf4bf5bd14851da2cc0 
Number of updated asset objects reloaded before import = 0
Number of asset objects unloaded after import = 21
========================================================================
Received Prepare
AcceleratorClientConnectionCallback - disconnected - :0
Refreshing native plugins compatible for Editor in 8.34 ms, found 5 plugins.
Unloading 22 Unused Serialized files (Serialized files now loaded: 0)
Unloading 23 unused Assets / (2.6 MB). Loaded Objects now: 8472.
Memory consumption went from 355.6 MB to 353.0 MB.
Total: 15.269500 ms (FindLiveObjects: 0.977900 ms CreateObjectMapping: 2.347500 ms MarkObjects: 11.269700 ms  DeleteObjects: 0.672500 ms)

Prepare: number of updated asset objects reloaded= 0
EnvironmentDependencyValues requested are different than current active one (requested -> active):
  graphicsApiMask: 2099200 -> 2361344
========================================================================
Received Import Request.
  Time of request: 2026-08-11T10:05:12.7160964Z
  Time since last request: 77.42699090000001 seconds.
  importAddress: GUID: 8624d975dbe1f1445a02b816626ab7b3 - Path: Assets/TestCaseProject_2D/Prefabs/Boss.prefab - Importer: PreviewImporter
Importing 'GUID: 8624d975dbe1f1445a02b816626ab7b3 - Path: Assets/TestCaseProject_2D/Prefabs/Boss.prefab - Importer: PreviewImporter' with importer (PreviewImporter)
Imported 'GUID: 8624d975dbe1f1445a02b816626ab7b3' -> (Import Result ID: '07dd5c53b85e6d29b8b30f369a01e7e0') in 0.021 seconds [static and dynamic dependencies]. Details - ImportResultOutputID=ed14581ef70981de7b5678c287e33fab DependenciesID=bcc1487e42f97d6d228990ba40973234 StaticDependenciesID=51ae20fbc5f08a5d3e3978525ddbd0a2 
Number of updated asset objects reloaded before import = 0
Number of asset objects unloaded after import = 21
========================================================================
Received Prepare
AcceleratorClientConnectionCallback - disconnected - :0
[Licensing::Client] Successfully resolved entitlement details
[Licensing::Module] License group:
  Id: F4-MTMP-WUMR-DFHP-RKY3-XXXX
  Product: Unity Personal
  Type: ULF
  Expiration: Unlimited
[Licensing::Module] License group:
  Id: 18968384186909-UnityPersXXXX
  Product: Unity Personal
  Type: Assigned
  Expiration: Unlimited
[Licensing::Client] Successfully resolved entitlement details
[Licensing::Module] License group:
  Id: F4-MTMP-WUMR-DFHP-RKY3-XXXX
  Product: Unity Personal
  Type: ULF
  Expiration: Unlimited
[Licensing::Module] License group:
  Id: 18968384186909-UnityPersXXXX
  Product: Unity Personal
  Type: Assigned
  Expiration: Unlimited
Begin MonoManager ReloadAssembly
Refreshing native plugins compatible for Editor in 7.09 ms, found 5 plugins.
Native extension for Android target not found
Native extension for WindowsStandalone target not found
Native extension for WebGL target not found
[Package Manager] Failed to launch server process. Reason: Unity was launched with the -noUpm command-line argument
[Package Manager] Unable to send message (not connected to server process).
[Package Manager] Cannot connect to Unity Package Manager local server
[Package Manager] Failed to launch server process. Reason: Unity was launched with the -noUpm command-line argument
[Package Manager] Unable to send message (not connected to server process).
[Package Manager] Cannot connect to Unity Package Manager local server
ScheduleIndexationOnStartup MainProcess:False IndexOnStartup:True
Mono: successfully reloaded assembly
- Finished resetting the current domain, in  1.817 seconds
Domain Reload Profiling: 4052ms
	BeginReloadAssembly (635ms)
		DisableScriptedObjects (142ms)
		CreateAndSetChildDomain (131ms)
	RebuildCommonClasses (17ms)
	RebuildNativeTypeToScriptingClass (38ms)
	initialDomainReloadingComplete (160ms)
	LoadAllAssembliesAndSetupDomain (1382ms)
		LoadAssemblies (807ms)
		AnalyzeDomain (516ms)
			TypeCache.Refresh (20ms)
			BuildScriptInfoCaches (483ms)
			ResolveRequiredComponents (10ms)
	FinalizeReload (1819ms)
		SetupLoadedEditorAssemblies (0ms)
			InitializePlatformSupportModulesInManaged (35ms)
			BeforeProcessingInitializeOnLoad (233ms)
			ProcessInitializeOnLoadAttributes (646ms)
			ProcessInitializeOnLoadMethodAttributes (288ms)
			AfterProcessingInitializeOnLoad (19ms)
		AwakeInstancesAfterBackupRestoration (74ms)
Refreshing native plugins compatible for Editor in 7.07 ms, found 5 plugins.
Unloading 22 Unused Serialized files (Serialized files now loaded: 0)
Unloading 7403 unused Assets / (5.8 MB). Loaded Objects now: 8402.
Memory consumption went from 361.8 MB to 356.0 MB.
Total: 23.837800 ms (FindLiveObjects: 1.299800 ms CreateObjectMapping: 5.166000 ms MarkObjects: 10.202200 ms  DeleteObjects: 7.167400 ms)

Prepare: number of updated asset objects reloaded= 0
EnvironmentDependencyValues requested are different than current active one (requested -> active):
  graphicsApiMask: 2099200 -> 2361344
========================================================================
Received Prepare
AcceleratorClientConnectionCallback - disconnected - :0
Refreshing native plugins compatible for Editor in 8.00 ms, found 5 plugins.
Unloading 22 Unused Serialized files (Serialized files now loaded: 0)
Unloading 23 unused Assets / (2.6 MB). Loaded Objects now: 8402.
Memory consumption went from 356.8 MB to 354.2 MB.
Total: 14.657200 ms (FindLiveObjects: 0.690400 ms CreateObjectMapping: 1.714500 ms MarkObjects: 11.529500 ms  DeleteObjects: 0.720900 ms)

Prepare: number of updated asset objects reloaded= 0
EnvironmentDependencyValues requested are different than current active one (requested -> active):
  graphicsApiMask: 2099200 -> 2361344
========================================================================
Received Import Request.
  Time of request: 2026-08-11T10:11:19.2965363Z
  Time since last request: 366.53439229999998 seconds.
  importAddress: GUID: 8624d975dbe1f1445a02b816626ab7b3 - Path: Assets/TestCaseProject_2D/Prefabs/Boss.prefab - Importer: PreviewImporter
Importing 'GUID: 8624d975dbe1f1445a02b816626ab7b3 - Path: Assets/TestCaseProject_2D/Prefabs/Boss.prefab - Importer: PreviewImporter' with importer (PreviewImporter)
Imported 'GUID: 8624d975dbe1f1445a02b816626ab7b3' -> (Import Result ID: 'b59178da3447533bb175c702542cc12b') in 0.703 seconds [static and dynamic dependencies]. Details - ImportResultOutputID=ed14581ef70981de7b5678c287e33fab DependenciesID=ba8e276bd984675b5a7ec52f04c54c27 StaticDependenciesID=9d28aaa3c8a94ef51f856384ebf5775c 
Number of updated asset objects reloaded before import = 0
Number of asset objects unloaded after import = 21
========================================================================
Received Prepare
AcceleratorClientConnectionCallback - disconnected - :0
Refreshing native plugins compatible for Editor in 6.47 ms, found 5 plugins.
Unloading 22 Unused Serialized files (Serialized files now loaded: 0)
Unloading 7387 unused Assets / (7.4 MB). Loaded Objects now: 8494.
Memory consumption went from 363.4 MB to 356.0 MB.
Total: 25.452300 ms (FindLiveObjects: 1.360800 ms CreateObjectMapping: 3.985100 ms MarkObjects: 13.414400 ms  DeleteObjects: 6.689800 ms)

Prepare: number of updated asset objects reloaded= 0
EnvironmentDependencyValues requested are different than current active one (requested -> active):
  graphicsApiMask: 2099200 -> 2361344
========================================================================
Received Prepare
AcceleratorClientConnectionCallback - disconnected - :0
[Licensing::Client] Successfully resolved entitlement details
[Licensing::Module] License group:
  Id: F4-MTMP-WUMR-DFHP-RKY3-XXXX
  Product: Unity Personal
  Type: ULF
  Expiration: Unlimited
[Licensing::Module] License group:
  Id: 18968384186909-UnityPersXXXX
  Product: Unity Personal
  Type: Assigned
  Expiration: Unlimited
[Licensing::Client] Successfully resolved entitlement details
[Licensing::Module] License group:
  Id: F4-MTMP-WUMR-DFHP-RKY3-XXXX
  Product: Unity Personal
  Type: ULF
  Expiration: Unlimited
[Licensing::Module] License group:
  Id: 18968384186909-UnityPersXXXX
  Product: Unity Personal
  Type: Assigned
  Expiration: Unlimited
Begin MonoManager ReloadAssembly
Refreshing native plugins compatible for Editor in 6.87 ms, found 5 plugins.
Native extension for Android target not found
Native extension for WindowsStandalone target not found
Native extension for WebGL target not found
[Package Manager] Failed to launch server process. Reason: Unity was launched with the -noUpm command-line argument
[Package Manager] Unable to send message (not connected to server process).
[Package Manager] Cannot connect to Unity Package Manager local server
[Package Manager] Failed to launch server process. Reason: Unity was launched with the -noUpm command-line argument
[Package Manager] Unable to send message (not connected to server process).
[Package Manager] Cannot connect to Unity Package Manager local server
ScheduleIndexationOnStartup MainProcess:False IndexOnStartup:True
Mono: successfully reloaded assembly
- Finished resetting the current domain, in  1.490 seconds
Domain Reload Profiling: 3637ms
	BeginReloadAssembly (622ms)
		DisableScriptedObjects (129ms)
		CreateAndSetChildDomain (137ms)
	RebuildCommonClasses (16ms)
	RebuildNativeTypeToScriptingClass (38ms)
	initialDomainReloadingComplete (157ms)
	LoadAllAssembliesAndSetupDomain (1312ms)
		LoadAssemblies (803ms)
		AnalyzeDomain (470ms)
			TypeCache.Refresh (23ms)
			BuildScriptInfoCaches (434ms)
			ResolveRequiredComponents (10ms)
	FinalizeReload (1492ms)
		SetupLoadedEditorAssemblies (0ms)
			InitializePlatformSupportModulesInManaged (29ms)
			BeforeProcessingInitializeOnLoad (171ms)
			ProcessInitializeOnLoadAttributes (530ms)
			ProcessInitializeOnLoadMethodAttributes (229ms)
			AfterProcessingInitializeOnLoad (16ms)
		AwakeInstancesAfterBackupRestoration (52ms)
Refreshing native plugins compatible for Editor in 5.50 ms, found 5 plugins.
Unloading 22 Unused Serialized files (Serialized files now loaded: 0)
Unloading 7403 unused Assets / (5.8 MB). Loaded Objects now: 8424.
Memory consumption went from 365.0 MB to 359.2 MB.
Total: 15.338900 ms (FindLiveObjects: 1.092500 ms CreateObjectMapping: 3.543800 ms MarkObjects: 6.888900 ms  DeleteObjects: 3.812200 ms)

Prepare: number of updated asset objects reloaded= 0
EnvironmentDependencyValues requested are different than current active one (requested -> active):
  graphicsApiMask: 2099200 -> 2361344
========================================================================
Received Prepare
AcceleratorClientConnectionCallback - disconnected - :0
Refreshing native plugins compatible for Editor in 7.03 ms, found 5 plugins.
Unloading 22 Unused Serialized files (Serialized files now loaded: 0)
Unloading 23 unused Assets / (2.6 MB). Loaded Objects now: 8424.
Memory consumption went from 360.0 MB to 357.4 MB.
Total: 12.932500 ms (FindLiveObjects: 0.703000 ms CreateObjectMapping: 1.440400 ms MarkObjects: 9.998700 ms  DeleteObjects: 0.788400 ms)

Prepare: number of updated asset objects reloaded= 0
EnvironmentDependencyValues requested are different than current active one (requested -> active):
  graphicsApiMask: 2099200 -> 2361344
========================================================================
Received Import Request.
  Time of request: 2026-08-11T10:17:36.8479932Z
  Time since last request: 376.82276630000001 seconds.
  importAddress: GUID: b0fbf568683c84f4b927b3e39032dfe7 - Path: Assets/TestCaseProject_2D/Prefabs/BossLazer.prefab - Importer: PreviewImporter
Importing 'GUID: b0fbf568683c84f4b927b3e39032dfe7 - Path: Assets/TestCaseProject_2D/Prefabs/BossLazer.prefab - Importer: PreviewImporter' with importer (PreviewImporter)
Imported 'GUID: b0fbf568683c84f4b927b3e39032dfe7' -> (Import Result ID: '5dab5bc7b52f1656cf4bf0864d3352d8') in 0.551 seconds [static and dynamic dependencies]. Details - ImportResultOutputID=69800bbebbdc57932277b48aeb27ee44 DependenciesID=95308ccd96199b5a5fde5f9805306e24 StaticDependenciesID=18cc05033c9b6458d471d431996ee7ee 
Number of updated asset objects reloaded before import = 0
Number of asset objects unloaded after import = 11
========================================================================
Received Prepare
AcceleratorClientConnectionCallback - disconnected - :0
Refreshing native plugins compatible for Editor in 9.35 ms, found 5 plugins.
Unloading 22 Unused Serialized files (Serialized files now loaded: 0)
Unloading 23 unused Assets / (2.6 MB). Loaded Objects now: 8516.
Memory consumption went from 361.5 MB to 358.9 MB.
Total: 16.569200 ms (FindLiveObjects: 0.933000 ms CreateObjectMapping: 1.504900 ms MarkObjects: 13.126200 ms  DeleteObjects: 1.002300 ms)

Prepare: number of updated asset objects reloaded= 0
EnvironmentDependencyValues requested are different than current active one (requested -> active):
  graphicsApiMask: 2099200 -> 2361344
========================================================================
Received Import Request.
  Time of request: 2026-08-11T10:21:36.6810669Z
  Time since last request: 239.26178580000001 seconds.
  importAddress: GUID: b0fbf568683c84f4b927b3e39032dfe7 - Path: Assets/TestCaseProject_2D/Prefabs/BossLazer.prefab - Importer: PreviewImporter
Importing 'GUID: b0fbf568683c84f4b927b3e39032dfe7 - Path: Assets/TestCaseProject_2D/Prefabs/BossLazer.prefab - Importer: PreviewImporter' with importer (PreviewImporter)
Imported 'GUID: b0fbf568683c84f4b927b3e39032dfe7' -> (Import Result ID: '483d3a6dc8a068f066d68b35fd7f1743') in 0.021 seconds [static and dynamic dependencies]. Details - ImportResultOutputID=69800bbebbdc57932277b48aeb27ee44 DependenciesID=8eb6f323ee5d41dd7c05553a36cc1a57 StaticDependenciesID=5d5b26e582b11a0dd8ea1b6f3e871df6 
Number of updated asset objects reloaded before import = 0
Number of asset objects unloaded after import = 10
========================================================================
Received Prepare
AcceleratorClientConnectionCallback - disconnected - :0
Refreshing native plugins compatible for Editor in 8.05 ms, found 5 plugins.
Unloading 22 Unused Serialized files (Serialized files now loaded: 0)
Unloading 23 unused Assets / (2.6 MB). Loaded Objects now: 8516.
Memory consumption went from 360.1 MB to 357.5 MB.
Total: 17.960000 ms (FindLiveObjects: 0.725600 ms CreateObjectMapping: 1.578800 ms MarkObjects: 14.702700 ms  DeleteObjects: 0.950700 ms)

Prepare: number of updated asset objects reloaded= 0
EnvironmentDependencyValues requested are different than current active one (requested -> active):
  graphicsApiMask: 2099200 -> 2361344
========================================================================
Received Import Request.
  Time of request: 2026-08-11T10:22:59.5867767Z
  Time since last request: 82.8617239 seconds.
  importAddress: GUID: b0fbf568683c84f4b927b3e39032dfe7 - Path: Assets/TestCaseProject_2D/Prefabs/BossLazer.prefab - Importer: PreviewImporter
Importing 'GUID: b0fbf568683c84f4b927b3e39032dfe7 - Path: Assets/TestCaseProject_2D/Prefabs/BossLazer.prefab - Importer: PreviewImporter' with importer (PreviewImporter)
Imported 'GUID: b0fbf568683c84f4b927b3e39032dfe7' -> (Import Result ID: 'f8d6ebf363b87db1f847a88b8d293fb5') in 0.020 seconds [static and dynamic dependencies]. Details - ImportResultOutputID=bc7d1da36e7e88b8a60715ef8c4b6c6b DependenciesID=934c12d457fb7cb6a67a13437fe7f4a0 StaticDependenciesID=2be8683cb6750d763665a3bb26444950 
Number of updated asset objects reloaded before import = 0
Number of asset objects unloaded after import = 10
========================================================================
Received Prepare
AcceleratorClientConnectionCallback - disconnected - :0
Refreshing native plugins compatible for Editor in 7.80 ms, found 5 plugins.
Unloading 22 Unused Serialized files (Serialized files now loaded: 0)
Unloading 23 unused Assets / (2.6 MB). Loaded Objects now: 8516.
Memory consumption went from 360.1 MB to 357.5 MB.
Total: 15.254200 ms (FindLiveObjects: 0.860900 ms CreateObjectMapping: 1.878400 ms MarkObjects: 11.706700 ms  DeleteObjects: 0.805900 ms)

Prepare: number of updated asset objects reloaded= 0
EnvironmentDependencyValues requested are different than current active one (requested -> active):
  graphicsApiMask: 2099200 -> 2361344
========================================================================
Received Prepare
AcceleratorClientConnectionCallback - disconnected - :0
[Licensing::Client] Successfully resolved entitlement details
[Licensing::Module] License group:
  Id: F4-MTMP-WUMR-DFHP-RKY3-XXXX
  Product: Unity Personal
  Type: ULF
  Expiration: Unlimited
[Licensing::Module] License group:
  Id: 18968384186909-UnityPersXXXX
  Product: Unity Personal
  Type: Assigned
  Expiration: Unlimited
[Licensing::Client] Successfully resolved entitlement details
[Licensing::Module] License group:
  Id: F4-MTMP-WUMR-DFHP-RKY3-XXXX
  Product: Unity Personal
  Type: ULF
  Expiration: Unlimited
[Licensing::Module] License group:
  Id: 18968384186909-UnityPersXXXX
  Product: Unity Personal
  Type: Assigned
  Expiration: Unlimited
Begin MonoManager ReloadAssembly
Refreshing native plugins compatible for Editor in 7.29 ms, found 5 plugins.
Native extension for Android target not found
Native extension for WindowsStandalone target not found
Native extension for WebGL target not found
[Package Manager] Failed to launch server process. Reason: Unity was launched with the -noUpm command-line argument
[Package Manager] Unable to send message (not connected to server process).
[Package Manager] Cannot connect to Unity Package Manager local server
[Package Manager] Failed to launch server process. Reason: Unity was launched with the -noUpm command-line argument
[Package Manager] Unable to send message (not connected to server process).
[Package Manager] Cannot connect to Unity Package Manager local server
ScheduleIndexationOnStartup MainProcess:False IndexOnStartup:True
Mono: successfully reloaded assembly
- Finished resetting the current domain, in  1.513 seconds
Domain Reload Profiling: 3595ms
	BeginReloadAssembly (659ms)
		DisableScriptedObjects (151ms)
		CreateAndSetChildDomain (155ms)
	RebuildCommonClasses (21ms)
	RebuildNativeTypeToScriptingClass (35ms)
	initialDomainReloadingComplete (155ms)
	LoadAllAssembliesAndSetupDomain (1209ms)
		LoadAssemblies (756ms)
		AnalyzeDomain (457ms)
			TypeCache.Refresh (20ms)
			BuildScriptInfoCaches (426ms)
			ResolveRequiredComponents (8ms)
	FinalizeReload (1515ms)
		SetupLoadedEditorAssemblies (0ms)
			InitializePlatformSupportModulesInManaged (34ms)
			BeforeProcessingInitializeOnLoad (188ms)
			ProcessInitializeOnLoadAttributes (543ms)
			ProcessInitializeOnLoadMethodAttributes (235ms)
			AfterProcessingInitializeOnLoad (22ms)
		AwakeInstancesAfterBackupRestoration (66ms)
Refreshing native plugins compatible for Editor in 5.45 ms, found 5 plugins.
Unloading 22 Unused Serialized files (Serialized files now loaded: 0)
Unloading 7403 unused Assets / (5.9 MB). Loaded Objects now: 8446.
Memory consumption went from 367.1 MB to 361.2 MB.
Total: 17.455000 ms (FindLiveObjects: 1.293100 ms CreateObjectMapping: 4.095700 ms MarkObjects: 7.679100 ms  DeleteObjects: 4.385900 ms)

Prepare: number of updated asset objects reloaded= 0
EnvironmentDependencyValues requested are different than current active one (requested -> active):
  graphicsApiMask: 2099200 -> 2361344
========================================================================
Received Prepare
AcceleratorClientConnectionCallback - disconnected - :0
[Licensing::Client] Successfully resolved entitlement details
[Licensing::Module] License group:
  Id: F4-MTMP-WUMR-DFHP-RKY3-XXXX
  Product: Unity Personal
  Type: ULF
  Expiration: Unlimited
[Licensing::Module] License group:
  Id: 18968384186909-UnityPersXXXX
  Product: Unity Personal
  Type: Assigned
  Expiration: Unlimited
[Licensing::Client] Successfully resolved entitlement details
[Licensing::Module] License group:
  Id: F4-MTMP-WUMR-DFHP-RKY3-XXXX
  Product: Unity Personal
  Type: ULF
  Expiration: Unlimited
[Licensing::Module] License group:
  Id: 18968384186909-UnityPersXXXX
  Product: Unity Personal
  Type: Assigned
  Expiration: Unlimited
Begin MonoManager ReloadAssembly
Refreshing native plugins compatible for Editor in 5.80 ms, found 5 plugins.
Native extension for Android target not found
Native extension for WindowsStandalone target not found
Native extension for WebGL target not found
[Package Manager] Failed to launch server process. Reason: Unity was launched with the -noUpm command-line argument
[Package Manager] Unable to send message (not connected to server process).
[Package Manager] Cannot connect to Unity Package Manager local server
[Package Manager] Failed to launch server process. Reason: Unity was launched with the -noUpm command-line argument
[Package Manager] Unable to send message (not connected to server process).
[Package Manager] Cannot connect to Unity Package Manager local server
ScheduleIndexationOnStartup MainProcess:False IndexOnStartup:True
Mono: successfully reloaded assembly
- Finished resetting the current domain, in  1.377 seconds
Domain Reload Profiling: 3583ms
	BeginReloadAssembly (630ms)
		DisableScriptedObjects (140ms)
		CreateAndSetChildDomain (124ms)
	RebuildCommonClasses (22ms)
	RebuildNativeTypeToScriptingClass (39ms)
	initialDomainReloadingComplete (172ms)
	LoadAllAssembliesAndSetupDomain (1342ms)
		LoadAssemblies (820ms)
		AnalyzeDomain (491ms)
			TypeCache.Refresh (21ms)
			BuildScriptInfoCaches (454ms)
			ResolveRequiredComponents (12ms)
	FinalizeReload (1378ms)
		SetupLoadedEditorAssemblies (0ms)
			InitializePlatformSupportModulesInManaged (27ms)
			BeforeProcessingInitializeOnLoad (162ms)
			ProcessInitializeOnLoadAttributes (495ms)
			ProcessInitializeOnLoadMethodAttributes (208ms)
			AfterProcessingInitializeOnLoad (14ms)
		AwakeInstancesAfterBackupRestoration (64ms)
Refreshing native plugins compatible for Editor in 8.09 ms, found 5 plugins.
Unloading 22 Unused Serialized files (Serialized files now loaded: 0)
Unloading 7403 unused Assets / (5.9 MB). Loaded Objects now: 8449.
Memory consumption went from 367.5 MB to 361.6 MB.
Total: 19.150300 ms (FindLiveObjects: 1.370400 ms CreateObjectMapping: 4.524700 ms MarkObjects: 8.622800 ms  DeleteObjects: 4.630600 ms)

Prepare: number of updated asset objects reloaded= 0
EnvironmentDependencyValues requested are different than current active one (requested -> active):
  graphicsApiMask: 2099200 -> 2361344
========================================================================
Received Prepare
AcceleratorClientConnectionCallback - disconnected - :0
Refreshing native plugins compatible for Editor in 7.17 ms, found 5 plugins.
Unloading 22 Unused Serialized files (Serialized files now loaded: 0)
Unloading 23 unused Assets / (2.6 MB). Loaded Objects now: 8449.
Memory consumption went from 362.7 MB to 360.1 MB.
Total: 14.111400 ms (FindLiveObjects: 0.896100 ms CreateObjectMapping: 1.781800 ms MarkObjects: 10.810700 ms  DeleteObjects: 0.620700 ms)

Prepare: number of updated asset objects reloaded= 0
EnvironmentDependencyValues requested are different than current active one (requested -> active):
  graphicsApiMask: 2099200 -> 2361344
========================================================================
Received Import Request.
  Time of request: 2026-08-11T10:45:37.5353597Z
  Time since last request: 1357.90469419999999 seconds.
  importAddress: GUID: 77ff6a4dab73be340871e0020e808f3c - Path: Assets/TestCaseProject_2D/Scripts/PlayerController.cs - Importer: ScriptedImporter/UnityEditor.QuickSearchModule:UnityEditor.Search:ASIAI0B
Importing 'GUID: 77ff6a4dab73be340871e0020e808f3c - Path: Assets/TestCaseProject_2D/Scripts/PlayerController.cs - Importer: ScriptedImporter/UnityEditor.QuickSearchModule:UnityEditor.Search:ASIAI0B' with importer (ScriptedImporter : UnityEditor.QuickSearchModule:UnityEditor.Search:ASIAI0B)
Imported 'GUID: 77ff6a4dab73be340871e0020e808f3c' -> (Import Result ID: 'e25857e848e396b9b58e315688a1edc4') in 0.227 seconds [static and dynamic dependencies]. Details - ImportResultOutputID=7ad92d631b0bc3677710cdb8e0cd2593 DependenciesID=669cda2b5458f5f436bffe81bb46ad06 StaticDependenciesID=a399cc5631dddcb9a11873b428712ead 
Number of updated asset objects reloaded before import = 0
Number of asset objects unloaded after import = 0
========================================================================
Received Import Request.
  Time of request: 2026-08-11T10:45:37.7946486Z
  Time since last request: 0.0062817 seconds.
  importAddress: GUID: b0fbf568683c84f4b927b3e39032dfe7 - Path: Assets/TestCaseProject_2D/Prefabs/BossLazer.prefab - Importer: ScriptedImporter/UnityEditor.QuickSearchModule:UnityEditor.Search:ASIAI0B
Importing 'GUID: b0fbf568683c84f4b927b3e39032dfe7 - Path: Assets/TestCaseProject_2D/Prefabs/BossLazer.prefab - Importer: ScriptedImporter/UnityEditor.QuickSearchModule:UnityEditor.Search:ASIAI0B' with importer (ScriptedImporter : UnityEditor.QuickSearchModule:UnityEditor.Search:ASIAI0B)
Imported 'GUID: b0fbf568683c84f4b927b3e39032dfe7' -> (Import Result ID: '6aae0246e797529543a1bdc6be6fdf63') in 0.174 seconds [static and dynamic dependencies]. Details - ImportResultOutputID=61d6bb752f3c6e2062ca616a01173302 DependenciesID=434c58f8ff0c0ef38de06e4aa6daaab5 StaticDependenciesID=79e9bd10f77ee84954000c825216a3fd 
Number of updated asset objects reloaded before import = 0
Number of asset objects unloaded after import = 10
========================================================================
Received Import Request.
  Time of request: 2026-08-11T10:45:38.0119857Z
  Time since last request: 0.0063304 seconds.
  importAddress: GUID: 340a0bad631fe5c46a80ba45df455e99 - Path: Assets/TestCaseProject_2D/Scripts/BossController.cs - Importer: ScriptedImporter/UnityEditor.QuickSearchModule:UnityEditor.Search:ASIAI0B
Importing 'GUID: 340a0bad631fe5c46a80ba45df455e99 - Path: Assets/TestCaseProject_2D/Scripts/BossController.cs - Importer: ScriptedImporter/UnityEditor.QuickSearchModule:UnityEditor.Search:ASIAI0B' with importer (ScriptedImporter : UnityEditor.QuickSearchModule:UnityEditor.Search:ASIAI0B)
Imported 'GUID: 340a0bad631fe5c46a80ba45df455e99' -> (Import Result ID: '75fd6a6b303e19791e54bd0018096a0d') in 0.021 seconds [static and dynamic dependencies]. Details - ImportResultOutputID=0483409c906b8a25d2e0a96703435ab5 DependenciesID=69f47e88cce229131d4210ebb996ad14 StaticDependenciesID=26ae80d3e7a6200535c9e2e9341d2631 
Number of updated asset objects reloaded before import = 0
Number of asset objects unloaded after import = 0
========================================================================
Received Import Request.
  Time of request: 2026-08-11T10:45:38.0837309Z
  Time since last request: 0.0054072 seconds.
  importAddress: GUID: 681b5279102b41e4d9332e6daacc120f - Path: Assets/TestCaseProject_2D/Scripts/BossBullet.cs - Importer: ScriptedImporter/UnityEditor.QuickSearchModule:UnityEditor.Search:ASIAI0B
Importing 'GUID: 681b5279102b41e4d9332e6daacc120f - Path: Assets/TestCaseProject_2D/Scripts/BossBullet.cs - Importer: ScriptedImporter/UnityEditor.QuickSearchModule:UnityEditor.Search:ASIAI0B' with importer (ScriptedImporter : UnityEditor.QuickSearchModule:UnityEditor.Search:ASIAI0B)
Imported 'GUID: 681b5279102b41e4d9332e6daacc120f' -> (Import Result ID: '3fdcd7103e99d1273f549d8d0ee80f9d') in 0.018 seconds [static and dynamic dependencies]. Details - ImportResultOutputID=e6647ac8a60778e6cb6a22ae98ece6bb DependenciesID=a341a981c54ec5d1170bb59a03f2c20f StaticDependenciesID=53e8f79626e1f54e3b8c83c69e045174 
Number of updated asset objects reloaded before import = 0
Number of asset objects unloaded after import = 0
========================================================================
Received Prepare
AcceleratorClientConnectionCallback - disconnected - :0
Refreshing native plugins compatible for Editor in 6.94 ms, found 5 plugins.
Unloading 22 Unused Serialized files (Serialized files now loaded: 0)
Unloading 7388 unused Assets / (6.1 MB). Loaded Objects now: 8450.
Memory consumption went from 366.7 MB to 360.6 MB.
Total: 25.581500 ms (FindLiveObjects: 1.390300 ms CreateObjectMapping: 4.575800 ms MarkObjects: 13.594500 ms  DeleteObjects: 6.019100 ms)

Prepare: number of updated asset objects reloaded= 0
EnvironmentDependencyValues requested are different than current active one (requested -> active):
  graphicsApiMask: 2099200 -> 2361344
Editor requested this worker to shutdown with reason: Scaling down because of idle timeout
AcceleratorClientConnectionCallback - disconnected - :0
AssetImportWorker is now disconnected from the server
Process exiting
Exiting without the bug reporter. Application will terminate with return code 0