[Licensing::Module] Trying to connect to existing licensing client channel...
Built from '6000.5/staging' branch; Version is '6000.5.6f1 (0e0577a1a2ac) revision 918903'; Using compiler version '194234433'; Build Type 'Release'
[Licensing::IpcConnector] Successfully connected to: "LicenseClient-yunus" at "2026-08-11T11:46:05.5699911Z"
OS: 'Windows 11  (10.0.26200) CoreSingleLanguage' Language: 'tr' Physical Memory: 16159 MB
BatchMode: 1, IsHumanControllingUs: 0, StartBugReporterOnCrash: 0, Is64bit: 1
System  architecture: x64
Process architecture: x64
Date: 2026-08-11T11:46:05Z

COMMAND LINE ARGUMENTS:
C:\Program Files\Unity\Hub\Editor\6000.5.6f1\Editor\Unity.exe
-adb2
-batchMode
-noUpm
-name
AssetImportWorkerHW7
-projectPath
C:/Users/yunus/OneDrive/Desktop/Unity_Projeler/TestCasePROJECT_2D
-logFile
Logs/AssetImportWorkerHW7.log
-srvPort
49717
-parentPid
27244
-analyticsCloudUserId
18968384186909
-analyticsCloudProjectId
d92f9afb-1f10-4337-9607-bf242538841c
-analyticsLocalProjectId
0b0e13ee869db2340a690cc5e876353c
-editorAnalyticsEnabled
1
-cbmEditorLicense
9f68bb17b1f5ac1c44ea72d313f9daebd27bb73f
-cbmMachineId
dG88/b0MD9H3/o5tNW186CRXve8=
-noDiagnosticSwitchPersistentStore
-job-worker-count
5
-background-job-worker-count
8
-asset-garbage-collectors
1
-force-d3d12
-name
AssetImport
Successfully changed project path to: C:/Users/yunus/OneDrive/Desktop/Unity_Projeler/TestCasePROJECT_2D
C:/Users/yunus/OneDrive/Desktop/Unity_Projeler/TestCasePROJECT_2D
[UnityMemory] Configuration Parameters - Can be set up in boot.config
    "memorysetup-temp-allocator-size-gi-baking-worker=262144"
    "memorysetup-temp-allocator-size-gi-baking-worker=262144"
    "memorysetup-temp-allocator-size-gi-baking-worker=262144"
    "memorysetup-temp-allocator-size-gi-baking-worker=262144"
    "memorysetup-temp-allocator-size-gi-baking-worker=262144"
    "memorysetup-temp-allocator-size-nav-mesh-worker=65536"
    "memorysetup-temp-allocator-size-audio-worker=65536"
    "memorysetup-temp-allocator-size-cloud-worker=32768"
    "memorysetup-temp-allocator-size-gfx=262144"
    "memorysetup-temp-allocator-size-preload-manager=33554432"
    "memorysetup-allocator-temp-initial-block-size-main=262144"
    "memorysetup-allocator-temp-initial-block-size-worker=262144"
    "memorysetup-temp-allocator-size-job-worker=262144"
    "memorysetup-temp-allocator-size-background-worker=32768"
    "memorysetup-bucket-allocator-granularity=16"
    "memorysetup-bucket-allocator-bucket-count=8"
    "memorysetup-bucket-allocator-block-size=33554432"
    "memorysetup-bucket-allocator-block-count=8"
    "memorysetup-main-allocator-block-size=16777216"
    "memorysetup-thread-allocator-block-size=16777216"
    "memorysetup-main-allocator-mimalloc-enabled=0"
    "memorysetup-gfx-main-allocator-block-size=16777216"
    "memorysetup-gfx-thread-allocator-block-size=16777216"
    "memorysetup-cache-allocator-block-size=4194304"
    "memorysetup-typetree-allocator-block-size=2097152"
    "memorysetup-profiler-bucket-allocator-granularity=16"
    "memorysetup-profiler-bucket-allocator-bucket-count=8"
    "memorysetup-profiler-bucket-allocator-block-size=33554432"
    "memorysetup-profiler-bucket-allocator-block-count=8"
    "memorysetup-profiler-allocator-block-size=16777216"
    "memorysetup-profiler-editor-allocator-block-size=1048576"
    "memorysetup-temp-allocator-size-main=16777216"
    "memorysetup-job-temp-allocator-block-size=2097152"
    "memorysetup-job-temp-allocator-block-size-background=1048576"
    "memorysetup-job-temp-allocator-reduction-small-platforms=262144"
Player connection [36660]  Target information:

Player connection [36660]  * "[IP] 172.16.0.2 [Port] 0 [Flags] 2 [Guid] 3897613245 [EditorId] 3897613245 [Version] 1048832 [Id] WindowsEditor(7,YunusEmre) [Debug] 1 [PackageName] WindowsEditor [ProjectName] Editor" 

Player connection [36660]  * "[IP] 192.168.2.127 [Port] 0 [Flags] 2 [Guid] 3897613245 [EditorId] 3897613245 [Version] 1048832 [Id] WindowsEditor(7,YunusEmre) [Debug] 1 [PackageName] WindowsEditor [ProjectName] Editor" 

Player connection [36660] Host joined multi-casting on [225.0.0.222:54997]...
Player connection [36660] Host joined alternative multi-casting on [225.0.0.222:34997]...
JobSystem: Creating JobQueue using job-worker-count value 5
Input System module state changed to: Initialized.
[Physics::Module] Initialized fallback backend.
[Physics::Module] Id: 0xdecafbad
Library Redirect Path: Library/
[Physics::Module] Selected backend.
[Physics::Module] Name: PhysX
[Physics::Module] Id: 0xf2b8ea05
[Physics::Module] SDK Version: 4.1.2
[Physics::Module] Integration Version: 1.0.0
[Physics::Module] Threading Mode: Multi-Threaded
Active build profile path: `Assets/Settings/Build Profiles/Android™.asset`
Got setting from build profile YAML, name `m_BuildSubtarget`, value `0`
[Licensing::Module] Licensing is not yet initialized.
[Licensing::Client] Error: HandshakeResponse reported an error:
	ResponseCode: 505
	ResponseStatus: Unsupported protocol version '1.18.1'.
[Licensing::Module] Error: Failed to handshake to channel: "LicenseClient-yunus"
[Licensing::IpcConnector] LicenseClient-yunus channel disconnected successfully.
[Licensing::IpcConnector] Successfully connected to: "LicenseClient-yunus-6000.5.6" at "2026-08-11T11:46:11.1337367Z"
[Licensing::Client] Code 10 while verifying Licensing Client signature (process Id: 27944, path: "C:/Program Files/Unity/Hub/Editor/6000.5.6f1/Editor/Data/Resources/Licensing/Client/Unity.Licensing.Client.exe")
[Licensing::Module] LicensingClient has failed validation; ignoring
[Licensing::Client] Handshaking with LicensingClient:
  Version:                 1.18.1+9fbee8e
  Session Id:              129f1bc1a90a473986a6513a05916382
  Correlation Id:          3c7c09899873c8fe916880216a641bf9
  External correlation Id: 1872572315472481707
  Machine Id:              dG88/b0MD9H3/o5tNW186CRXve8=
[Licensing::Module] Successfully connected to LicensingClient on channel: "LicenseClient-yunus-6000.5.6" (connect: 0.00s, validation: 0.00s, handshake: 0.09s)
[Licensing::IpcConnector] Successfully connected to: "LicenseClient-yunus-6000.5.6-notifications" at "2026-08-11T11:46:11.2285549Z"
[Licensing::Module] Licensing Background thread has ended after 5.66s
[Licensing::Module] Licensing is initialized (took 4.90s).
[Licensing::Client] Successfully resolved entitlement details
[Licensing::Module] License group:
  Id: F4-MTMP-WUMR-DFHP-RKY3-XXXX
  Product: Unity Personal
  Type: ULF
  Expiration: Unlimited
[Licensing::Module] License group:
  Id: 18968384186909-UnityPersXXXX
  Product: Unity Personal
  Type: Assigned
  Expiration: Unlimited
Got setting from build profile YAML, name `m_BuildTarget`, value `13`
Got setting from build profile YAML, name `m_Subtarget`, value `0`
Refreshing native plugins compatible for Editor in 515.29 ms, found 5 plugins.
Initialize engine version: 6000.5.6f1 (0e0577a1a2ac)
[Subsystems] Discovering subsystems at path C:/Program Files/Unity/Hub/Editor/6000.5.6f1/Editor/Data/Resources/UnitySubsystems
[Subsystems] Discovering subsystems at path C:/Users/yunus/OneDrive/Desktop/Unity_Projeler/TestCasePROJECT_2D/Assets
Forcing GfxDevice: Direct3D 12
GfxDevice: creating device client; kGfxThreadingModeNonThreaded
d3d12: failed to query info queue interface (0x80004002).
Direct3D:
    Version:         Direct3D 12 [level 12.1]
    Renderer:        NVIDIA GeForce GTX 1650 (ID=0x1f9d)
    Vendor:          NVIDIA
    VRAM:            3935 MB
    App VRAM Budget: 3344 MB
    Driver:          32.0.16.1074
Got setting from build profile YAML, name `m_BuildSubtarget`, value `0`
Got setting from build profile YAML, name `m_BuildSubtarget`, value `0`
Got setting from build profile YAML, name `m_BuildSubtarget`, value `0`
Initialize mono
Mono path[0] = 'C:/Program Files/Unity/Hub/Editor/6000.5.6f1/Editor/Data/Managed'
Mono path[1] = 'C:/Program Files/Unity/Hub/Editor/6000.5.6f1/Editor/Data/BCLExtensions/runtime/netstandard2.1'
Mono path[2] = 'C:/Program Files/Unity/Hub/Editor/6000.5.6f1/Editor/Data/MonoBleedingEdge/lib/mono/unityjit-win32'
Mono config path = 'C:/Program Files/Unity/Hub/Editor/6000.5.6f1/Editor/Data/MonoBleedingEdge/etc'
Using monoOptions --debugger-agent=transport=dt_socket,embedding=1,server=y,suspend=n,address=127.0.0.1:56396
CodeReloadManager initialized
Got setting from build profile YAML, name `m_BuildSubtarget`, value `0`
Got setting from build profile YAML, name `m_BuildSubtarget`, value `0`
Begin MonoManager ReloadAssembly
Registering precompiled unity dll's ...
Register platform support module: C:/Program Files/Unity/Hub/Editor/6000.5.6f1/Editor/Data/PlaybackEngines/WebGLSupport/UnityEditor.WebGL.Extensions.dll
Register platform support module: C:/Program Files/Unity/Hub/Editor/6000.5.6f1/Editor/Data/PlaybackEngines/WindowsStandaloneSupport/UnityEditor.WindowsStandalone.Extensions.dll
Register platform support module: C:/Program Files/Unity/Hub/Editor/6000.5.6f1/Editor/Data/PlaybackEngines/AndroidPlayer/UnityEditor.Android.Extensions.dll
Registered in 0.007417 seconds.
Got setting from build profile YAML, name `m_BuildSubtarget`, value `0`
Got setting from build profile YAML, name `m_BuildSubtarget`, value `0`
Got setting from build profile YAML, name `m_BuildSubtarget`, value `0`
Got setting from build profile YAML, name `m_BuildSubtarget`, value `0`
Native extension for Android target not found
Native extension for WindowsStandalone target not found
Native extension for WebGL target not found
Package Manager log level set to [2]
[Package Manager] Failed to launch server process. Reason: Unity was launched with the -noUpm command-line argument
[Package Manager] Unable to send message (not connected to server process).
[Package Manager] Cannot connect to Unity Package Manager local server
ScheduleIndexationOnStartup MainProcess:False IndexOnStartup:True
Mono: successfully reloaded assembly
- Finished resetting the current domain, in  1.131 seconds
Domain Reload Profiling: 4719ms
	BeginReloadAssembly (298ms)
	RebuildCommonClasses (12ms)
	RebuildNativeTypeToScriptingClass (341ms)
	initialDomainReloadingComplete (168ms)
	LoadAllAssembliesAndSetupDomain (2763ms)
		LoadAssemblies (287ms)
		AnalyzeDomain (2588ms)
			TypeCache.Refresh (2585ms)
				TypeCache.ScanAssembly (1900ms)
	FinalizeReload (1138ms)
		SetupLoadedEditorAssemblies (0ms)
			InitializePlatformSupportModulesInManaged (142ms)
			BeforeProcessingInitializeOnLoad (241ms)
			ProcessInitializeOnLoadAttributes (277ms)
			ProcessInitializeOnLoadMethodAttributes (294ms)
Got setting from build profile YAML, name `m_BuildSubtarget`, value `0`
Got setting from build profile YAML, name `m_BuildSubtarget`, value `0`
Initializing Unity extensions:
[Licensing::Client] Successfully resolved entitlement details
[Licensing::Module] License group:
  Id: F4-MTMP-WUMR-DFHP-RKY3-XXXX
  Product: Unity Personal
  Type: ULF
  Expiration: Unlimited
[Licensing::Module] License group:
  Id: 18968384186909-UnityPersXXXX
  Product: Unity Personal
  Type: Assigned
  Expiration: Unlimited
Got setting from build profile YAML, name `m_BuildSubtarget`, value `0`
Got setting from build profile YAML, name `m_BuildSubtarget`, value `0`
========================================================================
Worker process is ready to serve import requests
Import Worker Mode flag is 0x00
Got setting from build profile YAML, name `m_BuildSubtarget`, value `0`
Got setting from build profile YAML, name `m_BuildSubtarget`, value `0`
Got setting from build profile YAML, name `m_BuildSubtarget`, value `0`
Got setting from build profile YAML, name `m_BuildSubtarget`, value `0`
Got setting from build profile YAML, name `m_Development`, value `0`
Got setting from build profile YAML, name `m_BuildSubtarget`, value `0`
Got setting from build profile YAML, name `m_BuildSubtarget`, value `0`
Got setting from build profile YAML, name `m_BuildSubtarget`, value `0`
Begin MonoManager ReloadAssembly
Refreshing native plugins compatible for Editor in 7.67 ms, found 5 plugins.
Native extension for Android target not found
Native extension for WindowsStandalone target not found
Native extension for WebGL target not found
[Package Manager] Failed to launch server process. Reason: Unity was launched with the -noUpm command-line argument
[Package Manager] Unable to send message (not connected to server process).
[Package Manager] Cannot connect to Unity Package Manager local server
Refreshing native plugins compatible for Editor in 7.23 ms, found 5 plugins.
[Package Manager] Failed to launch server process. Reason: Unity was launched with the -noUpm command-line argument
[Package Manager] Unable to send message (not connected to server process).
[Package Manager] Cannot connect to Unity Package Manager local server
ScheduleIndexationOnStartup MainProcess:False IndexOnStartup:True
Mono: successfully reloaded assembly
- Finished resetting the current domain, in  3.618 seconds
Domain Reload Profiling: 6639ms
	BeginReloadAssembly (573ms)
		DisableScriptedObjects (93ms)
		CreateAndSetChildDomain (93ms)
	RebuildCommonClasses (19ms)
	RebuildNativeTypeToScriptingClass (41ms)
	initialDomainReloadingComplete (179ms)
	LoadAllAssembliesAndSetupDomain (2207ms)
		LoadAssemblies (1037ms)
		AnalyzeDomain (1115ms)
			TypeCache.Refresh (846ms)
				TypeCache.ScanAssembly (799ms)
			BuildScriptInfoCaches (246ms)
			ResolveRequiredComponents (17ms)
	FinalizeReload (3620ms)
		SetupLoadedEditorAssemblies (0ms)
			InitializePlatformSupportModulesInManaged (35ms)
			BeforeProcessingInitializeOnLoad (200ms)
			ProcessInitializeOnLoadAttributes (688ms)
			ProcessInitializeOnLoadMethodAttributes (1539ms)
			AfterProcessingInitializeOnLoad (20ms)
		AwakeInstancesAfterBackupRestoration (28ms)
AcceleratorClientConnectionCallback - disconnected - :0
Launched and connected shader compiler UnityShaderCompiler.exe after 0.07 seconds
Refreshing native plugins compatible for Editor in 7.49 ms, found 5 plugins.
Unloading 22 Unused Serialized files (Serialized files now loaded: 0)
Curl error 3: URL rejected: Malformed input to a URL function
Unloading 7406 unused Assets / (6.9 MB). Loaded Objects now: 8321.
Memory consumption went from 354.4 MB to 347.5 MB.
Total: 23.880800 ms (FindLiveObjects: 1.340800 ms CreateObjectMapping: 5.030600 ms MarkObjects: 11.236800 ms  DeleteObjects: 6.268600 ms)

========================================================================
Received Prepare
AcceleratorClientConnectionCallback - disconnected - :0
Refreshing native plugins compatible for Editor in 8.25 ms, found 5 plugins.
Unloading 22 Unused Serialized files (Serialized files now loaded: 0)
Unloading 22 unused Assets / (2.6 MB). Loaded Objects now: 8321.
Memory consumption went from 346.3 MB to 343.7 MB.
Total: 16.122500 ms (FindLiveObjects: 0.681400 ms CreateObjectMapping: 1.738100 ms MarkObjects: 13.018600 ms  DeleteObjects: 0.682700 ms)

Prepare: number of updated asset objects reloaded= 0
EnvironmentDependencyValues requested are different than current active one (requested -> active):
  graphicsApiMask: 2099200 -> 2361344
========================================================================
Received Import Request.
  Time of request: 2026-08-11T11:46:48.3421311Z
  Time since last request: 511883.56395889999112 seconds.
  importAddress: GUID: a168ba7a3b09a444491766c21dc90180 - Path: Assets/TestCaseProject_2D/Prefabs/Block.prefab - Importer: PreviewImporter
Importing 'GUID: a168ba7a3b09a444491766c21dc90180 - Path: Assets/TestCaseProject_2D/Prefabs/Block.prefab - Importer: PreviewImporter' with importer (PreviewImporter)
Imported 'GUID: a168ba7a3b09a444491766c21dc90180' -> (Import Result ID: '628d3ac9ca8defe7abe3e0a90bb7683f') in 0.666 seconds [static and dynamic dependencies]. Details - ImportResultOutputID=90e6bf8c271d9a3463c4ee0d358c11be DependenciesID=fe5d0ac5c37a86a3e6dd4f86f8b3ccf4 StaticDependenciesID=189e47d1062227d34d8a5b3955600b0b 
Number of updated asset objects reloaded before import = 0
Number of asset objects unloaded after import = 29
========================================================================
Received Prepare
AcceleratorClientConnectionCallback - disconnected - :0
Refreshing native plugins compatible for Editor in 7.18 ms, found 5 plugins.
Unloading 22 Unused Serialized files (Serialized files now loaded: 0)
Unloading 25 unused Assets / (2.6 MB). Loaded Objects now: 8427.
Memory consumption went from 357.7 MB to 355.1 MB.
Total: 21.486100 ms (FindLiveObjects: 2.882900 ms CreateObjectMapping: 2.434900 ms MarkObjects: 15.154300 ms  DeleteObjects: 1.012000 ms)

Prepare: number of updated asset objects reloaded= 0
EnvironmentDependencyValues requested are different than current active one (requested -> active):
  graphicsApiMask: 2099200 -> 2361344
========================================================================
Received Import Request.
  Time of request: 2026-08-11T11:47:24.4141185Z
  Time since last request: 35.3773141 seconds.
  importAddress: GUID: 127279d577f25ac4ea17dae3782e5074 - Path: Packages/com.unity.render-pipelines.core/Runtime/Debugging/White1px.png - Importer: PreviewImporter
Importing 'GUID: 127279d577f25ac4ea17dae3782e5074 - Path: Packages/com.unity.render-pipelines.core/Runtime/Debugging/White1px.png - Importer: PreviewImporter' with importer (PreviewImporter)
[Licensing::Client] Successfully resolved entitlement details
[Licensing::Module] License group:
  Id: F4-MTMP-WUMR-DFHP-RKY3-XXXX
  Product: Unity Personal
  Type: ULF
  Expiration: Unlimited
[Licensing::Module] License group:
  Id: 18968384186909-UnityPersXXXX
  Product: Unity Personal
  Type: Assigned
  Expiration: Unlimited
Imported 'GUID: 127279d577f25ac4ea17dae3782e5074' -> (Import Result ID: '35eaac61e0d56118ad6d5d442edd5179') in 0.064 seconds [static and dynamic dependencies]. Details - ImportResultOutputID=d7c29b190a62ee6b27d076ddf780dead DependenciesID=241c23362a450f6a2ab9d0e3df2fdd06 StaticDependenciesID=38db421390fa2ed890e1380b354bb976 
Number of updated asset objects reloaded before import = 0
Number of asset objects unloaded after import = 3
========================================================================
Received Import Request.
  Time of request: 2026-08-11T11:47:24.5440963Z
  Time since last request: 0.0437638 seconds.
  importAddress: GUID: 4e494ad3b858ecf4fab63aae9075d43d - Path: Packages/com.unity.2d.animation/Editor/Assets/EditorIcons/Light/Weight_Slider@4x.png - Importer: PreviewImporter
Importing 'GUID: 4e494ad3b858ecf4fab63aae9075d43d - Path: Packages/com.unity.2d.animation/Editor/Assets/EditorIcons/Light/Weight_Slider@4x.png - Importer: PreviewImporter' with importer (PreviewImporter)
Imported 'GUID: 4e494ad3b858ecf4fab63aae9075d43d' -> (Import Result ID: 'a1260cada8b5b1ae36f8fe05a961316f') in 0.015 seconds [static and dynamic dependencies]. Details - ImportResultOutputID=f2a51b6aad9e473b4b5fcf446d8b22c5 DependenciesID=541fcfaf7ef980485392f71d2ae521ba StaticDependenciesID=7113246de24fc55afa50395a60e89261 
Number of updated asset objects reloaded before import = 0
Number of asset objects unloaded after import = 3
========================================================================
Received Import Request.
  Time of request: 2026-08-11T11:47:28.9652731Z
  Time since last request: 4.3747629 seconds.
  importAddress: GUID: ec8214d7d416a8746bb342b71e8e4269 - Path: Packages/com.unity.2d.animation/Editor/Assets/EditorIcons/Light/Weight_Slider@3x.png - Importer: PreviewImporter
Importing 'GUID: ec8214d7d416a8746bb342b71e8e4269 - Path: Packages/com.unity.2d.animation/Editor/Assets/EditorIcons/Light/Weight_Slider@3x.png - Importer: PreviewImporter' with importer (PreviewImporter)
Imported 'GUID: ec8214d7d416a8746bb342b71e8e4269' -> (Import Result ID: '5c27ee337069c9ff632350bbcfe28b91') in 0.022 seconds [static and dynamic dependencies]. Details - ImportResultOutputID=10bfaec2c48a5da5f322e9b3be8853c3 DependenciesID=6c3be5dc426cd5bc38a214626c4e0bbd StaticDependenciesID=db357dd4029c6b1585817ce76f72d69b 
Number of updated asset objects reloaded before import = 0
Number of asset objects unloaded after import = 3
========================================================================
Received Import Request.
  Time of request: 2026-08-11T11:47:29.0207081Z
  Time since last request: 0.0063794 seconds.
  importAddress: GUID: 6306a4776b130304bba7a139fc1d2bb8 - Path: Packages/com.unity.2d.animation/Editor/Assets/EditorIcons/Light/Weight_Slider@2x.png - Importer: PreviewImporter
Importing 'GUID: 6306a4776b130304bba7a139fc1d2bb8 - Path: Packages/com.unity.2d.animation/Editor/Assets/EditorIcons/Light/Weight_Slider@2x.png - Importer: PreviewImporter' with importer (PreviewImporter)
Imported 'GUID: 6306a4776b130304bba7a139fc1d2bb8' -> (Import Result ID: 'bc7c754c258a81999d243546e67aea6f') in 0.030 seconds [static and dynamic dependencies]. Details - ImportResultOutputID=843a84cc0280f9de02df3adcb8ab887d DependenciesID=7f7dbcfb0b5ca396dab7f680fd3e2f73 StaticDependenciesID=275632d242c09330ccd2559e1bd3b55c 
Number of updated asset objects reloaded before import = 0
Number of asset objects unloaded after import = 3
========================================================================
Received Import Request.
  Time of request: 2026-08-11T11:47:29.3775132Z
  Time since last request: 0.2927115 seconds.
  importAddress: GUID: aa91af43c72989f44bf937fd28243bc7 - Path: Packages/com.unity.2d.animation/Editor/Assets/EditorIcons/Light/Weight_Slider.png - Importer: PreviewImporter
Importing 'GUID: aa91af43c72989f44bf937fd28243bc7 - Path: Packages/com.unity.2d.animation/Editor/Assets/EditorIcons/Light/Weight_Slider.png - Importer: PreviewImporter' with importer (PreviewImporter)
Imported 'GUID: aa91af43c72989f44bf937fd28243bc7' -> (Import Result ID: 'bc4e6d3f96067409f8d183d8e92c8969') in 0.017 seconds [static and dynamic dependencies]. Details - ImportResultOutputID=456e08236f69c1c53665ff83272e0b9e DependenciesID=2977703293cfcad2d76619b7346810d6 StaticDependenciesID=102c69684d05bcd522001bc768effeb6 
Number of updated asset objects reloaded before import = 0
Number of asset objects unloaded after import = 3
========================================================================
Received Import Request.
  Time of request: 2026-08-11T11:47:29.430872Z
  Time since last request: 0.0125216 seconds.
  importAddress: GUID: 3dd5e5c693a816e4f96b869f6465955b - Path: Packages/com.unity.2d.animation/Editor/Assets/EditorIcons/Light/Weight_Brush@4x.png - Importer: PreviewImporter
Importing 'GUID: 3dd5e5c693a816e4f96b869f6465955b - Path: Packages/com.unity.2d.animation/Editor/Assets/EditorIcons/Light/Weight_Brush@4x.png - Importer: PreviewImporter' with importer (PreviewImporter)
Imported 'GUID: 3dd5e5c693a816e4f96b869f6465955b' -> (Import Result ID: '4fd3aab6b97536050f02e3fd642d390e') in 0.020 seconds [static and dynamic dependencies]. Details - ImportResultOutputID=0ae6b422d44e17e3e1fcba6050ccf1c5 DependenciesID=02a4e0b8ea12b24e9dbb67054d411dbd StaticDependenciesID=634ed06a235a634c684f258360e388b8 
Number of updated asset objects reloaded before import = 0
Number of asset objects unloaded after import = 3
========================================================================
Received Import Request.
  Time of request: 2026-08-11T11:47:30.1093495Z
  Time since last request: 0.6316186 seconds.
  importAddress: GUID: 3279d541bf75c624cbdd7179eb5559a8 - Path: Packages/com.unity.2d.animation/Editor/Assets/EditorIcons/Light/Weight_Brush@3x.png - Importer: PreviewImporter
Importing 'GUID: 3279d541bf75c624cbdd7179eb5559a8 - Path: Packages/com.unity.2d.animation/Editor/Assets/EditorIcons/Light/Weight_Brush@3x.png - Importer: PreviewImporter' with importer (PreviewImporter)
Imported 'GUID: 3279d541bf75c624cbdd7179eb5559a8' -> (Import Result ID: '8b0f9755a3e34b0e13c4526ae7cb4626') in 0.017 seconds [static and dynamic dependencies]. Details - ImportResultOutputID=687a05c86792deecff27b1fb3a735e60 DependenciesID=78acea4ed2c955752b97e99bf05f42be StaticDependenciesID=fdfeacc1d11e916a17d7bb564697b12c 
Number of updated asset objects reloaded before import = 0
Number of asset objects unloaded after import = 3
========================================================================
Received Import Request.
  Time of request: 2026-08-11T11:47:30.1502752Z
  Time since last request: 0.0023188 seconds.
  importAddress: GUID: bb668641abe10a64891e26613cf530ee - Path: Packages/com.unity.2d.animation/Editor/Assets/EditorIcons/Selected/Weight_Brush@2x.png - Importer: PreviewImporter
Importing 'GUID: bb668641abe10a64891e26613cf530ee - Path: Packages/com.unity.2d.animation/Editor/Assets/EditorIcons/Selected/Weight_Brush@2x.png - Importer: PreviewImporter' with importer (PreviewImporter)
Imported 'GUID: bb668641abe10a64891e26613cf530ee' -> (Import Result ID: 'c18053748b678026e0e77c43d8c8fd6b') in 0.015 seconds [static and dynamic dependencies]. Details - ImportResultOutputID=61e58ecbb17c62d1454761711080d8ce DependenciesID=0f43e5bafc8f7d7d70f4784630bc6104 StaticDependenciesID=2430bfddf82b3daddc7919249b044e45 
Number of updated asset objects reloaded before import = 0
Number of asset objects unloaded after import = 3
========================================================================
Received Prepare
AcceleratorClientConnectionCallback - disconnected - :0
Refreshing native plugins compatible for Editor in 8.61 ms, found 5 plugins.
Unloading 22 Unused Serialized files (Serialized files now loaded: 0)
Unloading 23 unused Assets / (2.6 MB). Loaded Objects now: 8436.
Memory consumption went from 358.4 MB to 355.8 MB.
Total: 20.086300 ms (FindLiveObjects: 0.722000 ms CreateObjectMapping: 2.068100 ms MarkObjects: 16.409300 ms  DeleteObjects: 0.885300 ms)

Prepare: number of updated asset objects reloaded= 0
EnvironmentDependencyValues requested are different than current active one (requested -> active):
  graphicsApiMask: 2099200 -> 2361344
========================================================================
Received Prepare
AcceleratorClientConnectionCallback - disconnected - :0
Refreshing native plugins compatible for Editor in 9.39 ms, found 5 plugins.
Unloading 22 Unused Serialized files (Serialized files now loaded: 0)
Unloading 23 unused Assets / (2.6 MB). Loaded Objects now: 8436.
Memory consumption went from 359.0 MB to 356.4 MB.
Total: 15.933000 ms (FindLiveObjects: 0.699900 ms CreateObjectMapping: 1.548000 ms MarkObjects: 12.789600 ms  DeleteObjects: 0.893100 ms)

Prepare: number of updated asset objects reloaded= 0
EnvironmentDependencyValues requested are different than current active one (requested -> active):
  graphicsApiMask: 2099200 -> 2361344
========================================================================
Received Import Request.
  Time of request: 2026-08-11T11:47:49.665354Z
  Time since last request: 19.4750115 seconds.
  importAddress: GUID: a168ba7a3b09a444491766c21dc90180 - Path: Assets/TestCaseProject_2D/Prefabs/Block.prefab - Importer: PreviewImporter
Importing 'GUID: a168ba7a3b09a444491766c21dc90180 - Path: Assets/TestCaseProject_2D/Prefabs/Block.prefab - Importer: PreviewImporter' with importer (PreviewImporter)
Imported 'GUID: a168ba7a3b09a444491766c21dc90180' -> (Import Result ID: '31636b7df099e03cc73fc97d7f1015cd') in 0.050 seconds [static and dynamic dependencies]. Details - ImportResultOutputID=202c1bf5b5f64280c217e4cd75157712 DependenciesID=8fa7240874795bc0ff6c0c02b6e39920 StaticDependenciesID=bbdc2baf6be39a843abd08f994443b19 
Number of updated asset objects reloaded before import = 0
Number of asset objects unloaded after import = 29
========================================================================
Received Prepare
AcceleratorClientConnectionCallback - disconnected - :0
Refreshing native plugins compatible for Editor in 10.64 ms, found 5 plugins.
Unloading 22 Unused Serialized files (Serialized files now loaded: 0)
Unloading 25 unused Assets / (2.6 MB). Loaded Objects now: 8436.
Memory consumption went from 358.4 MB to 355.8 MB.
Total: 16.746300 ms (FindLiveObjects: 0.889300 ms CreateObjectMapping: 2.292600 ms MarkObjects: 12.764100 ms  DeleteObjects: 0.798600 ms)

Prepare: number of updated asset objects reloaded= 0
EnvironmentDependencyValues requested are different than current active one (requested -> active):
  graphicsApiMask: 2099200 -> 2361344
========================================================================
Received Import Request.
  Time of request: 2026-08-11T11:50:35.8191474Z
  Time since last request: 166.07999670000001 seconds.
  importAddress: GUID: 48e93eef0688c4a259cb0eddcd8661f7 - Path: Packages/com.unity.2d.sprite/Editor/ObjectMenuCreation/DefaultAssets/Textures/Square.png - Importer: PreviewImporter
Importing 'GUID: 48e93eef0688c4a259cb0eddcd8661f7 - Path: Packages/com.unity.2d.sprite/Editor/ObjectMenuCreation/DefaultAssets/Textures/Square.png - Importer: PreviewImporter' with importer (PreviewImporter)
Imported 'GUID: 48e93eef0688c4a259cb0eddcd8661f7' -> (Import Result ID: 'e7f1a9c38557e411cec70c1faaade1cd') in 0.017 seconds [static and dynamic dependencies]. Details - ImportResultOutputID=aa2efad45cb0a828eb71c611d8cd0b86 DependenciesID=90e1fa215f17bb7f5552a6f977d31a34 StaticDependenciesID=083bc9c6d59eb890a390e252a4957a85 
Number of updated asset objects reloaded before import = 0
Number of asset objects unloaded after import = 3
========================================================================
Received Import Request.
  Time of request: 2026-08-11T11:50:35.8592538Z
  Time since last request: 0.0048344 seconds.
  importAddress: GUID: 9417efc47083f4a1598c1966a6345cdb - Path: Packages/com.unity.2d.spriteshape/Editor/Handles/ss_leftrange.png - Importer: PreviewImporter
Importing 'GUID: 9417efc47083f4a1598c1966a6345cdb - Path: Packages/com.unity.2d.spriteshape/Editor/Handles/ss_leftrange.png - Importer: PreviewImporter' with importer (PreviewImporter)
Imported 'GUID: 9417efc47083f4a1598c1966a6345cdb' -> (Import Result ID: 'cdd21a78eff61eca00e70d51971d0d5b') in 0.019 seconds [static and dynamic dependencies]. Details - ImportResultOutputID=73e94cffb3f3867d820d94f3b7dd9c89 DependenciesID=209cb9d8dcc3d5f0aa12cca244181e1e StaticDependenciesID=d9f66302208b3c96c27d616ebdaf77ef 
Number of updated asset objects reloaded before import = 0
Number of asset objects unloaded after import = 3
========================================================================
Received Import Request.
  Time of request: 2026-08-11T11:50:35.9053174Z
  Time since last request: 0.006877 seconds.
  importAddress: GUID: fe95aee6edcd44a18bb5f5ff8269e300 - Path: Packages/com.unity.2d.common/Path/Editor/Handles/TangentBroken.png - Importer: PreviewImporter
Importing 'GUID: fe95aee6edcd44a18bb5f5ff8269e300 - Path: Packages/com.unity.2d.common/Path/Editor/Handles/TangentBroken.png - Importer: PreviewImporter' with importer (PreviewImporter)
Imported 'GUID: fe95aee6edcd44a18bb5f5ff8269e300' -> (Import Result ID: '28e345567f1e9bc67bf8ebbfc2ecb28d') in 0.026 seconds [static and dynamic dependencies]. Details - ImportResultOutputID=dc73e24358683c2788a2236c3a6bbef7 DependenciesID=5c229a230fb409b691b355fcf3e8f819 StaticDependenciesID=6fa6967aa2131110d502a04c24153ef9 
Number of updated asset objects reloaded before import = 0
Number of asset objects unloaded after import = 3
========================================================================
Received Import Request.
  Time of request: 2026-08-11T11:50:35.9745421Z
  Time since last request: 0.0078815 seconds.
  importAddress: GUID: 9ea72647c24be493ba6f15a9cd2a24ae - Path: Packages/com.unity.2d.spriteshape/Editor/Handles/ss_playhead.png - Importer: PreviewImporter
Importing 'GUID: 9ea72647c24be493ba6f15a9cd2a24ae - Path: Packages/com.unity.2d.spriteshape/Editor/Handles/ss_playhead.png - Importer: PreviewImporter' with importer (PreviewImporter)
Imported 'GUID: 9ea72647c24be493ba6f15a9cd2a24ae' -> (Import Result ID: '265505138ede3f90316b5ea9392a320f') in 0.019 seconds [static and dynamic dependencies]. Details - ImportResultOutputID=f7e87f2d0cc23639a9cfcc4c1ec21ba3 DependenciesID=d05353921a1765d0cbe421c1cef62723 StaticDependenciesID=1a526bb00088d0a698cee83391a6dd78 
Number of updated asset objects reloaded before import = 0
Number of asset objects unloaded after import = 3
========================================================================
Received Import Request.
  Time of request: 2026-08-11T11:50:37.1976317Z
  Time since last request: 1.1740935 seconds.
  importAddress: GUID: 25c4e987877a046bd994284ffeabc78b - Path: Packages/com.unity.2d.common/Path/Editor/Handles/TangentContinuousPro.png - Importer: PreviewImporter
Importing 'GUID: 25c4e987877a046bd994284ffeabc78b - Path: Packages/com.unity.2d.common/Path/Editor/Handles/TangentContinuousPro.png - Importer: PreviewImporter' with importer (PreviewImporter)
Imported 'GUID: 25c4e987877a046bd994284ffeabc78b' -> (Import Result ID: '4faa3aa11eb1a5527af1841cb6d9919a') in 0.019 seconds [static and dynamic dependencies]. Details - ImportResultOutputID=101d27f95a4df7cebfd724e4a4a531dd DependenciesID=23b93b1901b7d1e489f0ef0ece53225f StaticDependenciesID=6830fd07a9d50bf5d671c578d1b2d5b5 
Number of updated asset objects reloaded before import = 0
Number of asset objects unloaded after import = 3
========================================================================
Received Import Request.
  Time of request: 2026-08-11T11:50:37.9941695Z
  Time since last request: 0.7555308 seconds.
  importAddress: GUID: 5315c047999aa4d869298f6988dfeb30 - Path: Packages/com.unity.2d.common/Path/Editor/Handles/TangentLinearPro.png - Importer: PreviewImporter
Importing 'GUID: 5315c047999aa4d869298f6988dfeb30 - Path: Packages/com.unity.2d.common/Path/Editor/Handles/TangentLinearPro.png - Importer: PreviewImporter' with importer (PreviewImporter)
Imported 'GUID: 5315c047999aa4d869298f6988dfeb30' -> (Import Result ID: '354a407290d09e54e1db82348688bea3') in 0.023 seconds [static and dynamic dependencies]. Details - ImportResultOutputID=9c06c40ced81d5609a4bf115c9e6b2da DependenciesID=70868dab0071c4cb452d1a62c446ba5c StaticDependenciesID=3285825e54a26a73aad1b821627e2d85 
Number of updated asset objects reloaded before import = 0
Number of asset objects unloaded after import = 3
========================================================================
Received Import Request.
  Time of request: 2026-08-11T11:50:38.1501093Z
  Time since last request: 0.1075584 seconds.
  importAddress: GUID: f708c0da8a2b5fc4381f7f8d4a322a0a - Path: Packages/com.unity.2d.tilemap/Editor/Icons/Tilemap.ActiveTargetLayers@2x.png - Importer: PreviewImporter
Importing 'GUID: f708c0da8a2b5fc4381f7f8d4a322a0a - Path: Packages/com.unity.2d.tilemap/Editor/Icons/Tilemap.ActiveTargetLayers@2x.png - Importer: PreviewImporter' with importer (PreviewImporter)
Imported 'GUID: f708c0da8a2b5fc4381f7f8d4a322a0a' -> (Import Result ID: '9795c1cb08e11ce5d1d0dc850f8c0608') in 0.026 seconds [static and dynamic dependencies]. Details - ImportResultOutputID=3c55cbdc319796b2722f4cfe9ce06927 DependenciesID=d3675f8853df0a570ca1cd34979ad7ca StaticDependenciesID=126840902e186be6e6709406bc438c61 
Number of updated asset objects reloaded before import = 0
Number of asset objects unloaded after import = 3
========================================================================
Received Import Request.
  Time of request: 2026-08-11T11:50:38.5683988Z
  Time since last request: 0.3690947 seconds.
  importAddress: GUID: d5e72ab52355f594fb3b3ba0deba9b4a - Path: Packages/com.unity.2d.tilemap/Editor/Icons/Tilemap.BrushPicks.png - Importer: PreviewImporter
Importing 'GUID: d5e72ab52355f594fb3b3ba0deba9b4a - Path: Packages/com.unity.2d.tilemap/Editor/Icons/Tilemap.BrushPicks.png - Importer: PreviewImporter' with importer (PreviewImporter)
Imported 'GUID: d5e72ab52355f594fb3b3ba0deba9b4a' -> (Import Result ID: '6cd553061da5da1c5b1567fd315f9e39') in 0.017 seconds [static and dynamic dependencies]. Details - ImportResultOutputID=10d77bd6668fcb31a837205000bf8322 DependenciesID=01421427586c324695129a8e8365d69f StaticDependenciesID=30cdb1276e96fdd5dc9ed1184731ec26 
Number of updated asset objects reloaded before import = 0
Number of asset objects unloaded after import = 3
========================================================================
Received Import Request.
  Time of request: 2026-08-11T11:50:38.6181555Z
  Time since last request: 0.0067086 seconds.
  importAddress: GUID: 45612d93bb71d8f48bb1dba4b0f5caac - Path: Packages/com.unity.2d.tilemap/Editor/Icons/Tilemap.BrushPicks@4x.png - Importer: PreviewImporter
Importing 'GUID: 45612d93bb71d8f48bb1dba4b0f5caac - Path: Packages/com.unity.2d.tilemap/Editor/Icons/Tilemap.BrushPicks@4x.png - Importer: PreviewImporter' with importer (PreviewImporter)
Imported 'GUID: 45612d93bb71d8f48bb1dba4b0f5caac' -> (Import Result ID: '432d1731fbba3f0a149406607de9b922') in 0.018 seconds [static and dynamic dependencies]. Details - ImportResultOutputID=47e068ea134ac82e425775ab129419d1 DependenciesID=64bd8696f1f8f5f2fb717b68ad9f622c StaticDependenciesID=fffb0874658a70164655192456f6bcbc 
Number of updated asset objects reloaded before import = 0
Number of asset objects unloaded after import = 3
========================================================================
Received Import Request.
  Time of request: 2026-08-11T11:50:38.9025199Z
  Time since last request: 0.24142 seconds.
  importAddress: GUID: 47500a6fba22d6849a3f9335aa198ba5 - Path: Packages/com.unity.2d.tilemap/Editor/Icons/Tilemap.BrushSettings@2x.png - Importer: PreviewImporter
Importing 'GUID: 47500a6fba22d6849a3f9335aa198ba5 - Path: Packages/com.unity.2d.tilemap/Editor/Icons/Tilemap.BrushSettings@2x.png - Importer: PreviewImporter' with importer (PreviewImporter)
Imported 'GUID: 47500a6fba22d6849a3f9335aa198ba5' -> (Import Result ID: '7846f397efd953edb5086b8fb57535f5') in 0.015 seconds [static and dynamic dependencies]. Details - ImportResultOutputID=d65f3cf0399f8e2829d2d91ecf98bd39 DependenciesID=f7886efd49a0722f8da903710415a109 StaticDependenciesID=a04d94242d5dc4e9d3f2e2c23e36f7dc 
Number of updated asset objects reloaded before import = 0
Number of asset objects unloaded after import = 3
========================================================================
Received Import Request.
  Time of request: 2026-08-11T11:50:38.9414143Z
  Time since last request: 0.0028786 seconds.
  importAddress: GUID: 53439e5dcebe4d74e8358cf7104c4666 - Path: Packages/com.unity.2d.tilemap/Editor/Icons/Tilemap.DefaultBrush.png - Importer: PreviewImporter
Importing 'GUID: 53439e5dcebe4d74e8358cf7104c4666 - Path: Packages/com.unity.2d.tilemap/Editor/Icons/Tilemap.DefaultBrush.png - Importer: PreviewImporter' with importer (PreviewImporter)
Imported 'GUID: 53439e5dcebe4d74e8358cf7104c4666' -> (Import Result ID: '673def396a74af9b63aff3fd921ccbf0') in 0.017 seconds [static and dynamic dependencies]. Details - ImportResultOutputID=a5b0189a0078cda554c8310611c48c03 DependenciesID=4f6bc76e4ba8a661185ffcb9ae7a8a38 StaticDependenciesID=045ea6cfe5a1c4bed17690bf556c3f07 
Number of updated asset objects reloaded before import = 0
Number of asset objects unloaded after import = 3
========================================================================
Received Import Request.
  Time of request: 2026-08-11T11:50:39.5489135Z
  Time since last request: 0.5622993 seconds.
  importAddress: GUID: 6ccf4234805f2d049a6869c33213ff65 - Path: Packages/com.unity.2d.tilemap/Editor/Icons/Tilemap.DefaultBrush@4x.png - Importer: PreviewImporter
Importing 'GUID: 6ccf4234805f2d049a6869c33213ff65 - Path: Packages/com.unity.2d.tilemap/Editor/Icons/Tilemap.DefaultBrush@4x.png - Importer: PreviewImporter' with importer (PreviewImporter)
Imported 'GUID: 6ccf4234805f2d049a6869c33213ff65' -> (Import Result ID: '80a325f58a5ce5dc5d974130090fce56') in 0.013 seconds [static and dynamic dependencies]. Details - ImportResultOutputID=a58a41be24cfe645c26440826565afa8 DependenciesID=95aa7beab9540163d9881c65061daf66 StaticDependenciesID=eb1688a93ee825a16c1340cbc0180b8f 
Number of updated asset objects reloaded before import = 0
Number of asset objects unloaded after import = 3
========================================================================
Received Import Request.
  Time of request: 2026-08-11T11:50:39.6012147Z
  Time since last request: 0.0155023 seconds.
  importAddress: GUID: 13c8bd32c985e204eafd19f6360119db - Path: Packages/com.unity.2d.tilemap/Editor/Icons/Tilemap.EditPalette@2x.png - Importer: PreviewImporter
Importing 'GUID: 13c8bd32c985e204eafd19f6360119db - Path: Packages/com.unity.2d.tilemap/Editor/Icons/Tilemap.EditPalette@2x.png - Importer: PreviewImporter' with importer (PreviewImporter)
Imported 'GUID: 13c8bd32c985e204eafd19f6360119db' -> (Import Result ID: '750a88fb365c98877176af8d7b7d1356') in 0.021 seconds [static and dynamic dependencies]. Details - ImportResultOutputID=18f70438ae3127bc755ea2def39140e2 DependenciesID=72e8687818eff62c459f4f26e844564e StaticDependenciesID=ab85ff01eb0d13daf161c5e991bc5d0c 
Number of updated asset objects reloaded before import = 0
Number of asset objects unloaded after import = 3
========================================================================
Received Import Request.
  Time of request: 2026-08-11T11:50:46.7251697Z
  Time since last request: 7.0761376 seconds.
  importAddress: GUID: cc35afd292fc349128b36a291fb3a165 - Path: Packages/com.unity.2d.sprite/Editor/ObjectMenuCreation/DefaultAssets/Textures/9-SlicedWithBorder.png - Importer: PreviewImporter
Importing 'GUID: cc35afd292fc349128b36a291fb3a165 - Path: Packages/com.unity.2d.sprite/Editor/ObjectMenuCreation/DefaultAssets/Textures/9-SlicedWithBorder.png - Importer: PreviewImporter' with importer (PreviewImporter)
Imported 'GUID: cc35afd292fc349128b36a291fb3a165' -> (Import Result ID: '766e2efb383c0eb9c70e5305a08b7d6d') in 0.027 seconds [static and dynamic dependencies]. Details - ImportResultOutputID=0d82a6f55f2aafdc5b07dc54a176583b DependenciesID=96ba30bd0fac6829f2aeb76c81a6d7bd StaticDependenciesID=212d8788ea5a22fcdcf383ab82b38d3a 
Number of updated asset objects reloaded before import = 0
Number of asset objects unloaded after import = 3
========================================================================
Received Import Request.
  Time of request: 2026-08-11T11:50:46.7766265Z
  Time since last request: 0.0026634 seconds.
  importAddress: GUID: ebe73ca9363db456bacf42c025bb4847 - Path: Packages/com.unity.2d.sprite/Editor/ObjectMenuCreation/DefaultAssets/Textures/Circle.png - Importer: PreviewImporter
Importing 'GUID: ebe73ca9363db456bacf42c025bb4847 - Path: Packages/com.unity.2d.sprite/Editor/ObjectMenuCreation/DefaultAssets/Textures/Circle.png - Importer: PreviewImporter' with importer (PreviewImporter)
Imported 'GUID: ebe73ca9363db456bacf42c025bb4847' -> (Import Result ID: '28feae03e0a7c5becbc4c6c6090d81c5') in 0.020 seconds [static and dynamic dependencies]. Details - ImportResultOutputID=af3d720ab52619b1988f73e1b8e73fe8 DependenciesID=aa17475559f736b9538488cd17c21185 StaticDependenciesID=97769f1cdc6171a8d3ea80b1c2ae02b5 
Number of updated asset objects reloaded before import = 0
Number of asset objects unloaded after import = 3
========================================================================
Received Import Request.
  Time of request: 2026-08-11T11:50:46.8286067Z
  Time since last request: 0.001923 seconds.
  importAddress: GUID: 87aaca0a643d54397ba969dab4fc8875 - Path: Packages/com.unity.2d.sprite/Editor/ObjectMenuCreation/DefaultAssets/Textures/CircleMask.png - Importer: PreviewImporter
Importing 'GUID: 87aaca0a643d54397ba969dab4fc8875 - Path: Packages/com.unity.2d.sprite/Editor/ObjectMenuCreation/DefaultAssets/Textures/CircleMask.png - Importer: PreviewImporter' with importer (PreviewImporter)
Imported 'GUID: 87aaca0a643d54397ba969dab4fc8875' -> (Import Result ID: '7fe7b8bfec3276f2d14e236499ac9e50') in 0.037 seconds [static and dynamic dependencies]. Details - ImportResultOutputID=cf6dad4dd5fb47f30bec58f4e079c9f1 DependenciesID=53b894b4adb85690736bc3047d6fd4f5 StaticDependenciesID=b9d6497cd3249bb35dff51c548854a78 
Number of updated asset objects reloaded before import = 0
Number of asset objects unloaded after import = 3
========================================================================
Received Import Request.
  Time of request: 2026-08-11T11:50:46.9020691Z
  Time since last request: 0.0020492 seconds.
  importAddress: GUID: 4b2a04fdbe0ef4d8da8f90eaca817cd1 - Path: Packages/com.unity.2d.sprite/Editor/ObjectMenuCreation/DefaultAssets/Textures/HexagonPointTopWithBorder.png - Importer: PreviewImporter
Importing 'GUID: 4b2a04fdbe0ef4d8da8f90eaca817cd1 - Path: Packages/com.unity.2d.sprite/Editor/ObjectMenuCreation/DefaultAssets/Textures/HexagonPointTopWithBorder.png - Importer: PreviewImporter' with importer (PreviewImporter)
Imported 'GUID: 4b2a04fdbe0ef4d8da8f90eaca817cd1' -> (Import Result ID: '972d56102202b5d14d9db4e1c3e75081') in 0.050 seconds [static and dynamic dependencies]. Details - ImportResultOutputID=fcab0f27a2cd7174e919b904e0dcaca9 DependenciesID=714cbab968908adbdd2c89eb92c8c424 StaticDependenciesID=cea9ac97ddcc687e695f6fc8d37c2cf2 
Number of updated asset objects reloaded before import = 0
Number of asset objects unloaded after import = 3
========================================================================
Received Import Request.
  Time of request: 2026-08-11T11:50:46.9824288Z
  Time since last request: 0.0042752 seconds.
  importAddress: GUID: 045b15ec09bba42448d89db77fa6f20a - Path: Packages/com.unity.2d.sprite/Editor/ObjectMenuCreation/DefaultAssets/Textures/IsometricDiamond.png - Importer: PreviewImporter
Importing 'GUID: 045b15ec09bba42448d89db77fa6f20a - Path: Packages/com.unity.2d.sprite/Editor/ObjectMenuCreation/DefaultAssets/Textures/IsometricDiamond.png - Importer: PreviewImporter' with importer (PreviewImporter)
Imported 'GUID: 045b15ec09bba42448d89db77fa6f20a' -> (Import Result ID: 'f538bf61d5fa74ca4543eda92069bb84') in 0.055 seconds [static and dynamic dependencies]. Details - ImportResultOutputID=a1e462dddbec04c85f117482ae1c2e19 DependenciesID=0e1bd751b51e8f1ed3f35c9e3caa74a8 StaticDependenciesID=1fd86879e6c999e87a9c88fdac78da9a 
Number of updated asset objects reloaded before import = 0
Number of asset objects unloaded after import = 3
========================================================================
Received Import Request.
  Time of request: 2026-08-11T11:50:47.0895509Z
  Time since last request: 0.00361 seconds.
  importAddress: GUID: 34587324d412940a79d530020c957dc0 - Path: Packages/com.unity.2d.sprite/Editor/ObjectMenuCreation/DefaultAssets/Textures/CapsuleWithBorder.png - Importer: PreviewImporter
Importing 'GUID: 34587324d412940a79d530020c957dc0 - Path: Packages/com.unity.2d.sprite/Editor/ObjectMenuCreation/DefaultAssets/Textures/CapsuleWithBorder.png - Importer: PreviewImporter' with importer (PreviewImporter)
Imported 'GUID: 34587324d412940a79d530020c957dc0' -> (Import Result ID: '77d2e237c333c00c42be621f20215c98') in 0.056 seconds [static and dynamic dependencies]. Details - ImportResultOutputID=8c58e77656d6fe6393a8d14fda476dec DependenciesID=971ee8f34cf03182e4bc9721b82f43c7 StaticDependenciesID=37ad9045c93cec64c73f7b80518fc94b 
Number of updated asset objects reloaded before import = 0
Number of asset objects unloaded after import = 3
Editor requested this worker to shutdown with reason: Scaling down because of idle timeout
AcceleratorClientConnectionCallback - disconnected - :0
AssetImportWorker is now disconnected from the server
Process exiting
Exiting without the bug reporter. Application will terminate with return code 0