[Licensing::Module] Trying to connect to existing licensing client channel...
Built from '6000.5/staging' branch; Version is '6000.5.6f1 (0e0577a1a2ac) revision 918903'; Using compiler version '194234433'; Build Type 'Release'
[Licensing::IpcConnector] Successfully connected to: "LicenseClient-yunus" at "2026-08-11T12:06:12.9782401Z"
OS: 'Windows 11  (10.0.26200) CoreSingleLanguage' Language: 'tr' Physical Memory: 16159 MB
BatchMode: 1, IsHumanControllingUs: 0, StartBugReporterOnCrash: 0, Is64bit: 1
System  architecture: x64
Process architecture: x64
Date: 2026-08-11T12:06:12Z

COMMAND LINE ARGUMENTS:
C:\Program Files\Unity\Hub\Editor\6000.5.6f1\Editor\Unity.exe
-adb2
-batchMode
-noUpm
-name
AssetImportWorkerHW9
-projectPath
C:/Users/yunus/OneDrive/Desktop/Unity_Projeler/TestCasePROJECT_2D
-logFile
Logs/AssetImportWorkerHW9.log
-srvPort
49717
-parentPid
27244
-analyticsCloudUserId
18968384186909
-analyticsCloudProjectId
d92f9afb-1f10-4337-9607-bf242538841c
-analyticsLocalProjectId
0b0e13ee869db2340a690cc5e876353c
-editorAnalyticsEnabled
1
-cbmEditorLicense
9f68bb17b1f5ac1c44ea72d313f9daebd27bb73f
-cbmMachineId
dG88/b0MD9H3/o5tNW186CRXve8=
-noDiagnosticSwitchPersistentStore
-job-worker-count
5
-background-job-worker-count
8
-asset-garbage-collectors
1
-force-d3d12
-name
AssetImport
Successfully changed project path to: C:/Users/yunus/OneDrive/Desktop/Unity_Projeler/TestCasePROJECT_2D
C:/Users/yunus/OneDrive/Desktop/Unity_Projeler/TestCasePROJECT_2D
[UnityMemory] Configuration Parameters - Can be set up in boot.config
    "memorysetup-temp-allocator-size-gi-baking-worker=262144"
    "memorysetup-temp-allocator-size-gi-baking-worker=262144"
    "memorysetup-temp-allocator-size-gi-baking-worker=262144"
    "memorysetup-temp-allocator-size-gi-baking-worker=262144"
    "memorysetup-temp-allocator-size-gi-baking-worker=262144"
    "memorysetup-temp-allocator-size-nav-mesh-worker=65536"
    "memorysetup-temp-allocator-size-audio-worker=65536"
    "memorysetup-temp-allocator-size-cloud-worker=32768"
    "memorysetup-temp-allocator-size-gfx=262144"
    "memorysetup-temp-allocator-size-preload-manager=33554432"
    "memorysetup-allocator-temp-initial-block-size-main=262144"
    "memorysetup-allocator-temp-initial-block-size-worker=262144"
    "memorysetup-temp-allocator-size-job-worker=262144"
    "memorysetup-temp-allocator-size-background-worker=32768"
    "memorysetup-bucket-allocator-granularity=16"
    "memorysetup-bucket-allocator-bucket-count=8"
    "memorysetup-bucket-allocator-block-size=33554432"
    "memorysetup-bucket-allocator-block-count=8"
    "memorysetup-main-allocator-block-size=16777216"
    "memorysetup-thread-allocator-block-size=16777216"
    "memorysetup-main-allocator-mimalloc-enabled=0"
    "memorysetup-gfx-main-allocator-block-size=16777216"
    "memorysetup-gfx-thread-allocator-block-size=16777216"
    "memorysetup-cache-allocator-block-size=4194304"
    "memorysetup-typetree-allocator-block-size=2097152"
    "memorysetup-profiler-bucket-allocator-granularity=16"
    "memorysetup-profiler-bucket-allocator-bucket-count=8"
    "memorysetup-profiler-bucket-allocator-block-size=33554432"
    "memorysetup-profiler-bucket-allocator-block-count=8"
    "memorysetup-profiler-allocator-block-size=16777216"
    "memorysetup-profiler-editor-allocator-block-size=1048576"
    "memorysetup-temp-allocator-size-main=16777216"
    "memorysetup-job-temp-allocator-block-size=2097152"
    "memorysetup-job-temp-allocator-block-size-background=1048576"
    "memorysetup-job-temp-allocator-reduction-small-platforms=262144"
Player connection [2488]  Target information:

Player connection [2488]  * "[IP] 172.16.0.2 [Port] 0 [Flags] 2 [Guid] 2701968373 [EditorId] 2701968373 [Version] 1048832 [Id] WindowsEditor(7,YunusEmre) [Debug] 1 [PackageName] WindowsEditor [ProjectName] Editor" 

Player connection [2488]  * "[IP] 192.168.2.127 [Port] 0 [Flags] 2 [Guid] 2701968373 [EditorId] 2701968373 [Version] 1048832 [Id] WindowsEditor(7,YunusEmre) [Debug] 1 [PackageName] WindowsEditor [ProjectName] Editor" 

Player connection [2488] Host joined multi-casting on [225.0.0.222:54997]...
Player connection [2488] Host joined alternative multi-casting on [225.0.0.222:34997]...
JobSystem: Creating JobQueue using job-worker-count value 5
Input System module state changed to: Initialized.
[Physics::Module] Initialized fallback backend.
[Physics::Module] Id: 0xdecafbad
Library Redirect Path: Library/
[Physics::Module] Selected backend.
[Physics::Module] Name: PhysX
[Physics::Module] Id: 0xf2b8ea05
[Physics::Module] SDK Version: 4.1.2
[Physics::Module] Integration Version: 1.0.0
[Physics::Module] Threading Mode: Multi-Threaded
Active build profile path: `Assets/Settings/Build Profiles/Android™.asset`
Got setting from build profile YAML, name `m_BuildSubtarget`, value `0`
[Licensing::Module] Licensing is not yet initialized.
[Licensing::Client] Error: HandshakeResponse reported an error:
	ResponseCode: 505
	ResponseStatus: Unsupported protocol version '1.18.1'.
[Licensing::Module] Error: Failed to handshake to channel: "LicenseClient-yunus"
[Licensing::IpcConnector] LicenseClient-yunus channel disconnected successfully.
[Licensing::IpcConnector] Successfully connected to: "LicenseClient-yunus-6000.5.6" at "2026-08-11T12:06:20.0344206Z"
[Licensing::Client] Code 10 while verifying Licensing Client signature (process Id: 27944, path: "C:/Program Files/Unity/Hub/Editor/6000.5.6f1/Editor/Data/Resources/Licensing/Client/Unity.Licensing.Client.exe")
[Licensing::Module] LicensingClient has failed validation; ignoring
[Licensing::Client] Handshaking with LicensingClient:
  Version:                 1.18.1+9fbee8e
  Session Id:              9ab292879a114e86965e331ae78e36a0
  Correlation Id:          3c7c09899873c8fe916880216a641bf9
  External correlation Id: 3437701180642971261
  Machine Id:              dG88/b0MD9H3/o5tNW186CRXve8=
[Licensing::Module] Successfully connected to LicensingClient on channel: "LicenseClient-yunus-6000.5.6" (connect: 0.00s, validation: 0.00s, handshake: 0.03s)
[Licensing::IpcConnector] Successfully connected to: "LicenseClient-yunus-6000.5.6-notifications" at "2026-08-11T12:06:20.069051Z"
[Licensing::Module] Licensing Background thread has ended after 7.09s
[Licensing::Module] Licensing is initialized (took 6.37s).
[Licensing::Client] Successfully resolved entitlement details
[Licensing::Module] License group:
  Id: F4-MTMP-WUMR-DFHP-RKY3-XXXX
  Product: Unity Personal
  Type: ULF
  Expiration: Unlimited
[Licensing::Module] License group:
  Id: 18968384186909-UnityPersXXXX
  Product: Unity Personal
  Type: Assigned
  Expiration: Unlimited
Got setting from build profile YAML, name `m_BuildTarget`, value `13`
Got setting from build profile YAML, name `m_Subtarget`, value `0`
Refreshing native plugins compatible for Editor in 15.46 ms, found 5 plugins.
Initialize engine version: 6000.5.6f1 (0e0577a1a2ac)
[Subsystems] Discovering subsystems at path C:/Program Files/Unity/Hub/Editor/6000.5.6f1/Editor/Data/Resources/UnitySubsystems
[Subsystems] Discovering subsystems at path C:/Users/yunus/OneDrive/Desktop/Unity_Projeler/TestCasePROJECT_2D/Assets
Forcing GfxDevice: Direct3D 12
GfxDevice: creating device client; kGfxThreadingModeNonThreaded
d3d12: failed to query info queue interface (0x80004002).
Direct3D:
    Version:         Direct3D 12 [level 12.1]
    Renderer:        NVIDIA GeForce GTX 1650 (ID=0x1f9d)
    Vendor:          NVIDIA
    VRAM:            3935 MB
    App VRAM Budget: 3344 MB
    Driver:          32.0.16.1074
Got setting from build profile YAML, name `m_BuildSubtarget`, value `0`
Got setting from build profile YAML, name `m_BuildSubtarget`, value `0`
Got setting from build profile YAML, name `m_BuildSubtarget`, value `0`
Initialize mono
Mono path[0] = 'C:/Program Files/Unity/Hub/Editor/6000.5.6f1/Editor/Data/Managed'
Mono path[1] = 'C:/Program Files/Unity/Hub/Editor/6000.5.6f1/Editor/Data/BCLExtensions/runtime/netstandard2.1'
Mono path[2] = 'C:/Program Files/Unity/Hub/Editor/6000.5.6f1/Editor/Data/MonoBleedingEdge/lib/mono/unityjit-win32'
Mono config path = 'C:/Program Files/Unity/Hub/Editor/6000.5.6f1/Editor/Data/MonoBleedingEdge/etc'
Using monoOptions --debugger-agent=transport=dt_socket,embedding=1,server=y,suspend=n,address=127.0.0.1:56752
CodeReloadManager initialized
Got setting from build profile YAML, name `m_BuildSubtarget`, value `0`
Got setting from build profile YAML, name `m_BuildSubtarget`, value `0`
Begin MonoManager ReloadAssembly
Registering precompiled unity dll's ...
Register platform support module: C:/Program Files/Unity/Hub/Editor/6000.5.6f1/Editor/Data/PlaybackEngines/WebGLSupport/UnityEditor.WebGL.Extensions.dll
Register platform support module: C:/Program Files/Unity/Hub/Editor/6000.5.6f1/Editor/Data/PlaybackEngines/WindowsStandaloneSupport/UnityEditor.WindowsStandalone.Extensions.dll
Register platform support module: C:/Program Files/Unity/Hub/Editor/6000.5.6f1/Editor/Data/PlaybackEngines/AndroidPlayer/UnityEditor.Android.Extensions.dll
Registered in 0.009941 seconds.
Got setting from build profile YAML, name `m_BuildSubtarget`, value `0`
Got setting from build profile YAML, name `m_BuildSubtarget`, value `0`
Got setting from build profile YAML, name `m_BuildSubtarget`, value `0`
Got setting from build profile YAML, name `m_BuildSubtarget`, value `0`
Native extension for Android target not found
Native extension for WindowsStandalone target not found
Native extension for WebGL target not found
Package Manager log level set to [2]
[Package Manager] Failed to launch server process. Reason: Unity was launched with the -noUpm command-line argument
[Package Manager] Unable to send message (not connected to server process).
[Package Manager] Cannot connect to Unity Package Manager local server
ScheduleIndexationOnStartup MainProcess:False IndexOnStartup:True
Mono: successfully reloaded assembly
- Finished resetting the current domain, in  1.033 seconds
Domain Reload Profiling: 2287ms
	BeginReloadAssembly (310ms)
	RebuildCommonClasses (12ms)
	RebuildNativeTypeToScriptingClass (45ms)
	initialDomainReloadingComplete (170ms)
	LoadAllAssembliesAndSetupDomain (712ms)
		LoadAssemblies (299ms)
		AnalyzeDomain (483ms)
			TypeCache.Refresh (480ms)
				TypeCache.ScanAssembly (443ms)
	FinalizeReload (1038ms)
		SetupLoadedEditorAssemblies (0ms)
			InitializePlatformSupportModulesInManaged (142ms)
			BeforeProcessingInitializeOnLoad (244ms)
			ProcessInitializeOnLoadAttributes (189ms)
			ProcessInitializeOnLoadMethodAttributes (235ms)
Got setting from build profile YAML, name `m_BuildSubtarget`, value `0`
Got setting from build profile YAML, name `m_BuildSubtarget`, value `0`
Initializing Unity extensions:
[Licensing::Client] Successfully resolved entitlement details
[Licensing::Module] License group:
  Id: F4-MTMP-WUMR-DFHP-RKY3-XXXX
  Product: Unity Personal
  Type: ULF
  Expiration: Unlimited
[Licensing::Module] License group:
  Id: 18968384186909-UnityPersXXXX
  Product: Unity Personal
  Type: Assigned
  Expiration: Unlimited
Curl error 3: URL rejected: Malformed input to a URL function
Got setting from build profile YAML, name `m_BuildSubtarget`, value `0`
Got setting from build profile YAML, name `m_BuildSubtarget`, value `0`
========================================================================
Worker process is ready to serve import requests
Import Worker Mode flag is 0x00
Got setting from build profile YAML, name `m_BuildSubtarget`, value `0`
Got setting from build profile YAML, name `m_BuildSubtarget`, value `0`
Got setting from build profile YAML, name `m_BuildSubtarget`, value `0`
Got setting from build profile YAML, name `m_BuildSubtarget`, value `0`
Got setting from build profile YAML, name `m_Development`, value `0`
Got setting from build profile YAML, name `m_BuildSubtarget`, value `0`
Got setting from build profile YAML, name `m_BuildSubtarget`, value `0`
Got setting from build profile YAML, name `m_BuildSubtarget`, value `0`
Begin MonoManager ReloadAssembly
Refreshing native plugins compatible for Editor in 54.51 ms, found 5 plugins.
Native extension for Android target not found
Native extension for WindowsStandalone target not found
Native extension for WebGL target not found
[Package Manager] Failed to launch server process. Reason: Unity was launched with the -noUpm command-line argument
[Package Manager] Unable to send message (not connected to server process).
[Package Manager] Cannot connect to Unity Package Manager local server
Refreshing native plugins compatible for Editor in 10.44 ms, found 5 plugins.
[Package Manager] Failed to launch server process. Reason: Unity was launched with the -noUpm command-line argument
[Package Manager] Unable to send message (not connected to server process).
[Package Manager] Cannot connect to Unity Package Manager local server
ScheduleIndexationOnStartup MainProcess:False IndexOnStartup:True
Mono: successfully reloaded assembly
- Finished resetting the current domain, in  3.894 seconds
Domain Reload Profiling: 6998ms
	BeginReloadAssembly (813ms)
		DisableScriptedObjects (162ms)
		CreateAndSetChildDomain (135ms)
	RebuildCommonClasses (21ms)
	RebuildNativeTypeToScriptingClass (39ms)
	initialDomainReloadingComplete (192ms)
	LoadAllAssembliesAndSetupDomain (2038ms)
		LoadAssemblies (1109ms)
		AnalyzeDomain (847ms)
			TypeCache.Refresh (540ms)
				TypeCache.ScanAssembly (493ms)
			BuildScriptInfoCaches (283ms)
			ResolveRequiredComponents (17ms)
	FinalizeReload (3895ms)
		SetupLoadedEditorAssemblies (0ms)
			InitializePlatformSupportModulesInManaged (52ms)
			BeforeProcessingInitializeOnLoad (298ms)
			ProcessInitializeOnLoadAttributes (2060ms)
			ProcessInitializeOnLoadMethodAttributes (748ms)
			AfterProcessingInitializeOnLoad (18ms)
		AwakeInstancesAfterBackupRestoration (26ms)
AcceleratorClientConnectionCallback - disconnected - :0
Launched and connected shader compiler UnityShaderCompiler.exe after 0.03 seconds
Refreshing native plugins compatible for Editor in 6.86 ms, found 5 plugins.
Unloading 22 Unused Serialized files (Serialized files now loaded: 0)
Curl error 3: URL rejected: Malformed input to a URL function
Unloading 7407 unused Assets / (7.7 MB). Loaded Objects now: 8322.
Memory consumption went from 356.5 MB to 348.8 MB.
Total: 22.968500 ms (FindLiveObjects: 1.222700 ms CreateObjectMapping: 5.062700 ms MarkObjects: 9.372100 ms  DeleteObjects: 7.306600 ms)

========================================================================
Received Prepare
AcceleratorClientConnectionCallback - disconnected - :0
Begin MonoManager ReloadAssembly
Refreshing native plugins compatible for Editor in 8.77 ms, found 5 plugins.
Native extension for Android target not found
Native extension for WindowsStandalone target not found
Native extension for WebGL target not found
[Package Manager] Failed to launch server process. Reason: Unity was launched with the -noUpm command-line argument
[Package Manager] Unable to send message (not connected to server process).
[Package Manager] Cannot connect to Unity Package Manager local server
[Package Manager] Failed to launch server process. Reason: Unity was launched with the -noUpm command-line argument
[Package Manager] Unable to send message (not connected to server process).
[Package Manager] Cannot connect to Unity Package Manager local server
ScheduleIndexationOnStartup MainProcess:False IndexOnStartup:True
Mono: successfully reloaded assembly
- Finished resetting the current domain, in  2.626 seconds
Domain Reload Profiling: 5768ms
	BeginReloadAssembly (957ms)
		DisableScriptedObjects (157ms)
		CreateAndSetChildDomain (159ms)
	RebuildCommonClasses (25ms)
	RebuildNativeTypeToScriptingClass (54ms)
	initialDomainReloadingComplete (309ms)
	LoadAllAssembliesAndSetupDomain (1794ms)
		LoadAssemblies (1128ms)
		AnalyzeDomain (606ms)
			TypeCache.Refresh (27ms)
			BuildScriptInfoCaches (561ms)
			ResolveRequiredComponents (11ms)
	FinalizeReload (2629ms)
		SetupLoadedEditorAssemblies (0ms)
			InitializePlatformSupportModulesInManaged (45ms)
			BeforeProcessingInitializeOnLoad (334ms)
			ProcessInitializeOnLoadAttributes (960ms)
			ProcessInitializeOnLoadMethodAttributes (495ms)
			AfterProcessingInitializeOnLoad (26ms)
		AwakeInstancesAfterBackupRestoration (108ms)
Refreshing native plugins compatible for Editor in 14.01 ms, found 5 plugins.
Unloading 22 Unused Serialized files (Serialized files now loaded: 0)
Unloading 7404 unused Assets / (6.5 MB). Loaded Objects now: 8326.
Memory consumption went from 345.6 MB to 339.2 MB.
Total: 29.595200 ms (FindLiveObjects: 1.711600 ms CreateObjectMapping: 7.148300 ms MarkObjects: 11.951600 ms  DeleteObjects: 8.781600 ms)

Prepare: number of updated asset objects reloaded= 0
EnvironmentDependencyValues requested are different than current active one (requested -> active):
  graphicsApiMask: 2099200 -> 2361344
========================================================================
Received Import Request.
  Time of request: 2026-08-11T12:06:48.1491771Z
  Time since last request: 513083.37100390001433 seconds.
  importAddress: GUID: 4c19e725cdcd33f4cad4676d0bd128f5 - Path: Assets/TestCaseProject_2D/Scripts/CollectibleItem.cs - Importer: PreviewImporter
Importing 'GUID: 4c19e725cdcd33f4cad4676d0bd128f5 - Path: Assets/TestCaseProject_2D/Scripts/CollectibleItem.cs - Importer: PreviewImporter' with importer (PreviewImporter)
Imported 'GUID: 4c19e725cdcd33f4cad4676d0bd128f5' -> (Import Result ID: '3d16b96a94a83fcf60b60b6ae47abf30') in 0.016 seconds [static and dynamic dependencies]. Details - ImportResultOutputID=3e60fdd23243399a35ecf6b04b74036b DependenciesID=fecaf662740f43f79779a6cefbab3252 StaticDependenciesID=b2e27d39545b747dfe20dc695ced57db 
Number of updated asset objects reloaded before import = 0
Number of asset objects unloaded after import = 0
========================================================================
Received Prepare
AcceleratorClientConnectionCallback - disconnected - :0
Refreshing native plugins compatible for Editor in 7.24 ms, found 5 plugins.
Unloading 22 Unused Serialized files (Serialized files now loaded: 0)
Unloading 23 unused Assets / (2.6 MB). Loaded Objects now: 8328.
Memory consumption went from 341.7 MB to 339.1 MB.
Total: 13.136400 ms (FindLiveObjects: 0.726600 ms CreateObjectMapping: 1.674000 ms MarkObjects: 9.968000 ms  DeleteObjects: 0.765100 ms)

Prepare: number of updated asset objects reloaded= 0
EnvironmentDependencyValues requested are different than current active one (requested -> active):
  graphicsApiMask: 2099200 -> 2361344
========================================================================
Received Prepare
AcceleratorClientConnectionCallback - disconnected - :0
[Licensing::Client] Successfully resolved entitlement details
[Licensing::Module] License group:
  Id: F4-MTMP-WUMR-DFHP-RKY3-XXXX
  Product: Unity Personal
  Type: ULF
  Expiration: Unlimited
[Licensing::Module] License group:
  Id: 18968384186909-UnityPersXXXX
  Product: Unity Personal
  Type: Assigned
  Expiration: Unlimited
[Licensing::Client] Successfully resolved entitlement details
[Licensing::Module] License group:
  Id: F4-MTMP-WUMR-DFHP-RKY3-XXXX
  Product: Unity Personal
  Type: ULF
  Expiration: Unlimited
[Licensing::Module] License group:
  Id: 18968384186909-UnityPersXXXX
  Product: Unity Personal
  Type: Assigned
  Expiration: Unlimited
Begin MonoManager ReloadAssembly
Refreshing native plugins compatible for Editor in 5.83 ms, found 5 plugins.
Native extension for Android target not found
Native extension for WindowsStandalone target not found
Native extension for WebGL target not found
[Package Manager] Failed to launch server process. Reason: Unity was launched with the -noUpm command-line argument
[Package Manager] Unable to send message (not connected to server process).
[Package Manager] Cannot connect to Unity Package Manager local server
[Package Manager] Failed to launch server process. Reason: Unity was launched with the -noUpm command-line argument
[Package Manager] Unable to send message (not connected to server process).
[Package Manager] Cannot connect to Unity Package Manager local server
ScheduleIndexationOnStartup MainProcess:False IndexOnStartup:True
Mono: successfully reloaded assembly
- Finished resetting the current domain, in  1.423 seconds
Domain Reload Profiling: 3615ms
	BeginReloadAssembly (543ms)
		DisableScriptedObjects (96ms)
		CreateAndSetChildDomain (100ms)
	RebuildCommonClasses (16ms)
	RebuildNativeTypeToScriptingClass (33ms)
	initialDomainReloadingComplete (161ms)
	LoadAllAssembliesAndSetupDomain (1438ms)
		LoadAssemblies (848ms)
		AnalyzeDomain (503ms)
			TypeCache.Refresh (22ms)
			BuildScriptInfoCaches (466ms)
			ResolveRequiredComponents (11ms)
	FinalizeReload (1425ms)
		SetupLoadedEditorAssemblies (0ms)
			InitializePlatformSupportModulesInManaged (36ms)
			BeforeProcessingInitializeOnLoad (194ms)
			ProcessInitializeOnLoadAttributes (490ms)
			ProcessInitializeOnLoadMethodAttributes (241ms)
			AfterProcessingInitializeOnLoad (16ms)
		AwakeInstancesAfterBackupRestoration (54ms)
Refreshing native plugins compatible for Editor in 5.23 ms, found 5 plugins.
Unloading 22 Unused Serialized files (Serialized files now loaded: 0)
Unloading 7405 unused Assets / (6.0 MB). Loaded Objects now: 8331.
Memory consumption went from 348.3 MB to 342.2 MB.
Total: 14.970100 ms (FindLiveObjects: 1.039000 ms CreateObjectMapping: 3.288000 ms MarkObjects: 6.575800 ms  DeleteObjects: 4.065600 ms)

Prepare: number of updated asset objects reloaded= 0
EnvironmentDependencyValues requested are different than current active one (requested -> active):
  graphicsApiMask: 2099200 -> 2361344
========================================================================
Received Prepare
AcceleratorClientConnectionCallback - disconnected - :0
Refreshing native plugins compatible for Editor in 6.11 ms, found 5 plugins.
Unloading 22 Unused Serialized files (Serialized files now loaded: 0)
Unloading 23 unused Assets / (2.6 MB). Loaded Objects now: 8331.
Memory consumption went from 343.5 MB to 340.9 MB.
Total: 12.936800 ms (FindLiveObjects: 0.715900 ms CreateObjectMapping: 2.111000 ms MarkObjects: 9.468400 ms  DeleteObjects: 0.640000 ms)

Prepare: number of updated asset objects reloaded= 0
EnvironmentDependencyValues requested are different than current active one (requested -> active):
  graphicsApiMask: 2099200 -> 2361344
========================================================================
Received Import Request.
  Time of request: 2026-08-11T12:12:58.3917166Z
  Time since last request: 370.18801339999999 seconds.
  importAddress: GUID: b275145752d7ba140ab62697f2818627 - Path: Assets/TestCaseProject_2D/Prefabs/CollectiblePrefab.prefab - Importer: PreviewImporter
Importing 'GUID: b275145752d7ba140ab62697f2818627 - Path: Assets/TestCaseProject_2D/Prefabs/CollectiblePrefab.prefab - Importer: PreviewImporter' with importer (PreviewImporter)
Imported 'GUID: b275145752d7ba140ab62697f2818627' -> (Import Result ID: 'c3d42e97074cefbf846b7825bebd9fa8') in 0.719 seconds [static and dynamic dependencies]. Details - ImportResultOutputID=789f44c2bda4e8ceb5516f1cbebfba2a DependenciesID=36d3e32ada27ae745eb80d08cac7a428 StaticDependenciesID=7a139ce1207f14791dd94fb98d70bcef 
Number of updated asset objects reloaded before import = 0
Number of asset objects unloaded after import = 9
========================================================================
Received Prepare
AcceleratorClientConnectionCallback - disconnected - :0
[Licensing::Client] Successfully resolved entitlement details
[Licensing::Module] License group:
  Id: F4-MTMP-WUMR-DFHP-RKY3-XXXX
  Product: Unity Personal
  Type: ULF
  Expiration: Unlimited
[Licensing::Module] License group:
  Id: 18968384186909-UnityPersXXXX
  Product: Unity Personal
  Type: Assigned
  Expiration: Unlimited
[Licensing::Client] Successfully resolved entitlement details
[Licensing::Module] License group:
  Id: F4-MTMP-WUMR-DFHP-RKY3-XXXX
  Product: Unity Personal
  Type: ULF
  Expiration: Unlimited
[Licensing::Module] License group:
  Id: 18968384186909-UnityPersXXXX
  Product: Unity Personal
  Type: Assigned
  Expiration: Unlimited
Begin MonoManager ReloadAssembly
Refreshing native plugins compatible for Editor in 8.24 ms, found 5 plugins.
Native extension for Android target not found
Native extension for WindowsStandalone target not found
Native extension for WebGL target not found
[Package Manager] Failed to launch server process. Reason: Unity was launched with the -noUpm command-line argument
[Package Manager] Unable to send message (not connected to server process).
[Package Manager] Cannot connect to Unity Package Manager local server
[Package Manager] Failed to launch server process. Reason: Unity was launched with the -noUpm command-line argument
[Package Manager] Unable to send message (not connected to server process).
[Package Manager] Cannot connect to Unity Package Manager local server
ScheduleIndexationOnStartup MainProcess:False IndexOnStartup:True
Mono: successfully reloaded assembly
- Finished resetting the current domain, in  1.792 seconds
Domain Reload Profiling: 4068ms
	BeginReloadAssembly (560ms)
		DisableScriptedObjects (91ms)
		CreateAndSetChildDomain (111ms)
	RebuildCommonClasses (18ms)
	RebuildNativeTypeToScriptingClass (33ms)
	initialDomainReloadingComplete (169ms)
	LoadAllAssembliesAndSetupDomain (1495ms)
		LoadAssemblies (801ms)
		AnalyzeDomain (622ms)
			TypeCache.Refresh (23ms)
			BuildScriptInfoCaches (583ms)
			ResolveRequiredComponents (11ms)
	FinalizeReload (1794ms)
		SetupLoadedEditorAssemblies (0ms)
			InitializePlatformSupportModulesInManaged (32ms)
			BeforeProcessingInitializeOnLoad (220ms)
			ProcessInitializeOnLoadAttributes (641ms)
			ProcessInitializeOnLoadMethodAttributes (302ms)
			AfterProcessingInitializeOnLoad (21ms)
		AwakeInstancesAfterBackupRestoration (73ms)
Refreshing native plugins compatible for Editor in 7.57 ms, found 5 plugins.
Unloading 22 Unused Serialized files (Serialized files now loaded: 0)
Unloading 7405 unused Assets / (5.3 MB). Loaded Objects now: 8363.
Memory consumption went from 357.8 MB to 352.4 MB.
Total: 20.666700 ms (FindLiveObjects: 1.209600 ms CreateObjectMapping: 4.231200 ms MarkObjects: 9.912600 ms  DeleteObjects: 5.311700 ms)

Prepare: number of updated asset objects reloaded= 0
EnvironmentDependencyValues requested are different than current active one (requested -> active):
  graphicsApiMask: 2099200 -> 2361344
========================================================================
Received Prepare
AcceleratorClientConnectionCallback - disconnected - :0
Refreshing native plugins compatible for Editor in 7.17 ms, found 5 plugins.
Unloading 22 Unused Serialized files (Serialized files now loaded: 0)
Unloading 23 unused Assets / (2.6 MB). Loaded Objects now: 8363.
Memory consumption went from 352.8 MB to 350.2 MB.
Total: 12.383500 ms (FindLiveObjects: 0.683700 ms CreateObjectMapping: 1.437300 ms MarkObjects: 9.444100 ms  DeleteObjects: 0.816600 ms)

Prepare: number of updated asset objects reloaded= 0
EnvironmentDependencyValues requested are different than current active one (requested -> active):
  graphicsApiMask: 2099200 -> 2361344
========================================================================
Received Import Request.
  Time of request: 2026-08-11T12:14:22.1956756Z
  Time since last request: 83.05094440000001 seconds.
  importAddress: GUID: a168ba7a3b09a444491766c21dc90180 - Path: Assets/TestCaseProject_2D/Prefabs/Block.prefab - Importer: PreviewImporter
Importing 'GUID: a168ba7a3b09a444491766c21dc90180 - Path: Assets/TestCaseProject_2D/Prefabs/Block.prefab - Importer: PreviewImporter' with importer (PreviewImporter)
Imported 'GUID: a168ba7a3b09a444491766c21dc90180' -> (Import Result ID: '831515328d0553a2ebc589c0796c18a1') in 0.681 seconds [static and dynamic dependencies]. Details - ImportResultOutputID=594f4e438e846be282e6acaed97d48af DependenciesID=e3c811932a9c64653256bda63ee29de5 StaticDependenciesID=91f90bfd7b0d7c19832d23ab9742c726 
Number of updated asset objects reloaded before import = 0
Number of asset objects unloaded after import = 31
========================================================================
Received Prepare
AcceleratorClientConnectionCallback - disconnected - :0
Refreshing native plugins compatible for Editor in 7.57 ms, found 5 plugins.
Unloading 22 Unused Serialized files (Serialized files now loaded: 0)
Unloading 23 unused Assets / (2.6 MB). Loaded Objects now: 8457.
Memory consumption went from 357.4 MB to 354.8 MB.
Total: 15.251700 ms (FindLiveObjects: 0.701200 ms CreateObjectMapping: 1.440000 ms MarkObjects: 12.125200 ms  DeleteObjects: 0.983800 ms)

Prepare: number of updated asset objects reloaded= 0
EnvironmentDependencyValues requested are different than current active one (requested -> active):
  graphicsApiMask: 2099200 -> 2361344
========================================================================
Received Import Request.
  Time of request: 2026-08-11T12:14:30.4847956Z
  Time since last request: 7.5843746 seconds.
  importAddress: GUID: a168ba7a3b09a444491766c21dc90180 - Path: Assets/TestCaseProject_2D/Prefabs/Block.prefab - Importer: PreviewImporter
Importing 'GUID: a168ba7a3b09a444491766c21dc90180 - Path: Assets/TestCaseProject_2D/Prefabs/Block.prefab - Importer: PreviewImporter' with importer (PreviewImporter)
Imported 'GUID: a168ba7a3b09a444491766c21dc90180' -> (Import Result ID: 'c9af4c1568809300af9a9c8f54a8ab28') in 0.051 seconds [static and dynamic dependencies]. Details - ImportResultOutputID=594f4e438e846be282e6acaed97d48af DependenciesID=71f3ce16576e38e846ed63ad29896326 StaticDependenciesID=784a543bdd32eb60d6a3ce889838fdac 
Number of updated asset objects reloaded before import = 0
Number of asset objects unloaded after import = 37
========================================================================
Received Import Request.
  Time of request: 2026-08-11T12:17:32.7172107Z
  Time since last request: 182.16006239999999 seconds.
  importAddress: GUID: d29fccc36f7e65e48bc7fd2cfa2a131a - Path: Assets/TestCaseProject_2D/Scenes/GamePlayScene.unity - Importer: ScriptedImporter/UnityEditor.QuickSearchModule:UnityEditor.Search:ASIAI0B
Importing 'GUID: d29fccc36f7e65e48bc7fd2cfa2a131a - Path: Assets/TestCaseProject_2D/Scenes/GamePlayScene.unity - Importer: ScriptedImporter/UnityEditor.QuickSearchModule:UnityEditor.Search:ASIAI0B' with importer (ScriptedImporter : UnityEditor.QuickSearchModule:UnityEditor.Search:ASIAI0B)
Imported 'GUID: d29fccc36f7e65e48bc7fd2cfa2a131a' -> (Import Result ID: '8503b6efe987e18e862cff2eb61db686') in 0.173 seconds [static and dynamic dependencies]. Details - ImportResultOutputID=4223347a29a3054306799a8727731b75 DependenciesID=438201adf379c33c7896940df605db87 StaticDependenciesID=7e86ee5d483ccfb795241b26058546f4 
Number of updated asset objects reloaded before import = 0
Number of asset objects unloaded after import = 1
========================================================================
Received Import Request.
  Time of request: 2026-08-11T12:17:32.9188294Z
  Time since last request: 0.0010911 seconds.
  importAddress: GUID: bf79914b52b21f244accbaaa87793fd5 - Path: Assets/TestCaseProject_2D/Scripts/DestructibleBlock.cs - Importer: ScriptedImporter/UnityEditor.QuickSearchModule:UnityEditor.Search:ASIAI0B
Importing 'GUID: bf79914b52b21f244accbaaa87793fd5 - Path: Assets/TestCaseProject_2D/Scripts/DestructibleBlock.cs - Importer: ScriptedImporter/UnityEditor.QuickSearchModule:UnityEditor.Search:ASIAI0B' with importer (ScriptedImporter : UnityEditor.QuickSearchModule:UnityEditor.Search:ASIAI0B)
Imported 'GUID: bf79914b52b21f244accbaaa87793fd5' -> (Import Result ID: '00bccf82e8d97a8ec0922daca245a0e8') in 0.051 seconds [static and dynamic dependencies]. Details - ImportResultOutputID=c0e214dc7addf1acf3e7c18ffe9ddba1 DependenciesID=1af08532fdf3f9048f6ceeceffe4c69c StaticDependenciesID=9fd809d55d0c6c8a2de3aca876dd4899 
Number of updated asset objects reloaded before import = 0
Number of asset objects unloaded after import = 0
========================================================================
Received Import Request.
  Time of request: 2026-08-11T12:17:33.0157714Z
  Time since last request: 0.0026086 seconds.
  importAddress: GUID: a168ba7a3b09a444491766c21dc90180 - Path: Assets/TestCaseProject_2D/Prefabs/Block.prefab - Importer: ScriptedImporter/UnityEditor.QuickSearchModule:UnityEditor.Search:ASIAI0B
Importing 'GUID: a168ba7a3b09a444491766c21dc90180 - Path: Assets/TestCaseProject_2D/Prefabs/Block.prefab - Importer: ScriptedImporter/UnityEditor.QuickSearchModule:UnityEditor.Search:ASIAI0B' with importer (ScriptedImporter : UnityEditor.QuickSearchModule:UnityEditor.Search:ASIAI0B)
Imported 'GUID: a168ba7a3b09a444491766c21dc90180' -> (Import Result ID: '7ff8af2ed1d098568aa2067c98cfb028') in 0.345 seconds [static and dynamic dependencies]. Details - ImportResultOutputID=94a47f141b7193d57e93eb506924d327 DependenciesID=16b5ad146d5e03378ad4782c227e3ab7 StaticDependenciesID=3edb1924ccf3150df9644c338367d437 
Number of updated asset objects reloaded before import = 0
Number of asset objects unloaded after import = 34
========================================================================
Received Prepare
AcceleratorClientConnectionCallback - disconnected - :0
Refreshing native plugins compatible for Editor in 8.93 ms, found 5 plugins.
Unloading 22 Unused Serialized files (Serialized files now loaded: 0)
Unloading 7390 unused Assets / (6.3 MB). Loaded Objects now: 8458.
Memory consumption went from 365.3 MB to 359.1 MB.
Total: 21.414600 ms (FindLiveObjects: 1.378300 ms CreateObjectMapping: 4.190700 ms MarkObjects: 10.638800 ms  DeleteObjects: 5.204000 ms)

Prepare: number of updated asset objects reloaded= 0
EnvironmentDependencyValues requested are different than current active one (requested -> active):
  graphicsApiMask: 2099200 -> 2361344
========================================================================
Received Import Request.
  Time of request: 2026-08-11T12:17:36.6966488Z
  Time since last request: 3.2982717 seconds.
  importAddress: GUID: 6df1b886ccdf84d42a044f1ced376fe7 - Path: Assets/TestCaseProject_2D/Scripts/FloatingText.cs - Importer: PreviewImporter
Importing 'GUID: 6df1b886ccdf84d42a044f1ced376fe7 - Path: Assets/TestCaseProject_2D/Scripts/FloatingText.cs - Importer: PreviewImporter' with importer (PreviewImporter)
Imported 'GUID: 6df1b886ccdf84d42a044f1ced376fe7' -> (Import Result ID: 'a193578db0c58566ab8190c0843e21c2') in 0.002 seconds [static and dynamic dependencies]. Details - ImportResultOutputID=136174cd63b019f6227d5941f4f7b68d DependenciesID=a7e8fc014037dccc4e8e689eebfcdcc9 StaticDependenciesID=d05ecd9d821278cc06c0c635a709b6f5 
Number of updated asset objects reloaded before import = 0
Number of asset objects unloaded after import = 0
========================================================================
Received Prepare
AcceleratorClientConnectionCallback - disconnected - :0
[Licensing::Client] Successfully resolved entitlement details
[Licensing::Module] License group:
  Id: F4-MTMP-WUMR-DFHP-RKY3-XXXX
  Product: Unity Personal
  Type: ULF
  Expiration: Unlimited
[Licensing::Module] License group:
  Id: 18968384186909-UnityPersXXXX
  Product: Unity Personal
  Type: Assigned
  Expiration: Unlimited
[Licensing::Client] Successfully resolved entitlement details
[Licensing::Module] License group:
  Id: F4-MTMP-WUMR-DFHP-RKY3-XXXX
  Product: Unity Personal
  Type: ULF
  Expiration: Unlimited
[Licensing::Module] License group:
  Id: 18968384186909-UnityPersXXXX
  Product: Unity Personal
  Type: Assigned
  Expiration: Unlimited
Begin MonoManager ReloadAssembly
Refreshing native plugins compatible for Editor in 9.15 ms, found 5 plugins.
Native extension for Android target not found
Native extension for WindowsStandalone target not found
Native extension for WebGL target not found
[Package Manager] Failed to launch server process. Reason: Unity was launched with the -noUpm command-line argument
[Package Manager] Unable to send message (not connected to server process).
[Package Manager] Cannot connect to Unity Package Manager local server
[Package Manager] Failed to launch server process. Reason: Unity was launched with the -noUpm command-line argument
[Package Manager] Unable to send message (not connected to server process).
[Package Manager] Cannot connect to Unity Package Manager local server
ScheduleIndexationOnStartup MainProcess:False IndexOnStartup:True
Mono: successfully reloaded assembly
- Finished resetting the current domain, in  2.807 seconds
Domain Reload Profiling: 6548ms
	BeginReloadAssembly (901ms)
		DisableScriptedObjects (169ms)
		CreateAndSetChildDomain (159ms)
	RebuildCommonClasses (21ms)
	RebuildNativeTypeToScriptingClass (46ms)
	initialDomainReloadingComplete (176ms)
	LoadAllAssembliesAndSetupDomain (2594ms)
		LoadAssemblies (1453ms)
		AnalyzeDomain (998ms)
			TypeCache.Refresh (30ms)
				TypeCache.ScanAssembly (3ms)
			BuildScriptInfoCaches (925ms)
			ResolveRequiredComponents (33ms)
	FinalizeReload (2809ms)
		SetupLoadedEditorAssemblies (0ms)
			InitializePlatformSupportModulesInManaged (46ms)
			BeforeProcessingInitializeOnLoad (280ms)
			ProcessInitializeOnLoadAttributes (1143ms)
			ProcessInitializeOnLoadMethodAttributes (488ms)
			AfterProcessingInitializeOnLoad (22ms)
		AwakeInstancesAfterBackupRestoration (90ms)
Refreshing native plugins compatible for Editor in 13.73 ms, found 5 plugins.
Unloading 22 Unused Serialized files (Serialized files now loaded: 0)
Unloading 7406 unused Assets / (5.5 MB). Loaded Objects now: 8388.
Memory consumption went from 366.0 MB to 360.6 MB.
Total: 38.669600 ms (FindLiveObjects: 1.753000 ms CreateObjectMapping: 7.581900 ms MarkObjects: 21.195100 ms  DeleteObjects: 8.107200 ms)

Prepare: number of updated asset objects reloaded= 0
EnvironmentDependencyValues requested are different than current active one (requested -> active):
  graphicsApiMask: 2099200 -> 2361344
========================================================================
Received Import Request.
  Time of request: 2026-08-11T12:18:01.9937535Z
  Time since last request: 25.0501419 seconds.
  importAddress: GUID: 6df1b886ccdf84d42a044f1ced376fe7 - Path: Assets/TestCaseProject_2D/Scripts/FloatingText.cs - Importer: PreviewImporter
Importing 'GUID: 6df1b886ccdf84d42a044f1ced376fe7 - Path: Assets/TestCaseProject_2D/Scripts/FloatingText.cs - Importer: PreviewImporter' with importer (PreviewImporter)
Imported 'GUID: 6df1b886ccdf84d42a044f1ced376fe7' -> (Import Result ID: '00000000000000000000000000000000') in 0.004 seconds
Import Error Code:(4)
Message: Build asset version error: assets/testcaseproject_2d/scripts/floatingtext.cs in SourceAssetDB has modification time of '2026-08-11T12:17:34.9407767Z' while content on disk has modification time of '2026-08-11T12:17:54.3412853Z'
  ERROR: Build asset version error: assets/testcaseproject_2d/scripts/floatingtext.cs in SourceAssetDB has modification time of '2026-08-11T12:17:34.9407767Z' while content on disk has modification time of '2026-08-11T12:17:54.3412853Z'
Number of updated asset objects reloaded before import = 0
Number of asset objects unloaded after import = 0
========================================================================
Received Import Request.
  Time of request: 2026-08-11T12:18:02.0317503Z
  Time since last request: 0.0060134 seconds.
  importAddress: GUID: 6df1b886ccdf84d42a044f1ced376fe7 - Path: Assets/TestCaseProject_2D/Scripts/FloatingText.cs - Importer: PreviewImporter
Importing 'GUID: 6df1b886ccdf84d42a044f1ced376fe7 - Path: Assets/TestCaseProject_2D/Scripts/FloatingText.cs - Importer: PreviewImporter' with importer (PreviewImporter)
Imported 'GUID: 6df1b886ccdf84d42a044f1ced376fe7' -> (Import Result ID: '00000000000000000000000000000000') in 0.003 seconds
Import Error Code:(4)
Message: Build asset version error: assets/testcaseproject_2d/scripts/floatingtext.cs in SourceAssetDB has modification time of '2026-08-11T12:17:34.9407767Z' while content on disk has modification time of '2026-08-11T12:17:54.3412853Z'
  ERROR: Build asset version error: assets/testcaseproject_2d/scripts/floatingtext.cs in SourceAssetDB has modification time of '2026-08-11T12:17:34.9407767Z' while content on disk has modification time of '2026-08-11T12:17:54.3412853Z'
Number of updated asset objects reloaded before import = 0
Number of asset objects unloaded after import = 0
========================================================================
Received Prepare
AcceleratorClientConnectionCallback - disconnected - :0
Begin MonoManager ReloadAssembly
Refreshing native plugins compatible for Editor in 8.45 ms, found 5 plugins.
Native extension for Android target not found
Native extension for WindowsStandalone target not found
Native extension for WebGL target not found
[Package Manager] Failed to launch server process. Reason: Unity was launched with the -noUpm command-line argument
[Package Manager] Unable to send message (not connected to server process).
[Package Manager] Cannot connect to Unity Package Manager local server
[Package Manager] Failed to launch server process. Reason: Unity was launched with the -noUpm command-line argument
[Package Manager] Unable to send message (not connected to server process).
[Package Manager] Cannot connect to Unity Package Manager local server
ScheduleIndexationOnStartup MainProcess:False IndexOnStartup:True
[Licensing::Client] Successfully resolved entitlement details
[Licensing::Module] License group:
  Id: F4-MTMP-WUMR-DFHP-RKY3-XXXX
  Product: Unity Personal
  Type: ULF
  Expiration: Unlimited
[Licensing::Module] License group:
  Id: 18968384186909-UnityPersXXXX
  Product: Unity Personal
  Type: Assigned
  Expiration: Unlimited
Mono: successfully reloaded assembly
- Finished resetting the current domain, in  1.991 seconds
Domain Reload Profiling: 5482ms
	BeginReloadAssembly (900ms)
		DisableScriptedObjects (204ms)
		CreateAndSetChildDomain (183ms)
	RebuildCommonClasses (24ms)
	RebuildNativeTypeToScriptingClass (42ms)
	initialDomainReloadingComplete (207ms)
	LoadAllAssembliesAndSetupDomain (2316ms)
		LoadAssemblies (1489ms)
		AnalyzeDomain (774ms)
			TypeCache.Refresh (27ms)
			BuildScriptInfoCaches (732ms)
			ResolveRequiredComponents (11ms)
	FinalizeReload (1994ms)
		SetupLoadedEditorAssemblies (0ms)
			InitializePlatformSupportModulesInManaged (33ms)
			BeforeProcessingInitializeOnLoad (232ms)
			ProcessInitializeOnLoadAttributes (760ms)
			ProcessInitializeOnLoadMethodAttributes (284ms)
			AfterProcessingInitializeOnLoad (28ms)
		AwakeInstancesAfterBackupRestoration (85ms)
Refreshing native plugins compatible for Editor in 7.06 ms, found 5 plugins.
Unloading 22 Unused Serialized files (Serialized files now loaded: 0)
Unloading 7406 unused Assets / (6.2 MB). Loaded Objects now: 8391.
Memory consumption went from 365.4 MB to 359.2 MB.
Total: 20.703700 ms (FindLiveObjects: 1.320000 ms CreateObjectMapping: 4.439400 ms MarkObjects: 9.464000 ms  DeleteObjects: 5.478200 ms)

Prepare: number of updated asset objects reloaded= 0
EnvironmentDependencyValues requested are different than current active one (requested -> active):
  graphicsApiMask: 2099200 -> 2361344
========================================================================
Received Prepare
AcceleratorClientConnectionCallback - disconnected - :0
Refreshing native plugins compatible for Editor in 9.15 ms, found 5 plugins.
Unloading 22 Unused Serialized files (Serialized files now loaded: 0)
Unloading 23 unused Assets / (2.6 MB). Loaded Objects now: 8391.
Memory consumption went from 360.7 MB to 358.1 MB.
Total: 15.297800 ms (FindLiveObjects: 0.925400 ms CreateObjectMapping: 1.991600 ms MarkObjects: 11.663800 ms  DeleteObjects: 0.714500 ms)

Prepare: number of updated asset objects reloaded= 0
EnvironmentDependencyValues requested are different than current active one (requested -> active):
  graphicsApiMask: 2099200 -> 2361344
Editor requested this worker to shutdown with reason: Scaling down because of idle timeout
AcceleratorClientConnectionCallback - disconnected - :0
AssetImportWorker is now disconnected from the server
Process exiting
Exiting without the bug reporter. Application will terminate with return code 0