[Licensing::Module] Trying to connect to existing licensing client channel...
Built from '6000.5/staging' branch; Version is '6000.5.6f1 (0e0577a1a2ac) revision 918903'; Using compiler version '194234433'; Build Type 'Release'
OS: 'Windows 11  (10.0.26200) CoreSingleLanguage' Language: 'tr' Physical Memory: 16159 MB
BatchMode: 1, IsHumanControllingUs: 0, StartBugReporterOnCrash: 0, Is64bit: 1
System  architecture: x64
Process architecture: x64
Date: 2026-08-11T11:08:09Z
[Licensing::IpcConnector] Successfully connected to: "LicenseClient-yunus" at "2026-08-11T11:08:09.2023362Z"

COMMAND LINE ARGUMENTS:
C:\Program Files\Unity\Hub\Editor\6000.5.6f1\Editor\Unity.exe
-adb2
-batchMode
-noUpm
-name
AssetImportWorkerHW6
-projectPath
C:/Users/yunus/OneDrive/Desktop/Unity_Projeler/TestCasePROJECT_2D
-logFile
Logs/AssetImportWorkerHW6.log
-srvPort
49717
-parentPid
27244
-analyticsCloudUserId
18968384186909
-analyticsCloudProjectId
d92f9afb-1f10-4337-9607-bf242538841c
-analyticsLocalProjectId
0b0e13ee869db2340a690cc5e876353c
-editorAnalyticsEnabled
1
-cbmEditorLicense
9f68bb17b1f5ac1c44ea72d313f9daebd27bb73f
-cbmMachineId
dG88/b0MD9H3/o5tNW186CRXve8=
-noDiagnosticSwitchPersistentStore
-job-worker-count
5
-background-job-worker-count
8
-asset-garbage-collectors
1
-force-d3d12
-name
AssetImport
Successfully changed project path to: C:/Users/yunus/OneDrive/Desktop/Unity_Projeler/TestCasePROJECT_2D
C:/Users/yunus/OneDrive/Desktop/Unity_Projeler/TestCasePROJECT_2D
[UnityMemory] Configuration Parameters - Can be set up in boot.config
    "memorysetup-temp-allocator-size-gi-baking-worker=262144"
    "memorysetup-temp-allocator-size-gi-baking-worker=262144"
    "memorysetup-temp-allocator-size-gi-baking-worker=262144"
    "memorysetup-temp-allocator-size-gi-baking-worker=262144"
    "memorysetup-temp-allocator-size-gi-baking-worker=262144"
    "memorysetup-temp-allocator-size-nav-mesh-worker=65536"
    "memorysetup-temp-allocator-size-audio-worker=65536"
    "memorysetup-temp-allocator-size-cloud-worker=32768"
    "memorysetup-temp-allocator-size-gfx=262144"
    "memorysetup-temp-allocator-size-preload-manager=33554432"
    "memorysetup-allocator-temp-initial-block-size-main=262144"
    "memorysetup-allocator-temp-initial-block-size-worker=262144"
    "memorysetup-temp-allocator-size-job-worker=262144"
    "memorysetup-temp-allocator-size-background-worker=32768"
    "memorysetup-bucket-allocator-granularity=16"
    "memorysetup-bucket-allocator-bucket-count=8"
    "memorysetup-bucket-allocator-block-size=33554432"
    "memorysetup-bucket-allocator-block-count=8"
    "memorysetup-main-allocator-block-size=16777216"
    "memorysetup-thread-allocator-block-size=16777216"
    "memorysetup-main-allocator-mimalloc-enabled=0"
    "memorysetup-gfx-main-allocator-block-size=16777216"
    "memorysetup-gfx-thread-allocator-block-size=16777216"
    "memorysetup-cache-allocator-block-size=4194304"
    "memorysetup-typetree-allocator-block-size=2097152"
    "memorysetup-profiler-bucket-allocator-granularity=16"
    "memorysetup-profiler-bucket-allocator-bucket-count=8"
    "memorysetup-profiler-bucket-allocator-block-size=33554432"
    "memorysetup-profiler-bucket-allocator-block-count=8"
    "memorysetup-profiler-allocator-block-size=16777216"
    "memorysetup-profiler-editor-allocator-block-size=1048576"
    "memorysetup-temp-allocator-size-main=16777216"
    "memorysetup-job-temp-allocator-block-size=2097152"
    "memorysetup-job-temp-allocator-block-size-background=1048576"
    "memorysetup-job-temp-allocator-reduction-small-platforms=262144"
Player connection [39380]  Target information:

Player connection [39380]  * "[IP] 172.16.0.2 [Port] 0 [Flags] 2 [Guid] 980642076 [EditorId] 980642076 [Version] 1048832 [Id] WindowsEditor(7,YunusEmre) [Debug] 1 [PackageName] WindowsEditor [ProjectName] Editor" 

Player connection [39380]  * "[IP] 192.168.2.127 [Port] 0 [Flags] 2 [Guid] 980642076 [EditorId] 980642076 [Version] 1048832 [Id] WindowsEditor(7,YunusEmre) [Debug] 1 [PackageName] WindowsEditor [ProjectName] Editor" 

Player connection [39380] Host joined multi-casting on [225.0.0.222:54997]...
Player connection [39380] Host joined alternative multi-casting on [225.0.0.222:34997]...
JobSystem: Creating JobQueue using job-worker-count value 5
Input System module state changed to: Initialized.
[Physics::Module] Initialized fallback backend.
[Physics::Module] Id: 0xdecafbad
Library Redirect Path: Library/
[Physics::Module] Selected backend.
[Physics::Module] Name: PhysX
[Physics::Module] Id: 0xf2b8ea05
[Physics::Module] SDK Version: 4.1.2
[Physics::Module] Integration Version: 1.0.0
[Physics::Module] Threading Mode: Multi-Threaded
Active build profile path: `Assets/Settings/Build Profiles/Android™.asset`
Got setting from build profile YAML, name `m_BuildSubtarget`, value `0`
[Licensing::Module] Licensing is not yet initialized.
[Licensing::Client] Error: HandshakeResponse reported an error:
	ResponseCode: 505
	ResponseStatus: Unsupported protocol version '1.18.1'.
[Licensing::Module] Error: Failed to handshake to channel: "LicenseClient-yunus"
[Licensing::IpcConnector] LicenseClient-yunus channel disconnected successfully.
[Licensing::IpcConnector] Successfully connected to: "LicenseClient-yunus-6000.5.6" at "2026-08-11T11:08:13.2688593Z"
[Licensing::Client] Code 10 while verifying Licensing Client signature (process Id: 27944, path: "C:/Program Files/Unity/Hub/Editor/6000.5.6f1/Editor/Data/Resources/Licensing/Client/Unity.Licensing.Client.exe")
[Licensing::Module] LicensingClient has failed validation; ignoring
[Licensing::Client] Handshaking with LicensingClient:
  Version:                 1.18.1+9fbee8e
  Session Id:              084ee77dbcfb49ed9aa67aad022b3d62
  Correlation Id:          3c7c09899873c8fe916880216a641bf9
  External correlation Id: 4530967726468271990
  Machine Id:              dG88/b0MD9H3/o5tNW186CRXve8=
[Licensing::Module] Successfully connected to LicensingClient on channel: "LicenseClient-yunus-6000.5.6" (connect: 0.00s, validation: 0.00s, handshake: 0.03s)
[Licensing::IpcConnector] Successfully connected to: "LicenseClient-yunus-6000.5.6-notifications" at "2026-08-11T11:08:13.2978365Z"
[Licensing::Module] Licensing Background thread has ended after 4.10s
[Licensing::Module] Licensing is initialized (took 3.33s).
[Licensing::Client] Successfully resolved entitlement details
[Licensing::Module] License group:
  Id: F4-MTMP-WUMR-DFHP-RKY3-XXXX
  Product: Unity Personal
  Type: ULF
  Expiration: Unlimited
[Licensing::Module] License group:
  Id: 18968384186909-UnityPersXXXX
  Product: Unity Personal
  Type: Assigned
  Expiration: Unlimited
Got setting from build profile YAML, name `m_BuildTarget`, value `13`
Got setting from build profile YAML, name `m_Subtarget`, value `0`
Refreshing native plugins compatible for Editor in 35.66 ms, found 5 plugins.
Initialize engine version: 6000.5.6f1 (0e0577a1a2ac)
[Subsystems] Discovering subsystems at path C:/Program Files/Unity/Hub/Editor/6000.5.6f1/Editor/Data/Resources/UnitySubsystems
[Subsystems] Discovering subsystems at path C:/Users/yunus/OneDrive/Desktop/Unity_Projeler/TestCasePROJECT_2D/Assets
Forcing GfxDevice: Direct3D 12
GfxDevice: creating device client; kGfxThreadingModeNonThreaded
d3d12: failed to query info queue interface (0x80004002).
Direct3D:
    Version:         Direct3D 12 [level 12.1]
    Renderer:        NVIDIA GeForce GTX 1650 (ID=0x1f9d)
    Vendor:          NVIDIA
    VRAM:            3935 MB
    App VRAM Budget: 3344 MB
    Driver:          32.0.16.1074
Got setting from build profile YAML, name `m_BuildSubtarget`, value `0`
Got setting from build profile YAML, name `m_BuildSubtarget`, value `0`
Got setting from build profile YAML, name `m_BuildSubtarget`, value `0`
Initialize mono
Mono path[0] = 'C:/Program Files/Unity/Hub/Editor/6000.5.6f1/Editor/Data/Managed'
Mono path[1] = 'C:/Program Files/Unity/Hub/Editor/6000.5.6f1/Editor/Data/BCLExtensions/runtime/netstandard2.1'
Mono path[2] = 'C:/Program Files/Unity/Hub/Editor/6000.5.6f1/Editor/Data/MonoBleedingEdge/lib/mono/unityjit-win32'
Mono config path = 'C:/Program Files/Unity/Hub/Editor/6000.5.6f1/Editor/Data/MonoBleedingEdge/etc'
Using monoOptions --debugger-agent=transport=dt_socket,embedding=1,server=y,suspend=n,address=127.0.0.1:56508
CodeReloadManager initialized
Got setting from build profile YAML, name `m_BuildSubtarget`, value `0`
Got setting from build profile YAML, name `m_BuildSubtarget`, value `0`
Begin MonoManager ReloadAssembly
Registering precompiled unity dll's ...
Register platform support module: C:/Program Files/Unity/Hub/Editor/6000.5.6f1/Editor/Data/PlaybackEngines/WebGLSupport/UnityEditor.WebGL.Extensions.dll
Register platform support module: C:/Program Files/Unity/Hub/Editor/6000.5.6f1/Editor/Data/PlaybackEngines/WindowsStandaloneSupport/UnityEditor.WindowsStandalone.Extensions.dll
Register platform support module: C:/Program Files/Unity/Hub/Editor/6000.5.6f1/Editor/Data/PlaybackEngines/AndroidPlayer/UnityEditor.Android.Extensions.dll
Registered in 0.016670 seconds.
Got setting from build profile YAML, name `m_BuildSubtarget`, value `0`
Got setting from build profile YAML, name `m_BuildSubtarget`, value `0`
Got setting from build profile YAML, name `m_BuildSubtarget`, value `0`
Got setting from build profile YAML, name `m_BuildSubtarget`, value `0`
Native extension for Android target not found
Native extension for WindowsStandalone target not found
Native extension for WebGL target not found
Package Manager log level set to [2]
[Package Manager] Failed to launch server process. Reason: Unity was launched with the -noUpm command-line argument
[Package Manager] Unable to send message (not connected to server process).
[Package Manager] Cannot connect to Unity Package Manager local server
ScheduleIndexationOnStartup MainProcess:False IndexOnStartup:True
Mono: successfully reloaded assembly
- Finished resetting the current domain, in  1.338 seconds
Domain Reload Profiling: 3466ms
	BeginReloadAssembly (465ms)
	RebuildCommonClasses (11ms)
	RebuildNativeTypeToScriptingClass (54ms)
	initialDomainReloadingComplete (263ms)
	LoadAllAssembliesAndSetupDomain (1331ms)
		LoadAssemblies (459ms)
		AnalyzeDomain (1039ms)
			TypeCache.Refresh (1034ms)
				TypeCache.ScanAssembly (985ms)
	FinalizeReload (1342ms)
		SetupLoadedEditorAssemblies (0ms)
			InitializePlatformSupportModulesInManaged (207ms)
			BeforeProcessingInitializeOnLoad (282ms)
			ProcessInitializeOnLoadAttributes (236ms)
			ProcessInitializeOnLoadMethodAttributes (325ms)
Got setting from build profile YAML, name `m_BuildSubtarget`, value `0`
Got setting from build profile YAML, name `m_BuildSubtarget`, value `0`
Initializing Unity extensions:
[Licensing::Client] Successfully resolved entitlement details
[Licensing::Module] License group:
  Id: F4-MTMP-WUMR-DFHP-RKY3-XXXX
  Product: Unity Personal
  Type: ULF
  Expiration: Unlimited
[Licensing::Module] License group:
  Id: 18968384186909-UnityPersXXXX
  Product: Unity Personal
  Type: Assigned
  Expiration: Unlimited
Got setting from build profile YAML, name `m_BuildSubtarget`, value `0`
Got setting from build profile YAML, name `m_BuildSubtarget`, value `0`
========================================================================
Worker process is ready to serve import requests
Import Worker Mode flag is 0x00
Got setting from build profile YAML, name `m_BuildSubtarget`, value `0`
Got setting from build profile YAML, name `m_BuildSubtarget`, value `0`
Got setting from build profile YAML, name `m_BuildSubtarget`, value `0`
Got setting from build profile YAML, name `m_BuildSubtarget`, value `0`
Got setting from build profile YAML, name `m_Development`, value `0`
Got setting from build profile YAML, name `m_BuildSubtarget`, value `0`
Got setting from build profile YAML, name `m_BuildSubtarget`, value `0`
Got setting from build profile YAML, name `m_BuildSubtarget`, value `0`
Begin MonoManager ReloadAssembly
Refreshing native plugins compatible for Editor in 15.80 ms, found 5 plugins.
Native extension for Android target not found
Native extension for WindowsStandalone target not found
Native extension for WebGL target not found
[Package Manager] Failed to launch server process. Reason: Unity was launched with the -noUpm command-line argument
[Package Manager] Unable to send message (not connected to server process).
[Package Manager] Cannot connect to Unity Package Manager local server
Refreshing native plugins compatible for Editor in 7.13 ms, found 5 plugins.
[Package Manager] Failed to launch server process. Reason: Unity was launched with the -noUpm command-line argument
[Package Manager] Unable to send message (not connected to server process).
[Package Manager] Cannot connect to Unity Package Manager local server
ScheduleIndexationOnStartup MainProcess:False IndexOnStartup:True
Mono: successfully reloaded assembly
- Finished resetting the current domain, in  2.183 seconds
Domain Reload Profiling: 4389ms
	BeginReloadAssembly (422ms)
		DisableScriptedObjects (52ms)
		CreateAndSetChildDomain (49ms)
	RebuildCommonClasses (16ms)
	RebuildNativeTypeToScriptingClass (35ms)
	initialDomainReloadingComplete (133ms)
	LoadAllAssembliesAndSetupDomain (1599ms)
		LoadAssemblies (875ms)
		AnalyzeDomain (583ms)
			TypeCache.Refresh (403ms)
				TypeCache.ScanAssembly (370ms)
			BuildScriptInfoCaches (166ms)
			ResolveRequiredComponents (9ms)
	FinalizeReload (2185ms)
		SetupLoadedEditorAssemblies (0ms)
			InitializePlatformSupportModulesInManaged (46ms)
			BeforeProcessingInitializeOnLoad (230ms)
			ProcessInitializeOnLoadAttributes (685ms)
			ProcessInitializeOnLoadMethodAttributes (676ms)
			AfterProcessingInitializeOnLoad (18ms)
		AwakeInstancesAfterBackupRestoration (32ms)
AcceleratorClientConnectionCallback - disconnected - :0
Launched and connected shader compiler UnityShaderCompiler.exe after 0.04 seconds
Refreshing native plugins compatible for Editor in 11.35 ms, found 5 plugins.
Unloading 22 Unused Serialized files (Serialized files now loaded: 0)
Curl error 3: URL rejected: Malformed input to a URL function
Unloading 7406 unused Assets / (6.7 MB). Loaded Objects now: 8321.
Memory consumption went from 354.9 MB to 348.2 MB.
Total: 29.286600 ms (FindLiveObjects: 1.923600 ms CreateObjectMapping: 6.449600 ms MarkObjects: 13.505800 ms  DeleteObjects: 7.403200 ms)

========================================================================
Received Prepare
AcceleratorClientConnectionCallback - disconnected - :0
Refreshing native plugins compatible for Editor in 13.64 ms, found 5 plugins.
Unloading 22 Unused Serialized files (Serialized files now loaded: 0)
Unloading 22 unused Assets / (2.6 MB). Loaded Objects now: 8321.
Memory consumption went from 346.7 MB to 344.1 MB.
Total: 24.120900 ms (FindLiveObjects: 0.947300 ms CreateObjectMapping: 2.618100 ms MarkObjects: 19.557200 ms  DeleteObjects: 0.995500 ms)

Prepare: number of updated asset objects reloaded= 0
EnvironmentDependencyValues requested are different than current active one (requested -> active):
  graphicsApiMask: 2099200 -> 2361344
========================================================================
Received Import Request.
  Time of request: 2026-08-11T11:08:40.5061041Z
  Time since last request: 509595.72793180000735 seconds.
  importAddress: GUID: 6b7cbb0af730635429415cf40b472536 - Path: Assets/TestCaseProject_2D/Prefabs/BlockExplosion.prefab - Importer: PreviewImporter
Importing 'GUID: 6b7cbb0af730635429415cf40b472536 - Path: Assets/TestCaseProject_2D/Prefabs/BlockExplosion.prefab - Importer: PreviewImporter' with importer (PreviewImporter)
Imported 'GUID: 6b7cbb0af730635429415cf40b472536' -> (Import Result ID: '5f29ffc71d2cb0206bc2c3a57d3b6161') in 1.011 seconds [static and dynamic dependencies]. Details - ImportResultOutputID=5836b0bf66eb601e9dbcbda9a6a6a321 DependenciesID=af1738678983dee1883b51dc79d4610a StaticDependenciesID=17f57d2d1dc1ee74af0aa996aa157430 
Number of updated asset objects reloaded before import = 0
Number of asset objects unloaded after import = 7
========================================================================
Received Prepare
AcceleratorClientConnectionCallback - disconnected - :0
Refreshing native plugins compatible for Editor in 9.90 ms, found 5 plugins.
Unloading 22 Unused Serialized files (Serialized files now loaded: 0)
Unloading 23 unused Assets / (2.6 MB). Loaded Objects now: 8426.
Memory consumption went from 356.9 MB to 354.3 MB.
Total: 23.513900 ms (FindLiveObjects: 1.093800 ms CreateObjectMapping: 1.687600 ms MarkObjects: 19.356900 ms  DeleteObjects: 1.372800 ms)

Prepare: number of updated asset objects reloaded= 0
EnvironmentDependencyValues requested are different than current active one (requested -> active):
  graphicsApiMask: 2099200 -> 2361344
========================================================================
Received Import Request.
  Time of request: 2026-08-11T11:09:29.5976501Z
  Time since last request: 48.0369725 seconds.
  importAddress: GUID: a168ba7a3b09a444491766c21dc90180 - Path: Assets/TestCaseProject_2D/Prefabs/Block.prefab - Importer: PreviewImporter
Importing 'GUID: a168ba7a3b09a444491766c21dc90180 - Path: Assets/TestCaseProject_2D/Prefabs/Block.prefab - Importer: PreviewImporter' with importer (PreviewImporter)
Imported 'GUID: a168ba7a3b09a444491766c21dc90180' -> (Import Result ID: '52321385035e77081d6cb9444b8ee77f') in 0.116 seconds [static and dynamic dependencies]. Details - ImportResultOutputID=594f4e438e846be282e6acaed97d48af DependenciesID=6f4495a130fa415a753537c0272887b3 StaticDependenciesID=0cff22948f16760ee90f69471dc67098 
Number of updated asset objects reloaded before import = 0
Number of asset objects unloaded after import = 31
========================================================================
Received Prepare
AcceleratorClientConnectionCallback - disconnected - :0
Refreshing native plugins compatible for Editor in 7.78 ms, found 5 plugins.
Unloading 22 Unused Serialized files (Serialized files now loaded: 0)
Unloading 23 unused Assets / (2.6 MB). Loaded Objects now: 8427.
Memory consumption went from 357.9 MB to 355.2 MB.
Total: 19.231400 ms (FindLiveObjects: 0.851900 ms CreateObjectMapping: 1.524900 ms MarkObjects: 16.053300 ms  DeleteObjects: 0.798200 ms)

Prepare: number of updated asset objects reloaded= 0
EnvironmentDependencyValues requested are different than current active one (requested -> active):
  graphicsApiMask: 2099200 -> 2361344
========================================================================
Received Import Request.
  Time of request: 2026-08-11T11:23:56.200515Z
  Time since last request: 866.45811470000001 seconds.
  importAddress: GUID: a168ba7a3b09a444491766c21dc90180 - Path: Assets/TestCaseProject_2D/Prefabs/Block.prefab - Importer: PreviewImporter
Importing 'GUID: a168ba7a3b09a444491766c21dc90180 - Path: Assets/TestCaseProject_2D/Prefabs/Block.prefab - Importer: PreviewImporter' with importer (PreviewImporter)
Imported 'GUID: a168ba7a3b09a444491766c21dc90180' -> (Import Result ID: '9464e8b751c259fd4f713a2470434243') in 0.144 seconds [static and dynamic dependencies]. Details - ImportResultOutputID=594f4e438e846be282e6acaed97d48af DependenciesID=3cec23c261c75764ff3c465889446b90 StaticDependenciesID=0cff22948f16760ee90f69471dc67098 
Number of updated asset objects reloaded before import = 0
Number of asset objects unloaded after import = 31
========================================================================
Received Import Request.
  Time of request: 2026-08-11T11:23:56.3733099Z
  Time since last request: 0.0052117 seconds.
  importAddress: GUID: 6b7cbb0af730635429415cf40b472536 - Path: Assets/TestCaseProject_2D/Prefabs/BlockExplosion.prefab - Importer: PreviewImporter
Importing 'GUID: 6b7cbb0af730635429415cf40b472536 - Path: Assets/TestCaseProject_2D/Prefabs/BlockExplosion.prefab - Importer: PreviewImporter' with importer (PreviewImporter)
Imported 'GUID: 6b7cbb0af730635429415cf40b472536' -> (Import Result ID: '774ae022b98b18afbdd5a541622ec7a1') in 0.015 seconds [static and dynamic dependencies]. Details - ImportResultOutputID=5836b0bf66eb601e9dbcbda9a6a6a321 DependenciesID=a3cd79ea74bb198f06ebfcf893ce1e4a StaticDependenciesID=aab9dc2f12897ad5dc8e62e702e62f72 
Number of updated asset objects reloaded before import = 0
Number of asset objects unloaded after import = 6
========================================================================
Received Import Request.
  Time of request: 2026-08-11T11:24:10.0746504Z
  Time since last request: 13.6635995 seconds.
  importAddress: GUID: a168ba7a3b09a444491766c21dc90180 - Path: Assets/TestCaseProject_2D/Prefabs/Block.prefab - Importer: PreviewImporter
Importing 'GUID: a168ba7a3b09a444491766c21dc90180 - Path: Assets/TestCaseProject_2D/Prefabs/Block.prefab - Importer: PreviewImporter' with importer (PreviewImporter)
Imported 'GUID: a168ba7a3b09a444491766c21dc90180' -> (Import Result ID: '6092fb540b5094bb02e69a084bd38650') in 0.060 seconds [static and dynamic dependencies]. Details - ImportResultOutputID=594f4e438e846be282e6acaed97d48af DependenciesID=018577ab937aff0fec592d064ff10acc StaticDependenciesID=0cff22948f16760ee90f69471dc67098 
Number of updated asset objects reloaded before import = 0
Number of asset objects unloaded after import = 31
========================================================================
Received Import Request.
  Time of request: 2026-08-11T11:24:12.6565027Z
  Time since last request: 2.4989748 seconds.
  importAddress: GUID: a168ba7a3b09a444491766c21dc90180 - Path: Assets/TestCaseProject_2D/Prefabs/Block.prefab - Importer: PreviewImporter
Importing 'GUID: a168ba7a3b09a444491766c21dc90180 - Path: Assets/TestCaseProject_2D/Prefabs/Block.prefab - Importer: PreviewImporter' with importer (PreviewImporter)
Imported 'GUID: a168ba7a3b09a444491766c21dc90180' -> (Import Result ID: 'e1fe53bb74fea0853d115c1e4bdc1cb4') in 0.060 seconds [static and dynamic dependencies]. Details - ImportResultOutputID=594f4e438e846be282e6acaed97d48af DependenciesID=25cf5aadf1aaf32f29303371dd5a6c98 StaticDependenciesID=0cff22948f16760ee90f69471dc67098 
Number of updated asset objects reloaded before import = 0
Number of asset objects unloaded after import = 31
========================================================================
Received Prepare
AcceleratorClientConnectionCallback - disconnected - :0
[Licensing::Client] Successfully resolved entitlement details
[Licensing::Module] License group:
  Id: F4-MTMP-WUMR-DFHP-RKY3-XXXX
  Product: Unity Personal
  Type: ULF
  Expiration: Unlimited
[Licensing::Module] License group:
  Id: 18968384186909-UnityPersXXXX
  Product: Unity Personal
  Type: Assigned
  Expiration: Unlimited
[Licensing::Client] Successfully resolved entitlement details
[Licensing::Module] License group:
  Id: F4-MTMP-WUMR-DFHP-RKY3-XXXX
  Product: Unity Personal
  Type: ULF
  Expiration: Unlimited
[Licensing::Module] License group:
  Id: 18968384186909-UnityPersXXXX
  Product: Unity Personal
  Type: Assigned
  Expiration: Unlimited
Begin MonoManager ReloadAssembly
Refreshing native plugins compatible for Editor in 6.20 ms, found 5 plugins.
Native extension for Android target not found
Native extension for WindowsStandalone target not found
Native extension for WebGL target not found
[Package Manager] Failed to launch server process. Reason: Unity was launched with the -noUpm command-line argument
[Package Manager] Unable to send message (not connected to server process).
[Package Manager] Cannot connect to Unity Package Manager local server
[Package Manager] Failed to launch server process. Reason: Unity was launched with the -noUpm command-line argument
[Package Manager] Unable to send message (not connected to server process).
[Package Manager] Cannot connect to Unity Package Manager local server
ScheduleIndexationOnStartup MainProcess:False IndexOnStartup:True
Mono: successfully reloaded assembly
- Finished resetting the current domain, in  1.531 seconds
Domain Reload Profiling: 7260ms
	BeginReloadAssembly (968ms)
		DisableScriptedObjects (98ms)
		CreateAndSetChildDomain (120ms)
	RebuildCommonClasses (21ms)
	RebuildNativeTypeToScriptingClass (247ms)
	initialDomainReloadingComplete (203ms)
	LoadAllAssembliesAndSetupDomain (4289ms)
		LoadAssemblies (4088ms)
		AnalyzeDomain (551ms)
			TypeCache.Refresh (22ms)
			BuildScriptInfoCaches (517ms)
			ResolveRequiredComponents (9ms)
	FinalizeReload (1533ms)
		SetupLoadedEditorAssemblies (0ms)
			InitializePlatformSupportModulesInManaged (28ms)
			BeforeProcessingInitializeOnLoad (175ms)
			ProcessInitializeOnLoadAttributes (559ms)
			ProcessInitializeOnLoadMethodAttributes (243ms)
			AfterProcessingInitializeOnLoad (15ms)
		AwakeInstancesAfterBackupRestoration (59ms)
Refreshing native plugins compatible for Editor in 7.37 ms, found 5 plugins.
Unloading 22 Unused Serialized files (Serialized files now loaded: 0)
Unloading 7404 unused Assets / (6.3 MB). Loaded Objects now: 8358.
Memory consumption went from 354.8 MB to 348.6 MB.
Total: 22.607600 ms (FindLiveObjects: 1.818600 ms CreateObjectMapping: 5.842200 ms MarkObjects: 9.017500 ms  DeleteObjects: 5.927700 ms)

Prepare: number of updated asset objects reloaded= 0
EnvironmentDependencyValues requested are different than current active one (requested -> active):
  graphicsApiMask: 2099200 -> 2361344
========================================================================
Received Import Request.
  Time of request: 2026-08-11T11:30:41.8261457Z
  Time since last request: 389.08419199999997 seconds.
  importAddress: GUID: 77ff6a4dab73be340871e0020e808f3c - Path: Assets/TestCaseProject_2D/Scripts/PlayerController.cs - Importer: PreviewImporter
Importing 'GUID: 77ff6a4dab73be340871e0020e808f3c - Path: Assets/TestCaseProject_2D/Scripts/PlayerController.cs - Importer: PreviewImporter' with importer (PreviewImporter)
Imported 'GUID: 77ff6a4dab73be340871e0020e808f3c' -> (Import Result ID: '38ab24a9571ce629ea5cba8334723495') in 0.004 seconds [static and dynamic dependencies]. Details - ImportResultOutputID=51f38a5cf03495ab9acd0ab3037e1c32 DependenciesID=11e79f213185c887f3eff7e0622a9aeb StaticDependenciesID=2371574a0f2c97c3ca02782577540367 
Number of updated asset objects reloaded before import = 0
Number of asset objects unloaded after import = 0
========================================================================
Received Prepare
AcceleratorClientConnectionCallback - disconnected - :0
Refreshing native plugins compatible for Editor in 5.60 ms, found 5 plugins.
Unloading 22 Unused Serialized files (Serialized files now loaded: 0)
Unloading 23 unused Assets / (2.6 MB). Loaded Objects now: 8358.
Memory consumption went from 349.9 MB to 347.3 MB.
Total: 10.089300 ms (FindLiveObjects: 0.598700 ms CreateObjectMapping: 1.212200 ms MarkObjects: 7.742800 ms  DeleteObjects: 0.534000 ms)

Prepare: number of updated asset objects reloaded= 0
EnvironmentDependencyValues requested are different than current active one (requested -> active):
  graphicsApiMask: 2099200 -> 2361344
========================================================================
Received Prepare
AcceleratorClientConnectionCallback - disconnected - :0
Refreshing native plugins compatible for Editor in 9.35 ms, found 5 plugins.
Unloading 22 Unused Serialized files (Serialized files now loaded: 0)
Unloading 23 unused Assets / (2.6 MB). Loaded Objects now: 8358.
Memory consumption went from 350.5 MB to 347.9 MB.
Total: 17.190000 ms (FindLiveObjects: 0.768200 ms CreateObjectMapping: 2.043500 ms MarkObjects: 13.727200 ms  DeleteObjects: 0.648400 ms)

Prepare: number of updated asset objects reloaded= 0
EnvironmentDependencyValues requested are different than current active one (requested -> active):
  graphicsApiMask: 2099200 -> 2361344
========================================================================
Received Prepare
AcceleratorClientConnectionCallback - disconnected - :0
Refreshing native plugins compatible for Editor in 6.70 ms, found 5 plugins.
Unloading 22 Unused Serialized files (Serialized files now loaded: 0)
Unloading 23 unused Assets / (2.6 MB). Loaded Objects now: 8358.
Memory consumption went from 351.0 MB to 348.4 MB.
Total: 12.273700 ms (FindLiveObjects: 0.860200 ms CreateObjectMapping: 1.657700 ms MarkObjects: 8.907200 ms  DeleteObjects: 0.846800 ms)

Prepare: number of updated asset objects reloaded= 0
EnvironmentDependencyValues requested are different than current active one (requested -> active):
  graphicsApiMask: 2099200 -> 2361344
========================================================================
Received Import Request.
  Time of request: 2026-08-11T11:46:04.389035Z
  Time since last request: 922.53777990000003 seconds.
  importAddress: GUID: 8884154dfe85442a3a3578be807dbcdf - Path: Packages/com.unity.2d.sprite/Editor/ObjectMenuCreation/DefaultAssets/Textures/v2/9Sliced.png - Importer: PreviewImporter
Importing 'GUID: 8884154dfe85442a3a3578be807dbcdf - Path: Packages/com.unity.2d.sprite/Editor/ObjectMenuCreation/DefaultAssets/Textures/v2/9Sliced.png - Importer: PreviewImporter' with importer (PreviewImporter)
[Licensing::Client] Successfully resolved entitlement details
[Licensing::Module] License group:
  Id: F4-MTMP-WUMR-DFHP-RKY3-XXXX
  Product: Unity Personal
  Type: ULF
  Expiration: Unlimited
[Licensing::Module] License group:
  Id: 18968384186909-UnityPersXXXX
  Product: Unity Personal
  Type: Assigned
  Expiration: Unlimited
Imported 'GUID: 8884154dfe85442a3a3578be807dbcdf' -> (Import Result ID: 'c14e983bd1e2f7954200994f4c1d73bc') in 0.232 seconds [static and dynamic dependencies]. Details - ImportResultOutputID=d5db6d9a8116ad21c0b89f02f1200bf6 DependenciesID=8cefee2d332ef710996d941892bcc51a StaticDependenciesID=7224e98899b5783741311c1a34c22f97 
Number of updated asset objects reloaded before import = 0
Number of asset objects unloaded after import = 3
========================================================================
Received Import Request.
  Time of request: 2026-08-11T11:46:04.6797451Z
  Time since last request: 0.0274699 seconds.
  importAddress: GUID: 207ee8102dd4143d288186ef0be518ee - Path: Packages/com.unity.2d.sprite/Editor/ObjectMenuCreation/DefaultAssets/Textures/v2/Capsule.png - Importer: PreviewImporter
Importing 'GUID: 207ee8102dd4143d288186ef0be518ee - Path: Packages/com.unity.2d.sprite/Editor/ObjectMenuCreation/DefaultAssets/Textures/v2/Capsule.png - Importer: PreviewImporter' with importer (PreviewImporter)
Imported 'GUID: 207ee8102dd4143d288186ef0be518ee' -> (Import Result ID: '065a720a4db7a53eb5f4b5aceb4e9d59') in 0.033 seconds [static and dynamic dependencies]. Details - ImportResultOutputID=8e3c901b8e2f50b9faeca55bb53873d8 DependenciesID=5445319e985999a1499a63dc724274cb StaticDependenciesID=2cc8941dd5b66b97bc8329c7f88d3123 
Number of updated asset objects reloaded before import = 0
Number of asset objects unloaded after import = 3
========================================================================
Received Import Request.
  Time of request: 2026-08-11T11:46:04.7550993Z
  Time since last request: 0.0080242 seconds.
  importAddress: GUID: a86470a33a6bf42c4b3595704624658b - Path: Packages/com.unity.2d.sprite/Editor/ObjectMenuCreation/DefaultAssets/Textures/v2/Circle.png - Importer: PreviewImporter
Importing 'GUID: a86470a33a6bf42c4b3595704624658b - Path: Packages/com.unity.2d.sprite/Editor/ObjectMenuCreation/DefaultAssets/Textures/v2/Circle.png - Importer: PreviewImporter' with importer (PreviewImporter)
Imported 'GUID: a86470a33a6bf42c4b3595704624658b' -> (Import Result ID: '12cba22d321485f1561514315551d0c9') in 0.049 seconds [static and dynamic dependencies]. Details - ImportResultOutputID=a92d2c387d9362a9f42e87e0f8f956bc DependenciesID=ccb1f6b34c73f35e26bad4caf035ffb8 StaticDependenciesID=a90fe8c45c710a8b9313501d749660a6 
Number of updated asset objects reloaded before import = 0
Number of asset objects unloaded after import = 3
========================================================================
Received Prepare
AcceleratorClientConnectionCallback - disconnected - :0
Refreshing native plugins compatible for Editor in 9.02 ms, found 5 plugins.
Unloading 22 Unused Serialized files (Serialized files now loaded: 0)
Unloading 23 unused Assets / (2.6 MB). Loaded Objects now: 8363.
Memory consumption went from 349.6 MB to 347.0 MB.
Total: 16.646700 ms (FindLiveObjects: 0.763500 ms CreateObjectMapping: 1.816200 ms MarkObjects: 13.290700 ms  DeleteObjects: 0.773600 ms)

Prepare: number of updated asset objects reloaded= 0
EnvironmentDependencyValues requested are different than current active one (requested -> active):
  graphicsApiMask: 2099200 -> 2361344
Editor requested this worker to shutdown with reason: Scaling down because of idle timeout
AcceleratorClientConnectionCallback - disconnected - :0
AssetImportWorker is now disconnected from the server
Process exiting
Exiting without the bug reporter. Application will terminate with return code 0