[Licensing::Module] Trying to connect to existing licensing client channel...
Built from '6000.5/staging' branch; Version is '6000.5.6f1 (0e0577a1a2ac) revision 918903'; Using compiler version '194234433'; Build Type 'Release'
[Licensing::IpcConnector] Successfully connected to: "LicenseClient-yunus" at "2026-08-11T07:32:17.9077061Z"
OS: 'Windows 11  (10.0.26200) CoreSingleLanguage' Language: 'tr' Physical Memory: 16159 MB
BatchMode: 1, IsHumanControllingUs: 0, StartBugReporterOnCrash: 0, Is64bit: 1
System  architecture: x64
Process architecture: x64
Date: 2026-08-11T07:32:17Z

COMMAND LINE ARGUMENTS:
C:\Program Files\Unity\Hub\Editor\6000.5.6f1\Editor\Unity.exe
-adb2
-batchMode
-noUpm
-name
AssetImportWorkerHW0
-projectPath
C:/Users/yunus/OneDrive/Desktop/Unity_Projeler/TestCasePROJECT_2D
-logFile
Logs/AssetImportWorkerHW0.log
-srvPort
54674
-parentPid
24104
-analyticsCloudUserId
anonymous
-analyticsCloudProjectId
d92f9afb-1f10-4337-9607-bf242538841c
-analyticsLocalProjectId
0b0e13ee869db2340a690cc5e876353c
-editorAnalyticsEnabled
1
-cbmEditorLicense
9f68bb17b1f5ac1c44ea72d313f9daebd27bb73f
-cbmMachineId
dG88/b0MD9H3/o5tNW186CRXve8=
-licensingIpc
LicenseClient-yunus
-noDiagnosticSwitchPersistentStore
-job-worker-count
5
-background-job-worker-count
8
-asset-garbage-collectors
1
-force-d3d12
-name
AssetImport
Successfully changed project path to: C:/Users/yunus/OneDrive/Desktop/Unity_Projeler/TestCasePROJECT_2D
C:/Users/yunus/OneDrive/Desktop/Unity_Projeler/TestCasePROJECT_2D
[UnityMemory] Configuration Parameters - Can be set up in boot.config
    "memorysetup-temp-allocator-size-gi-baking-worker=262144"
    "memorysetup-temp-allocator-size-gi-baking-worker=262144"
    "memorysetup-temp-allocator-size-gi-baking-worker=262144"
    "memorysetup-temp-allocator-size-gi-baking-worker=262144"
    "memorysetup-temp-allocator-size-gi-baking-worker=262144"
    "memorysetup-temp-allocator-size-nav-mesh-worker=65536"
    "memorysetup-temp-allocator-size-audio-worker=65536"
    "memorysetup-temp-allocator-size-cloud-worker=32768"
    "memorysetup-temp-allocator-size-gfx=262144"
    "memorysetup-temp-allocator-size-preload-manager=33554432"
    "memorysetup-allocator-temp-initial-block-size-main=262144"
    "memorysetup-allocator-temp-initial-block-size-worker=262144"
    "memorysetup-temp-allocator-size-job-worker=262144"
    "memorysetup-temp-allocator-size-background-worker=32768"
    "memorysetup-bucket-allocator-granularity=16"
    "memorysetup-bucket-allocator-bucket-count=8"
    "memorysetup-bucket-allocator-block-size=33554432"
    "memorysetup-bucket-allocator-block-count=8"
    "memorysetup-main-allocator-block-size=16777216"
    "memorysetup-thread-allocator-block-size=16777216"
    "memorysetup-main-allocator-mimalloc-enabled=0"
    "memorysetup-gfx-main-allocator-block-size=16777216"
    "memorysetup-gfx-thread-allocator-block-size=16777216"
    "memorysetup-cache-allocator-block-size=4194304"
    "memorysetup-typetree-allocator-block-size=2097152"
    "memorysetup-profiler-bucket-allocator-granularity=16"
    "memorysetup-profiler-bucket-allocator-bucket-count=8"
    "memorysetup-profiler-bucket-allocator-block-size=33554432"
    "memorysetup-profiler-bucket-allocator-block-count=8"
    "memorysetup-profiler-allocator-block-size=16777216"
    "memorysetup-profiler-editor-allocator-block-size=1048576"
    "memorysetup-temp-allocator-size-main=16777216"
    "memorysetup-job-temp-allocator-block-size=2097152"
    "memorysetup-job-temp-allocator-block-size-background=1048576"
    "memorysetup-job-temp-allocator-reduction-small-platforms=262144"
Player connection [29972]  Target information:

Player connection [29972]  * "[IP] 172.16.0.2 [Port] 0 [Flags] 2 [Guid] 3599426125 [EditorId] 3599426125 [Version] 1048832 [Id] WindowsEditor(7,YunusEmre) [Debug] 1 [PackageName] WindowsEditor [ProjectName] Editor" 

Player connection [29972]  * "[IP] 192.168.2.127 [Port] 0 [Flags] 2 [Guid] 3599426125 [EditorId] 3599426125 [Version] 1048832 [Id] WindowsEditor(7,YunusEmre) [Debug] 1 [PackageName] WindowsEditor [ProjectName] Editor" 

Player connection [29972] Host joined multi-casting on [225.0.0.222:54997]...
Player connection [29972] Host joined alternative multi-casting on [225.0.0.222:34997]...
JobSystem: Creating JobQueue using job-worker-count value 5
Input System module state changed to: Initialized.
[Physics::Module] Initialized fallback backend.
[Physics::Module] Id: 0xdecafbad
Library Redirect Path: Library/
[Physics::Module] Selected backend.
[Physics::Module] Name: PhysX
[Physics::Module] Id: 0xf2b8ea05
[Physics::Module] SDK Version: 4.1.2
[Physics::Module] Integration Version: 1.0.0
[Physics::Module] Threading Mode: Multi-Threaded
Active build profile path: `Assets/Settings/Build Profiles/Android™.asset`
Got setting from build profile YAML, name `m_BuildSubtarget`, value `0`
[Licensing::Module] Licensing is not yet initialized.
[Licensing::Client] Error: HandshakeResponse reported an error:
	ResponseCode: 505
	ResponseStatus: Unsupported protocol version '1.18.1'.
[Licensing::Module] Error: Failed to handshake to channel: "LicenseClient-yunus"
[Licensing::IpcConnector] LicenseClient-yunus channel disconnected successfully.
[Licensing::IpcConnector] Successfully connected to: "LicenseClient-yunus-6000.5.6" at "2026-08-11T07:32:20.9746717Z"
[Licensing::Client] Code 10 while verifying Licensing Client signature (process Id: 24980, path: "C:/Program Files/Unity/Hub/Editor/6000.5.6f1/Editor/Data/Resources/Licensing/Client/Unity.Licensing.Client.exe")
[Licensing::Module] LicensingClient has failed validation; ignoring
[Licensing::Client] Handshaking with LicensingClient:
  Version:                 1.18.1+9fbee8e
  Session Id:              2309fd6e984f4a3db428c27841a716e8
  Correlation Id:          757e443e22ec6d0ad7d6e5c2d1e3d9c1
  External correlation Id: 189858032149610055
  Machine Id:              dG88/b0MD9H3/o5tNW186CRXve8=
[Licensing::Module] Successfully connected to LicensingClient on channel: "LicenseClient-yunus-6000.5.6" (connect: 0.00s, validation: 0.01s, handshake: 0.08s)
[Licensing::IpcConnector] Successfully connected to: "LicenseClient-yunus-6000.5.6-notifications" at "2026-08-11T07:32:21.0644541Z"
[Licensing::Module] Licensing Background thread has ended after 3.16s
[Licensing::Module] Licensing is initialized (took 2.50s).
[Licensing::Client] Successfully resolved entitlement details
[Licensing::Module] License group:
  Id: F4-MTMP-WUMR-DFHP-RKY3-XXXX
  Product: Unity Personal
  Type: ULF
  Expiration: Unlimited
[Licensing::Module] License group:
  Id: 18968384186909-UnityPersXXXX
  Product: Unity Personal
  Type: Assigned
  Expiration: Unlimited
Got setting from build profile YAML, name `m_BuildTarget`, value `13`
Got setting from build profile YAML, name `m_Subtarget`, value `0`
Refreshing native plugins compatible for Editor in 42.28 ms, found 5 plugins.
Initialize engine version: 6000.5.6f1 (0e0577a1a2ac)
[Subsystems] Discovering subsystems at path C:/Program Files/Unity/Hub/Editor/6000.5.6f1/Editor/Data/Resources/UnitySubsystems
[Subsystems] Discovering subsystems at path C:/Users/yunus/OneDrive/Desktop/Unity_Projeler/TestCasePROJECT_2D/Assets
Forcing GfxDevice: Direct3D 12
GfxDevice: creating device client; kGfxThreadingModeNonThreaded
d3d12: failed to query info queue interface (0x80004002).
Direct3D:
    Version:         Direct3D 12 [level 12.1]
    Renderer:        NVIDIA GeForce GTX 1650 (ID=0x1f9d)
    Vendor:          NVIDIA
    VRAM:            3935 MB
    App VRAM Budget: 3344 MB
    Driver:          32.0.16.1074
Got setting from build profile YAML, name `m_BuildSubtarget`, value `0`
Got setting from build profile YAML, name `m_BuildSubtarget`, value `0`
Got setting from build profile YAML, name `m_BuildSubtarget`, value `0`
Initialize mono
Mono path[0] = 'C:/Program Files/Unity/Hub/Editor/6000.5.6f1/Editor/Data/Managed'
Mono path[1] = 'C:/Program Files/Unity/Hub/Editor/6000.5.6f1/Editor/Data/BCLExtensions/runtime/netstandard2.1'
Mono path[2] = 'C:/Program Files/Unity/Hub/Editor/6000.5.6f1/Editor/Data/MonoBleedingEdge/lib/mono/unityjit-win32'
Mono config path = 'C:/Program Files/Unity/Hub/Editor/6000.5.6f1/Editor/Data/MonoBleedingEdge/etc'
Using monoOptions --debugger-agent=transport=dt_socket,embedding=1,server=y,suspend=n,address=127.0.0.1:56372
CodeReloadManager initialized
Got setting from build profile YAML, name `m_BuildSubtarget`, value `0`
Got setting from build profile YAML, name `m_BuildSubtarget`, value `0`
Begin MonoManager ReloadAssembly
Registering precompiled unity dll's ...
Register platform support module: C:/Program Files/Unity/Hub/Editor/6000.5.6f1/Editor/Data/PlaybackEngines/WebGLSupport/UnityEditor.WebGL.Extensions.dll
Register platform support module: C:/Program Files/Unity/Hub/Editor/6000.5.6f1/Editor/Data/PlaybackEngines/WindowsStandaloneSupport/UnityEditor.WindowsStandalone.Extensions.dll
Register platform support module: C:/Program Files/Unity/Hub/Editor/6000.5.6f1/Editor/Data/PlaybackEngines/AndroidPlayer/UnityEditor.Android.Extensions.dll
Registered in 0.006952 seconds.
Got setting from build profile YAML, name `m_BuildSubtarget`, value `0`
Got setting from build profile YAML, name `m_BuildSubtarget`, value `0`
Got setting from build profile YAML, name `m_BuildSubtarget`, value `0`
Got setting from build profile YAML, name `m_BuildSubtarget`, value `0`
Native extension for Android target not found
Native extension for WindowsStandalone target not found
Native extension for WebGL target not found
Package Manager log level set to [2]
[Package Manager] Failed to launch server process. Reason: Unity was launched with the -noUpm command-line argument
[Package Manager] Unable to send message (not connected to server process).
[Package Manager] Cannot connect to Unity Package Manager local server
ScheduleIndexationOnStartup MainProcess:False IndexOnStartup:True
Mono: successfully reloaded assembly
- Finished resetting the current domain, in  0.748 seconds
Domain Reload Profiling: 1825ms
	BeginReloadAssembly (250ms)
	RebuildCommonClasses (8ms)
	RebuildNativeTypeToScriptingClass (33ms)
	initialDomainReloadingComplete (163ms)
	LoadAllAssembliesAndSetupDomain (620ms)
		LoadAssemblies (241ms)
		AnalyzeDomain (473ms)
			TypeCache.Refresh (469ms)
				TypeCache.ScanAssembly (444ms)
	FinalizeReload (752ms)
		SetupLoadedEditorAssemblies (0ms)
			InitializePlatformSupportModulesInManaged (99ms)
			BeforeProcessingInitializeOnLoad (180ms)
			ProcessInitializeOnLoadAttributes (175ms)
			ProcessInitializeOnLoadMethodAttributes (158ms)
Got setting from build profile YAML, name `m_BuildSubtarget`, value `0`
Got setting from build profile YAML, name `m_BuildSubtarget`, value `0`
Initializing Unity extensions:
[Licensing::Client] Successfully resolved entitlement details
[Licensing::Module] License group:
  Id: F4-MTMP-WUMR-DFHP-RKY3-XXXX
  Product: Unity Personal
  Type: ULF
  Expiration: Unlimited
[Licensing::Module] License group:
  Id: 18968384186909-UnityPersXXXX
  Product: Unity Personal
  Type: Assigned
  Expiration: Unlimited
Got setting from build profile YAML, name `m_BuildSubtarget`, value `0`
Got setting from build profile YAML, name `m_BuildSubtarget`, value `0`
========================================================================
Worker process is ready to serve import requests
Import Worker Mode flag is 0x00
Curl error 3: URL rejected: Malformed input to a URL function
Got setting from build profile YAML, name `m_BuildSubtarget`, value `0`
Got setting from build profile YAML, name `m_BuildSubtarget`, value `0`
Got setting from build profile YAML, name `m_BuildSubtarget`, value `0`
Got setting from build profile YAML, name `m_BuildSubtarget`, value `0`
Got setting from build profile YAML, name `m_Development`, value `0`
Got setting from build profile YAML, name `m_BuildSubtarget`, value `0`
Got setting from build profile YAML, name `m_BuildSubtarget`, value `0`
Got setting from build profile YAML, name `m_BuildSubtarget`, value `0`
Begin MonoManager ReloadAssembly
Refreshing native plugins compatible for Editor in 8.60 ms, found 5 plugins.
Native extension for Android target not found
Native extension for WindowsStandalone target not found
Native extension for WebGL target not found
[Package Manager] Failed to launch server process. Reason: Unity was launched with the -noUpm command-line argument
[Package Manager] Unable to send message (not connected to server process).
[Package Manager] Cannot connect to Unity Package Manager local server
Refreshing native plugins compatible for Editor in 6.06 ms, found 5 plugins.
[Package Manager] Failed to launch server process. Reason: Unity was launched with the -noUpm command-line argument
[Package Manager] Unable to send message (not connected to server process).
[Package Manager] Cannot connect to Unity Package Manager local server
ScheduleIndexationOnStartup MainProcess:False IndexOnStartup:True
Mono: successfully reloaded assembly
- Finished resetting the current domain, in  1.895 seconds
Domain Reload Profiling: 4096ms
	BeginReloadAssembly (435ms)
		DisableScriptedObjects (69ms)
		CreateAndSetChildDomain (55ms)
	RebuildCommonClasses (16ms)
	RebuildNativeTypeToScriptingClass (30ms)
	initialDomainReloadingComplete (150ms)
	LoadAllAssembliesAndSetupDomain (1569ms)
		LoadAssemblies (945ms)
		AnalyzeDomain (582ms)
			TypeCache.Refresh (405ms)
				TypeCache.ScanAssembly (374ms)
			BuildScriptInfoCaches (159ms)
			ResolveRequiredComponents (13ms)
	FinalizeReload (1897ms)
		SetupLoadedEditorAssemblies (0ms)
			InitializePlatformSupportModulesInManaged (33ms)
			BeforeProcessingInitializeOnLoad (199ms)
			ProcessInitializeOnLoadAttributes (667ms)
			ProcessInitializeOnLoadMethodAttributes (517ms)
			AfterProcessingInitializeOnLoad (18ms)
		AwakeInstancesAfterBackupRestoration (32ms)
AcceleratorClientConnectionCallback - disconnected - :0
Launched and connected shader compiler UnityShaderCompiler.exe after 0.03 seconds
Refreshing native plugins compatible for Editor in 5.50 ms, found 5 plugins.
Unloading 22 Unused Serialized files (Serialized files now loaded: 0)
Curl error 3: URL rejected: Malformed input to a URL function
Unloading 7402 unused Assets / (6.5 MB). Loaded Objects now: 8317.
Memory consumption went from 356.6 MB to 350.1 MB.
Total: 28.135700 ms (FindLiveObjects: 1.745300 ms CreateObjectMapping: 3.543100 ms MarkObjects: 13.531600 ms  DeleteObjects: 5.269400 ms)

========================================================================
Received Prepare
AcceleratorClientConnectionCallback - disconnected - :0
Refreshing native plugins compatible for Editor in 6.00 ms, found 5 plugins.
Unloading 22 Unused Serialized files (Serialized files now loaded: 0)
Unloading 22 unused Assets / (2.6 MB). Loaded Objects now: 8317.
Memory consumption went from 348.5 MB to 345.9 MB.
Total: 13.324900 ms (FindLiveObjects: 0.879900 ms CreateObjectMapping: 2.286800 ms MarkObjects: 9.307400 ms  DeleteObjects: 0.848400 ms)

Prepare: number of updated asset objects reloaded= 0
EnvironmentDependencyValues requested are different than current active one (requested -> active):
  graphicsApiMask: 2099200 -> 2361344
========================================================================
Received Import Request.
  Time of request: 2026-08-11T07:32:41.272223Z
  Time since last request: 496636.49404780002078 seconds.
  importAddress: GUID: 044c5e6becdb0a84d9b3dfaca0a3e57c - Path: Assets/TestCaseProject_2D/Scenes/StartScene.unity - Importer: ScriptedImporter/UnityEditor.QuickSearchModule:UnityEditor.Search:ASIAI0B
Importing 'GUID: 044c5e6becdb0a84d9b3dfaca0a3e57c - Path: Assets/TestCaseProject_2D/Scenes/StartScene.unity - Importer: ScriptedImporter/UnityEditor.QuickSearchModule:UnityEditor.Search:ASIAI0B' with importer (ScriptedImporter : UnityEditor.QuickSearchModule:UnityEditor.Search:ASIAI0B)
Imported 'GUID: 044c5e6becdb0a84d9b3dfaca0a3e57c' -> (Import Result ID: '521e80c836acbc4741a5d008de50d7ad') in 0.241 seconds [static and dynamic dependencies]. Details - ImportResultOutputID=a886b77d83623cd0ec936e6ab8e74ffc DependenciesID=bfd3b904476b18a4cfafaf8d2e3161ef StaticDependenciesID=30e06db655855d3429c6fe46c86b84b8 
Number of updated asset objects reloaded before import = 0
Number of asset objects unloaded after import = 1
========================================================================
Received Import Request.
  Time of request: 2026-08-11T07:32:41.5683336Z
  Time since last request: 0.0246006 seconds.
  importAddress: GUID: 5d5adaa913e8c754b9cc90dcb0abaeca - Path: Assets/TestCaseProject_2D/Scripts/GameplayManager.cs - Importer: ScriptedImporter/UnityEditor.QuickSearchModule:UnityEditor.Search:ASIAI0B
Importing 'GUID: 5d5adaa913e8c754b9cc90dcb0abaeca - Path: Assets/TestCaseProject_2D/Scripts/GameplayManager.cs - Importer: ScriptedImporter/UnityEditor.QuickSearchModule:UnityEditor.Search:ASIAI0B' with importer (ScriptedImporter : UnityEditor.QuickSearchModule:UnityEditor.Search:ASIAI0B)
Imported 'GUID: 5d5adaa913e8c754b9cc90dcb0abaeca' -> (Import Result ID: '751c5c1360d1fb61322ecd41b5ecc32c') in 0.110 seconds [static and dynamic dependencies]. Details - ImportResultOutputID=2c268c17ff13efcf3a0002b8fd41eec9 DependenciesID=6ceb1033bdbbe8f634e19d7a25e5d4f7 StaticDependenciesID=30092ee160f0482adf1677316a9fd5eb 
Number of updated asset objects reloaded before import = 0
Number of asset objects unloaded after import = 0
========================================================================
Received Import Request.
  Time of request: 2026-08-11T07:32:41.7495115Z
  Time since last request: 0.0083894 seconds.
  importAddress: GUID: a51c530e644611649a6712254885fd34 - Path: Assets/TestCaseProject_2D/Scripts/CompleteUI.cs - Importer: ScriptedImporter/UnityEditor.QuickSearchModule:UnityEditor.Search:ASIAI0B
Importing 'GUID: a51c530e644611649a6712254885fd34 - Path: Assets/TestCaseProject_2D/Scripts/CompleteUI.cs - Importer: ScriptedImporter/UnityEditor.QuickSearchModule:UnityEditor.Search:ASIAI0B' with importer (ScriptedImporter : UnityEditor.QuickSearchModule:UnityEditor.Search:ASIAI0B)
Imported 'GUID: a51c530e644611649a6712254885fd34' -> (Import Result ID: '302a7934a5955d362d817d1eaec9a101') in 0.037 seconds [static and dynamic dependencies]. Details - ImportResultOutputID=4cce83eaee407004360d599165b878df DependenciesID=c518cb75eeee2372b5e98fedae793430 StaticDependenciesID=2faf8c91005ae9a45ffeba8e4234db03 
Number of updated asset objects reloaded before import = 0
Number of asset objects unloaded after import = 0
========================================================================
Received Import Request.
  Time of request: 2026-08-11T07:32:41.9070948Z
  Time since last request: 0.0118569 seconds.
  importAddress: GUID: 967452077d0f4d0469ae25a684afa7de - Path: Assets/TestCaseProject_2D/Scripts/FallingBlock.cs - Importer: ScriptedImporter/UnityEditor.QuickSearchModule:UnityEditor.Search:ASIAI0B
Importing 'GUID: 967452077d0f4d0469ae25a684afa7de - Path: Assets/TestCaseProject_2D/Scripts/FallingBlock.cs - Importer: ScriptedImporter/UnityEditor.QuickSearchModule:UnityEditor.Search:ASIAI0B' with importer (ScriptedImporter : UnityEditor.QuickSearchModule:UnityEditor.Search:ASIAI0B)
Imported 'GUID: 967452077d0f4d0469ae25a684afa7de' -> (Import Result ID: '382b6a8caafc7cc5f54cb65f74044166') in 0.022 seconds [static and dynamic dependencies]. Details - ImportResultOutputID=825b69b219105d090385b5054d0b7ba7 DependenciesID=9e3969c949048e1dd0ce9c873f24dcfb StaticDependenciesID=49321c0843e7088a40d398e721787ef4 
Number of updated asset objects reloaded before import = 0
Number of asset objects unloaded after import = 0
========================================================================
Received Import Request.
  Time of request: 2026-08-11T07:32:41.9775324Z
  Time since last request: 0.0055731 seconds.
  importAddress: GUID: 7978f9ee3e906f24b8c25a4bbc998ae0 - Path: Assets/TestCaseProject_2D/Prefabs/Bullet.prefab - Importer: ScriptedImporter/UnityEditor.QuickSearchModule:UnityEditor.Search:ASIAI0B
Importing 'GUID: 7978f9ee3e906f24b8c25a4bbc998ae0 - Path: Assets/TestCaseProject_2D/Prefabs/Bullet.prefab - Importer: ScriptedImporter/UnityEditor.QuickSearchModule:UnityEditor.Search:ASIAI0B' with importer (ScriptedImporter : UnityEditor.QuickSearchModule:UnityEditor.Search:ASIAI0B)
Imported 'GUID: 7978f9ee3e906f24b8c25a4bbc998ae0' -> (Import Result ID: 'be11e47c840497cc13d0a9224fcd4298') in 0.557 seconds [static and dynamic dependencies]. Details - ImportResultOutputID=f77bec3e76e270a6108e39aed6448267 DependenciesID=d4457561256c22dfa2bca605ed4e5dbe StaticDependenciesID=5f9a7ddaa3a12d586c0106cb224cc487 
Number of updated asset objects reloaded before import = 0
Number of asset objects unloaded after import = 10
========================================================================
Received Import Request.
  Time of request: 2026-08-11T07:32:42.5888646Z
  Time since last request: 0.0064987 seconds.
  importAddress: GUID: 9326023d5e6f05748a18735e6ef82019 - Path: Assets/TestCaseProject_2D/Scripts/Bullet.cs - Importer: ScriptedImporter/UnityEditor.QuickSearchModule:UnityEditor.Search:ASIAI0B
Importing 'GUID: 9326023d5e6f05748a18735e6ef82019 - Path: Assets/TestCaseProject_2D/Scripts/Bullet.cs - Importer: ScriptedImporter/UnityEditor.QuickSearchModule:UnityEditor.Search:ASIAI0B' with importer (ScriptedImporter : UnityEditor.QuickSearchModule:UnityEditor.Search:ASIAI0B)
Imported 'GUID: 9326023d5e6f05748a18735e6ef82019' -> (Import Result ID: '243b51c9cf411aaaa08ddd5c16ff2013') in 0.041 seconds [static and dynamic dependencies]. Details - ImportResultOutputID=79fac945fe5628c4197b306da89b0b0e DependenciesID=587f4dfb33ec9dbdc68ccae10e6cc492 StaticDependenciesID=0a8532a34842a13da49b981a0c2af7a2 
Number of updated asset objects reloaded before import = 0
Number of asset objects unloaded after import = 0
========================================================================
Received Import Request.
  Time of request: 2026-08-11T07:32:42.7192699Z
  Time since last request: 0.0068487 seconds.
  importAddress: GUID: 2e5419d5a970b8c4ca45e3b7eef6ee87 - Path: Assets/TestCaseProject_2D/Scripts/PlayerShooting.cs - Importer: ScriptedImporter/UnityEditor.QuickSearchModule:UnityEditor.Search:ASIAI0B
Importing 'GUID: 2e5419d5a970b8c4ca45e3b7eef6ee87 - Path: Assets/TestCaseProject_2D/Scripts/PlayerShooting.cs - Importer: ScriptedImporter/UnityEditor.QuickSearchModule:UnityEditor.Search:ASIAI0B' with importer (ScriptedImporter : UnityEditor.QuickSearchModule:UnityEditor.Search:ASIAI0B)
Imported 'GUID: 2e5419d5a970b8c4ca45e3b7eef6ee87' -> (Import Result ID: '9d181d67ef04968778e9472c05ed89f1') in 0.046 seconds [static and dynamic dependencies]. Details - ImportResultOutputID=42ae832a3a79bdb3a6762da32612731e DependenciesID=2a692b7dfa72a2eb3f778f9d7b629bd6 StaticDependenciesID=29bf1eeab24f0ee570584fa32e5158de 
Number of updated asset objects reloaded before import = 0
Number of asset objects unloaded after import = 0
========================================================================
Received Import Request.
  Time of request: 2026-08-11T07:32:42.9444179Z
  Time since last request: 0.0068852 seconds.
  importAddress: GUID: c7fe3ad1e6aaea846ad05989edf538be - Path: Assets/TestCaseProject_2D/Scripts/StartUI.cs - Importer: ScriptedImporter/UnityEditor.QuickSearchModule:UnityEditor.Search:ASIAI0B
Importing 'GUID: c7fe3ad1e6aaea846ad05989edf538be - Path: Assets/TestCaseProject_2D/Scripts/StartUI.cs - Importer: ScriptedImporter/UnityEditor.QuickSearchModule:UnityEditor.Search:ASIAI0B' with importer (ScriptedImporter : UnityEditor.QuickSearchModule:UnityEditor.Search:ASIAI0B)
Imported 'GUID: c7fe3ad1e6aaea846ad05989edf538be' -> (Import Result ID: '9749083af9149da14d8f9a181dce1c72') in 0.029 seconds [static and dynamic dependencies]. Details - ImportResultOutputID=2357c6b83b45df4bf203fb7bd5856166 DependenciesID=82c4cb7dc15ee3a7758ced8494badbd6 StaticDependenciesID=938ad004e2350b8ba5f504e0fb0a9a0c 
Number of updated asset objects reloaded before import = 0
Number of asset objects unloaded after import = 0
========================================================================
Received Import Request.
  Time of request: 2026-08-11T07:32:43.0445603Z
  Time since last request: 0.0061764 seconds.
  importAddress: GUID: d29fccc36f7e65e48bc7fd2cfa2a131a - Path: Assets/TestCaseProject_2D/Scenes/GamePlayScene.unity - Importer: ScriptedImporter/UnityEditor.QuickSearchModule:UnityEditor.Search:ASIAI0B
Importing 'GUID: d29fccc36f7e65e48bc7fd2cfa2a131a - Path: Assets/TestCaseProject_2D/Scenes/GamePlayScene.unity - Importer: ScriptedImporter/UnityEditor.QuickSearchModule:UnityEditor.Search:ASIAI0B' with importer (ScriptedImporter : UnityEditor.QuickSearchModule:UnityEditor.Search:ASIAI0B)
Imported 'GUID: d29fccc36f7e65e48bc7fd2cfa2a131a' -> (Import Result ID: 'da055f6ccd50d9ebb058befe78e381be') in 0.031 seconds [static and dynamic dependencies]. Details - ImportResultOutputID=e21e0786331bc047e2d06a9f2174a83e DependenciesID=b9f18d87e52a02e5b4c57a0c95e4bd2e StaticDependenciesID=70e7e6df4f610fa9e9e8aaaeed300d74 
Number of updated asset objects reloaded before import = 0
Number of asset objects unloaded after import = 1
========================================================================
Received Import Request.
  Time of request: 2026-08-11T07:32:43.1849922Z
  Time since last request: 0.0073336 seconds.
  importAddress: GUID: bf79914b52b21f244accbaaa87793fd5 - Path: Assets/TestCaseProject_2D/Scripts/DestructibleBlock.cs - Importer: ScriptedImporter/UnityEditor.QuickSearchModule:UnityEditor.Search:ASIAI0B
Importing 'GUID: bf79914b52b21f244accbaaa87793fd5 - Path: Assets/TestCaseProject_2D/Scripts/DestructibleBlock.cs - Importer: ScriptedImporter/UnityEditor.QuickSearchModule:UnityEditor.Search:ASIAI0B' with importer (ScriptedImporter : UnityEditor.QuickSearchModule:UnityEditor.Search:ASIAI0B)
Imported 'GUID: bf79914b52b21f244accbaaa87793fd5' -> (Import Result ID: 'ab0806569c510570afa8f9f1df204c62') in 0.032 seconds [static and dynamic dependencies]. Details - ImportResultOutputID=f1793082aa0b087a82ffa3f0e83417f7 DependenciesID=77cd7c0e02c96fef57f07b872b3112ee StaticDependenciesID=6b76b462c525c09c0a40f6711d79a220 
Number of updated asset objects reloaded before import = 0
Number of asset objects unloaded after import = 0
========================================================================
Received Import Request.
  Time of request: 2026-08-11T07:32:43.2919281Z
  Time since last request: 0.0061263 seconds.
  importAddress: GUID: 606ff04717552844cbb73b10d715b34b - Path: Assets/TestCaseProject_2D/Scripts/Spawner.cs - Importer: ScriptedImporter/UnityEditor.QuickSearchModule:UnityEditor.Search:ASIAI0B
Importing 'GUID: 606ff04717552844cbb73b10d715b34b - Path: Assets/TestCaseProject_2D/Scripts/Spawner.cs - Importer: ScriptedImporter/UnityEditor.QuickSearchModule:UnityEditor.Search:ASIAI0B' with importer (ScriptedImporter : UnityEditor.QuickSearchModule:UnityEditor.Search:ASIAI0B)
Imported 'GUID: 606ff04717552844cbb73b10d715b34b' -> (Import Result ID: '444f04ec4b6c6a3bbee685e9896c1ec1') in 0.012 seconds [static and dynamic dependencies]. Details - ImportResultOutputID=8d6a0908e416ba3fd6c9cc7df68ee794 DependenciesID=d53c703d23e32cb92de82b10c361d845 StaticDependenciesID=f384b649f25ab0f535452be000f9eabe 
Number of updated asset objects reloaded before import = 0
Number of asset objects unloaded after import = 0
========================================================================
Received Import Request.
  Time of request: 2026-08-11T07:32:43.3697483Z
  Time since last request: 0.0064325 seconds.
  importAddress: GUID: a168ba7a3b09a444491766c21dc90180 - Path: Assets/TestCaseProject_2D/Prefabs/Block.prefab - Importer: ScriptedImporter/UnityEditor.QuickSearchModule:UnityEditor.Search:ASIAI0B
Importing 'GUID: a168ba7a3b09a444491766c21dc90180 - Path: Assets/TestCaseProject_2D/Prefabs/Block.prefab - Importer: ScriptedImporter/UnityEditor.QuickSearchModule:UnityEditor.Search:ASIAI0B' with importer (ScriptedImporter : UnityEditor.QuickSearchModule:UnityEditor.Search:ASIAI0B)
Imported 'GUID: a168ba7a3b09a444491766c21dc90180' -> (Import Result ID: 'b275553716d42961f318e70f6ac08d15') in 0.170 seconds [static and dynamic dependencies]. Details - ImportResultOutputID=3dbbf87e29e2d52d3246eb622ccb35de DependenciesID=a52caf0b843ef2883e68f04ba1ff8d22 StaticDependenciesID=404ec274b41916050116c19600295ec1 
Number of updated asset objects reloaded before import = 0
Number of asset objects unloaded after import = 23
Editor requested this worker to shutdown with reason: Scaling down because of idle timeout
AcceleratorClientConnectionCallback - disconnected - :0
AssetImportWorker is now disconnected from the server
Process exiting
Exiting without the bug reporter. Application will terminate with return code 0