
=== Sat Aug  8 12:09:10 2026

Packages were changed.
Update Mode: mergeDefaultDependencies

The following packages were added:
  com.unity.modules.adaptiveperformance@1.0.0
  com.unity.modules.ai@1.0.0
  com.unity.modules.androidjni@1.0.0
  com.unity.modules.animation@1.0.0
  com.unity.modules.assetbundle@1.0.0
  com.unity.modules.audio@1.0.0
  com.unity.modules.cloth@1.0.0
  com.unity.modules.director@1.0.0
  com.unity.modules.imageconversion@1.0.0
  com.unity.modules.imgui@1.0.0
  com.unity.modules.jsonserialize@1.0.0
  com.unity.modules.particlesystem@1.0.0
  com.unity.modules.physics@1.0.0
  com.unity.modules.physics2d@1.0.0
  com.unity.modules.physicscore2d@1.0.0
  com.unity.modules.screencapture@1.0.0
  com.unity.modules.terrain@1.0.0
  com.unity.modules.terrainphysics@1.0.0
  com.unity.modules.tilemap@1.0.0
  com.unity.modules.ui@1.0.0
  com.unity.modules.uielements@1.0.0
  com.unity.modules.umbra@1.0.0
  com.unity.modules.unityanalytics@1.0.0
  com.unity.modules.unitywebrequest@1.0.0
  com.unity.modules.unitywebrequestassetbundle@1.0.0
  com.unity.modules.unitywebrequestaudio@1.0.0
  com.unity.modules.unitywebrequesttexture@1.0.0
  com.unity.modules.unitywebrequestwww@1.0.0
  com.unity.modules.vectorgraphics@1.0.0
  com.unity.modules.vehicles@1.0.0
  com.unity.modules.video@1.0.0
  com.unity.modules.wind@1.0.0
  com.unity.modules.xr@1.0.0
  com.unity.modules.accessibility@1.0.0
  com.unity.multiplayer.center@1.0.1
The following packages were updated:
  com.unity.collab-proxy from version 2.11.4 to 2.13.3
  com.unity.2d.animation from version 10.1.4 to 15.1.0
  com.unity.2d.psdimporter from version 10.0.0 to 14.0.3
  com.unity.2d.spriteshape from version 10.0.7 to 15.0.3
  com.unity.2d.tilemap.extras from version 4.2.1 to 8.0.3
  com.unity.2d.aseprite from version 1.2.1 to 5.0.3
  com.unity.2d.tooling from version 1.0.0 to 3.0.1
  com.unity.ide.rider from version 3.0.34 to 3.0.38
  com.unity.ide.visualstudio from version 2.0.22 to 2.0.26
  com.unity.inputsystem from version 1.19.0 to 1.20.0
  com.unity.test-framework from version 1.4.5 to 1.7.0
  com.unity.timeline from version 1.8.11 to 1.8.12
  com.unity.ugui from version 2.0.0 to 2.5.0
