[2026-08-11T08:07:08.044Z][INFO] Command-line: 'C:\\Program Files\\Unity\\Hub\\Editor\\6000.5.6f1\\Editor\\Data\\Resources\\PackageManager\\Server\\UnityPackageManager.exe' server -s 27244 --ipc-path Unity-Upm-27244 -l 2 --log-file C:\\Users\\yunus\\OneDrive\\Desktop\\Unity_Projeler\\TestCasePROJECT_2D/Logs/upm.log
[2026-08-11T08:07:08.148Z][INFO] IPC server started (IPC path=Unity-Upm-27244).
[2026-08-11T08:07:08.149Z][INFO] Hint: To connect to this UPM instance, launch Unity with the command-line parameter -upmIpcPath Upm-27244.
[2026-08-11T08:07:17.352Z][INFO] project:list-packages <-- Request received
params: {}
[2026-08-11T08:07:17.674Z][INFO] config:project:get-registries <-- Request received
params: {}
[2026-08-11T08:07:17.727Z][INFO] project:list-packages <-- Request received
params: {}
[2026-08-11T08:07:17.799Z][INFO] config:project:get-registries --> 200 (124 ms)
[2026-08-11T08:07:18.765Z][INFO] project:list-packages --> 200 (1413 ms)
[2026-08-11T08:07:18.940Z][INFO] project:list-packages --> 200 (1213 ms)
[2026-08-11T08:09:20.593Z][INFO] project:list-packages <-- Request received
params: {}
[2026-08-11T08:09:20.633Z][INFO] project:list-packages <-- Request received
params: {}
[2026-08-11T08:09:21.306Z][INFO] project:list-packages --> 200 (713 ms)
[2026-08-11T08:09:21.307Z][INFO] project:list-packages --> 200 (674 ms)
[2026-08-11T08:09:24.766Z][INFO] project:list-packages <-- Request received
params: {}
[2026-08-11T08:09:25.247Z][INFO] config:project:get-registries <-- Request received
params: {}
[2026-08-11T08:09:25.263Z][INFO] config:project:get-registries --> 200 (16 ms)
[2026-08-11T08:09:25.687Z][INFO] project:list-packages --> 200 (922 ms)
[2026-08-11T08:09:46.380Z][INFO] project:list-packages <-- Request received
params: {}
[2026-08-11T08:09:47.432Z][INFO] project:list-packages --> 200 (1053 ms)
[2026-08-11T08:10:02.748Z][INFO] project:list-packages <-- Request received
params: {}
[2026-08-11T08:10:05.572Z][INFO] project:list-packages --> 200 (2824 ms)
[2026-08-11T08:12:23.752Z][INFO] project:list-packages <-- Request received
params: {}
[2026-08-11T08:12:24.149Z][INFO] project:list-packages --> 200 (397 ms)
[2026-08-11T08:12:24.233Z][INFO] project:list-packages <-- Request received
params: {}
[2026-08-11T08:12:24.521Z][INFO] config:project:get-registries <-- Request received
params: {}
[2026-08-11T08:12:24.535Z][INFO] config:project:get-registries --> 200 (14 ms)
[2026-08-11T08:12:24.596Z][INFO] project:list-packages --> 200 (363 ms)
[2026-08-11T08:16:23.330Z][INFO] project:list-packages <-- Request received
params: {}
[2026-08-11T08:16:23.709Z][INFO] project:list-packages --> 200 (379 ms)
[2026-08-11T08:16:24.056Z][INFO] project:list-packages <-- Request received
params: {}
[2026-08-11T08:16:24.369Z][INFO] config:project:get-registries <-- Request received
params: {}
[2026-08-11T08:16:24.452Z][INFO] config:project:get-registries --> 200 (83 ms)
[2026-08-11T08:16:24.457Z][INFO] project:list-packages --> 200 (400 ms)
[2026-08-11T08:17:45.213Z][INFO] project:list-packages <-- Request received
params: {}
[2026-08-11T08:17:45.637Z][INFO] project:list-packages --> 200 (424 ms)
[2026-08-11T08:17:45.853Z][INFO] project:list-packages <-- Request received
params: {}
[2026-08-11T08:17:46.192Z][INFO] config:project:get-registries <-- Request received
params: {}
[2026-08-11T08:17:46.210Z][INFO] config:project:get-registries --> 200 (18 ms)
[2026-08-11T08:17:46.308Z][INFO] project:list-packages --> 200 (455 ms)
[2026-08-11T08:26:07.069Z][INFO] project:list-packages <-- Request received
params: {}
[2026-08-11T08:26:07.428Z][INFO] project:list-packages --> 200 (360 ms)
[2026-08-11T08:26:07.588Z][INFO] project:list-packages <-- Request received
params: {}
[2026-08-11T08:26:07.871Z][INFO] config:project:get-registries <-- Request received
params: {}
[2026-08-11T08:26:07.886Z][INFO] config:project:get-registries --> 200 (15 ms)
[2026-08-11T08:26:07.956Z][INFO] project:list-packages --> 200 (367 ms)
[2026-08-11T08:28:53.004Z][INFO] project:list-packages <-- Request received
params: {}
[2026-08-11T08:28:53.350Z][INFO] project:list-packages --> 200 (346 ms)
[2026-08-11T08:28:53.547Z][INFO] project:list-packages <-- Request received
params: {}
[2026-08-11T08:28:53.867Z][INFO] config:project:get-registries <-- Request received
params: {}
[2026-08-11T08:28:53.882Z][INFO] config:project:get-registries --> 200 (15 ms)
[2026-08-11T08:28:53.958Z][INFO] project:list-packages --> 200 (411 ms)
[2026-08-11T08:44:58.747Z][INFO] project:list-packages <-- Request received
params: {}
[2026-08-11T08:44:59.110Z][INFO] project:list-packages --> 200 (363 ms)
[2026-08-11T08:44:59.259Z][INFO] project:list-packages <-- Request received
params: {}
[2026-08-11T08:44:59.617Z][INFO] config:project:get-registries <-- Request received
params: {}
[2026-08-11T08:44:59.639Z][INFO] config:project:get-registries --> 200 (22 ms)
[2026-08-11T08:44:59.740Z][INFO] project:list-packages --> 200 (481 ms)
[2026-08-11T08:53:56.150Z][INFO] project:list-packages <-- Request received
params: {}
[2026-08-11T08:53:56.628Z][INFO] project:list-packages --> 200 (479 ms)
[2026-08-11T08:53:56.876Z][INFO] project:list-packages <-- Request received
params: {}
[2026-08-11T08:53:57.235Z][INFO] config:project:get-registries <-- Request received
params: {}
[2026-08-11T08:53:57.252Z][INFO] config:project:get-registries --> 200 (17 ms)
[2026-08-11T08:53:57.438Z][INFO] project:list-packages --> 200 (563 ms)
[2026-08-11T09:22:01.454Z][INFO] project:list-packages <-- Request received
params: {}
[2026-08-11T09:22:01.885Z][INFO] project:list-packages --> 200 (431 ms)
[2026-08-11T09:22:01.997Z][INFO] project:list-packages <-- Request received
params: {}
[2026-08-11T09:22:02.307Z][INFO] config:project:get-registries <-- Request received
params: {}
[2026-08-11T09:22:02.325Z][INFO] config:project:get-registries --> 200 (18 ms)
[2026-08-11T09:22:02.413Z][INFO] project:list-packages --> 200 (416 ms)
[2026-08-11T09:28:15.455Z][INFO] project:list-packages <-- Request received
params: {}
[2026-08-11T09:28:15.862Z][INFO] project:list-packages --> 200 (408 ms)
[2026-08-11T09:28:16.051Z][INFO] project:list-packages <-- Request received
params: {}
[2026-08-11T09:28:16.422Z][INFO] config:project:get-registries <-- Request received
params: {}
[2026-08-11T09:28:16.442Z][INFO] config:project:get-registries --> 200 (20 ms)
[2026-08-11T09:28:16.516Z][INFO] project:list-packages --> 200 (465 ms)
[2026-08-11T09:30:13.448Z][INFO] project:list-packages <-- Request received
params: {}
[2026-08-11T09:30:13.953Z][INFO] project:list-packages <-- Request received
params: {}
[2026-08-11T09:30:15.658Z][INFO] project:list-packages --> 200 (2211 ms)
[2026-08-11T09:30:15.659Z][INFO] project:list-packages --> 200 (1706 ms)
[2026-08-11T09:30:18.353Z][INFO] project:list-packages <-- Request received
params: {}
[2026-08-11T09:30:18.584Z][INFO] project:list-packages --> 200 (231 ms)
[2026-08-11T09:30:18.752Z][INFO] project:list-packages <-- Request received
params: {}
[2026-08-11T09:30:19.164Z][INFO] project:list-packages --> 200 (412 ms)
[2026-08-11T09:30:20.470Z][INFO] project:list-packages <-- Request received
params: {}
[2026-08-11T09:30:20.729Z][INFO] project:list-packages --> 200 (259 ms)
[2026-08-11T09:30:21.262Z][INFO] project:list-packages <-- Request received
params: {}
[2026-08-11T09:30:21.499Z][INFO] project:list-packages --> 200 (237 ms)
[2026-08-11T09:31:44.129Z][INFO] project:list-packages <-- Request received
params: {}
[2026-08-11T09:31:44.483Z][INFO] project:list-packages --> 200 (354 ms)
[2026-08-11T09:31:44.734Z][INFO] project:list-packages <-- Request received
params: {}
[2026-08-11T09:31:45.095Z][INFO] config:project:get-registries <-- Request received
params: {}
[2026-08-11T09:31:45.121Z][INFO] config:project:get-registries --> 200 (26 ms)
[2026-08-11T09:31:45.203Z][INFO] project:list-packages --> 200 (470 ms)
[2026-08-11T09:38:34.411Z][INFO] project:list-packages <-- Request received
params: {}
[2026-08-11T09:38:34.749Z][INFO] project:list-packages --> 200 (337 ms)
[2026-08-11T09:38:34.951Z][INFO] project:list-packages <-- Request received
params: {}
[2026-08-11T09:38:35.265Z][INFO] config:project:get-registries <-- Request received
params: {}
[2026-08-11T09:38:35.279Z][INFO] config:project:get-registries --> 200 (15 ms)
[2026-08-11T09:38:35.358Z][INFO] project:list-packages --> 200 (407 ms)
[2026-08-11T09:39:49.305Z][INFO] project:list-packages <-- Request received
params: {}
[2026-08-11T09:39:49.827Z][INFO] project:list-packages --> 200 (522 ms)
[2026-08-11T09:39:49.972Z][INFO] project:list-packages <-- Request received
params: {}
[2026-08-11T09:39:50.351Z][INFO] config:project:get-registries <-- Request received
params: {}
[2026-08-11T09:39:50.428Z][INFO] config:project:get-registries --> 200 (77 ms)
[2026-08-11T09:39:50.518Z][INFO] project:list-packages --> 200 (546 ms)
[2026-08-11T09:47:31.188Z][INFO] project:list-packages <-- Request received
params: {}
[2026-08-11T09:47:31.514Z][INFO] project:list-packages --> 200 (327 ms)
[2026-08-11T09:47:31.726Z][INFO] project:list-packages <-- Request received
params: {}
[2026-08-11T09:47:32.040Z][INFO] config:project:get-registries <-- Request received
params: {}
[2026-08-11T09:47:32.056Z][INFO] config:project:get-registries --> 200 (16 ms)
[2026-08-11T09:47:32.163Z][INFO] project:list-packages --> 200 (437 ms)
[2026-08-11T10:01:25.112Z][INFO] project:list-packages <-- Request received
params: {}
[2026-08-11T10:01:25.513Z][INFO] project:list-packages --> 200 (401 ms)
[2026-08-11T10:01:25.644Z][INFO] project:list-packages <-- Request received
params: {}
[2026-08-11T10:01:25.978Z][INFO] config:project:get-registries <-- Request received
params: {}
[2026-08-11T10:01:25.995Z][INFO] config:project:get-registries --> 200 (17 ms)
[2026-08-11T10:01:26.057Z][INFO] project:list-packages --> 200 (413 ms)
[2026-08-11T10:11:10.759Z][INFO] project:list-packages <-- Request received
params: {}
[2026-08-11T10:11:11.171Z][INFO] project:list-packages --> 200 (412 ms)
[2026-08-11T10:11:11.368Z][INFO] project:list-packages <-- Request received
params: {}
[2026-08-11T10:11:11.677Z][INFO] config:project:get-registries <-- Request received
params: {}
[2026-08-11T10:11:11.695Z][INFO] config:project:get-registries --> 200 (19 ms)
[2026-08-11T10:11:11.777Z][INFO] project:list-packages --> 200 (409 ms)
[2026-08-11T10:17:17.025Z][INFO] project:list-packages <-- Request received
params: {}
[2026-08-11T10:17:17.422Z][INFO] project:list-packages --> 200 (397 ms)
[2026-08-11T10:17:17.682Z][INFO] project:list-packages <-- Request received
params: {}
[2026-08-11T10:17:18.051Z][INFO] config:project:get-registries <-- Request received
params: {}
[2026-08-11T10:17:18.072Z][INFO] config:project:get-registries --> 200 (21 ms)
[2026-08-11T10:17:18.165Z][INFO] project:list-packages --> 200 (483 ms)
[2026-08-11T10:27:14.774Z][INFO] project:list-packages <-- Request received
params: {}
[2026-08-11T10:27:15.200Z][INFO] project:list-packages --> 200 (426 ms)
[2026-08-11T10:27:15.439Z][INFO] project:list-packages <-- Request received
params: {}
[2026-08-11T10:27:15.805Z][INFO] config:project:get-registries <-- Request received
params: {}
[2026-08-11T10:27:15.824Z][INFO] config:project:get-registries --> 200 (18 ms)
[2026-08-11T10:27:15.898Z][INFO] project:list-packages --> 200 (459 ms)
[2026-08-11T10:38:39.318Z][INFO] project:list-packages <-- Request received
params: {}
[2026-08-11T10:38:39.678Z][INFO] project:list-packages --> 200 (360 ms)
[2026-08-11T10:38:39.901Z][INFO] project:list-packages <-- Request received
params: {}
[2026-08-11T10:38:40.262Z][INFO] config:project:get-registries <-- Request received
params: {}
[2026-08-11T10:38:40.277Z][INFO] config:project:get-registries --> 200 (15 ms)
[2026-08-11T10:38:40.362Z][INFO] project:list-packages --> 200 (462 ms)
[2026-08-11T10:46:44.234Z][INFO] project:list-packages <-- Request received
params: {}
[2026-08-11T10:46:44.718Z][INFO] project:list-packages --> 200 (484 ms)
[2026-08-11T10:46:44.884Z][INFO] project:list-packages <-- Request received
params: {}
[2026-08-11T10:46:45.262Z][INFO] config:project:get-registries <-- Request received
params: {}
[2026-08-11T10:46:45.279Z][INFO] config:project:get-registries --> 200 (17 ms)
[2026-08-11T10:46:45.367Z][INFO] project:list-packages --> 200 (483 ms)
[2026-08-11T10:46:58.282Z][INFO] project:list-packages <-- Request received
params: {}
[2026-08-11T10:46:58.722Z][INFO] project:list-packages --> 200 (440 ms)
[2026-08-11T10:46:58.979Z][INFO] project:list-packages <-- Request received
params: {}
[2026-08-11T10:46:59.315Z][INFO] config:project:get-registries <-- Request received
params: {}
[2026-08-11T10:46:59.334Z][INFO] config:project:get-registries --> 200 (19 ms)
[2026-08-11T10:46:59.443Z][INFO] project:list-packages --> 200 (464 ms)
[2026-08-11T10:48:16.661Z][INFO] project:list-packages <-- Request received
params: {}
[2026-08-11T10:48:16.998Z][INFO] project:list-packages --> 200 (337 ms)
[2026-08-11T10:48:17.197Z][INFO] project:list-packages <-- Request received
params: {}
[2026-08-11T10:48:17.502Z][INFO] config:project:get-registries <-- Request received
params: {}
[2026-08-11T10:48:17.519Z][INFO] config:project:get-registries --> 200 (17 ms)
[2026-08-11T10:48:17.596Z][INFO] project:list-packages --> 200 (399 ms)
[2026-08-11T11:02:35.695Z][INFO] project:list-packages <-- Request received
params: {}
[2026-08-11T11:02:36.110Z][INFO] project:list-packages --> 200 (415 ms)
[2026-08-11T11:02:36.281Z][INFO] project:list-packages <-- Request received
params: {}
[2026-08-11T11:02:36.666Z][INFO] config:project:get-registries <-- Request received
params: {}
[2026-08-11T11:02:36.715Z][INFO] project:list-packages --> 200 (434 ms)
[2026-08-11T11:02:36.716Z][INFO] config:project:get-registries --> 200 (50 ms)
[2026-08-11T11:05:22.771Z][INFO] project:list-packages <-- Request received
params: {}
[2026-08-11T11:05:23.191Z][INFO] project:list-packages --> 200 (420 ms)
[2026-08-11T11:05:23.472Z][INFO] project:list-packages <-- Request received
params: {}
[2026-08-11T11:05:23.884Z][INFO] config:project:get-registries <-- Request received
params: {}
[2026-08-11T11:05:23.905Z][INFO] config:project:get-registries --> 200 (21 ms)
[2026-08-11T11:05:24.014Z][INFO] project:list-packages --> 200 (542 ms)
[2026-08-11T11:30:29.900Z][INFO] project:list-packages <-- Request received
params: {}
[2026-08-11T11:30:30.596Z][INFO] project:list-packages <-- Request received
params: {}
[2026-08-11T11:30:30.859Z][INFO] config:project:get-registries <-- Request received
params: {}
[2026-08-11T11:30:30.884Z][INFO] config:project:get-registries --> 200 (25 ms)
[2026-08-11T11:30:31.314Z][INFO] project:list-packages --> 200 (1414 ms)
[2026-08-11T11:30:31.315Z][INFO] project:list-packages --> 200 (719 ms)
[2026-08-11T11:30:34.694Z][INFO] project:list-packages <-- Request received
params: {}
[2026-08-11T11:30:36.250Z][INFO] project:list-packages <-- Request received
params: {}
[2026-08-11T11:30:37.325Z][INFO] project:list-packages --> 200 (1075 ms)
[2026-08-11T11:30:37.328Z][INFO] project:list-packages --> 200 (2634 ms)
[2026-08-11T12:06:37.207Z][INFO] project:list-packages <-- Request received
params: {}
[2026-08-11T12:06:37.909Z][INFO] project:list-packages <-- Request received
params: {}
[2026-08-11T12:06:37.945Z][INFO] project:list-packages --> 200 (744 ms)
[2026-08-11T12:06:38.283Z][INFO] config:project:get-registries <-- Request received
params: {}
[2026-08-11T12:06:38.304Z][INFO] config:project:get-registries --> 200 (21 ms)
[2026-08-11T12:06:38.386Z][INFO] project:list-packages --> 200 (477 ms)
[2026-08-11T12:12:34.019Z][INFO] project:list-packages <-- Request received
params: {}
[2026-08-11T12:12:34.485Z][INFO] project:list-packages --> 200 (466 ms)
[2026-08-11T12:12:34.645Z][INFO] project:list-packages <-- Request received
params: {}
[2026-08-11T12:12:34.996Z][INFO] config:project:get-registries <-- Request received
params: {}
[2026-08-11T12:12:35.016Z][INFO] config:project:get-registries --> 200 (20 ms)
[2026-08-11T12:12:35.098Z][INFO] project:list-packages --> 200 (452 ms)
[2026-08-11T12:14:06.578Z][INFO] project:list-packages <-- Request received
params: {}
[2026-08-11T12:14:07.051Z][INFO] project:list-packages --> 200 (473 ms)
[2026-08-11T12:14:07.287Z][INFO] project:list-packages <-- Request received
params: {}
[2026-08-11T12:14:07.691Z][INFO] config:project:get-registries <-- Request received
params: {}
[2026-08-11T12:14:07.713Z][INFO] config:project:get-registries --> 200 (22 ms)
[2026-08-11T12:14:07.789Z][INFO] project:list-packages --> 200 (502 ms)
[2026-08-11T12:17:49.988Z][INFO] project:list-packages <-- Request received
params: {}
[2026-08-11T12:17:50.595Z][INFO] project:list-packages --> 200 (607 ms)
[2026-08-11T12:17:50.849Z][INFO] project:list-packages <-- Request received
params: {}
[2026-08-11T12:17:51.281Z][INFO] config:project:get-registries <-- Request received
params: {}
[2026-08-11T12:17:51.306Z][INFO] config:project:get-registries --> 200 (25 ms)
[2026-08-11T12:17:51.456Z][INFO] project:list-packages --> 200 (607 ms)
[2026-08-11T12:18:44.025Z][INFO] project:list-packages <-- Request received
params: {}
[2026-08-11T12:18:44.491Z][INFO] project:list-packages --> 200 (466 ms)
[2026-08-11T12:18:44.663Z][INFO] project:list-packages <-- Request received
params: {}
[2026-08-11T12:18:45.045Z][INFO] config:project:get-registries <-- Request received
params: {}
[2026-08-11T12:18:45.061Z][INFO] config:project:get-registries --> 200 (16 ms)
[2026-08-11T12:18:45.157Z][INFO] project:list-packages --> 200 (494 ms)
[2026-08-11T12:21:04.981Z][INFO] project:list-packages <-- Request received
params: {}
[2026-08-11T12:21:05.399Z][INFO] project:list-packages --> 200 (418 ms)
[2026-08-11T12:21:05.561Z][INFO] project:list-packages <-- Request received
params: {}
[2026-08-11T12:21:05.854Z][INFO] config:project:get-registries <-- Request received
params: {}
[2026-08-11T12:21:05.870Z][INFO] config:project:get-registries --> 200 (16 ms)
[2026-08-11T12:21:05.937Z][INFO] project:list-packages --> 200 (376 ms)
[2026-08-11T12:47:42.140Z][INFO] project:list-packages <-- Request received
params: {}
[2026-08-11T12:47:42.557Z][INFO] project:list-packages --> 200 (417 ms)
[2026-08-11T12:47:42.690Z][INFO] project:list-packages <-- Request received
params: {}
[2026-08-11T12:47:43.035Z][INFO] config:project:get-registries <-- Request received
params: {}
[2026-08-11T12:47:43.051Z][INFO] config:project:get-registries --> 200 (16 ms)
[2026-08-11T12:47:43.121Z][INFO] project:list-packages --> 200 (431 ms)
[2026-08-11T12:50:14.640Z][INFO] project:list-packages <-- Request received
params: {}
[2026-08-11T12:50:15.104Z][INFO] project:list-packages --> 200 (464 ms)
[2026-08-11T12:50:15.291Z][INFO] project:list-packages <-- Request received
params: {}
[2026-08-11T12:50:15.636Z][INFO] config:project:get-registries <-- Request received
params: {}
[2026-08-11T12:50:15.655Z][INFO] config:project:get-registries --> 200 (19 ms)
[2026-08-11T12:50:15.722Z][INFO] project:list-packages --> 200 (431 ms)
[2026-08-11T12:53:37.082Z][INFO] project:list-packages <-- Request received
params: {}
[2026-08-11T12:53:37.627Z][INFO] project:list-packages --> 200 (545 ms)
[2026-08-11T12:53:37.881Z][INFO] project:list-packages <-- Request received
params: {}
[2026-08-11T12:53:38.298Z][INFO] config:project:get-registries <-- Request received
params: {}
[2026-08-11T12:53:38.320Z][INFO] config:project:get-registries --> 200 (22 ms)
[2026-08-11T12:53:38.403Z][INFO] project:list-packages --> 200 (522 ms)
[2026-08-11T12:57:24.168Z][INFO] project:list-packages <-- Request received
params: {}
[2026-08-11T12:57:24.774Z][INFO] project:list-packages --> 200 (607 ms)
[2026-08-11T12:57:24.968Z][INFO] project:list-packages <-- Request received
params: {}
[2026-08-11T12:57:25.319Z][INFO] config:project:get-registries <-- Request received
params: {}
[2026-08-11T12:57:25.342Z][INFO] config:project:get-registries --> 200 (23 ms)
[2026-08-11T12:57:25.453Z][INFO] project:list-packages --> 200 (485 ms)
[2026-08-11T13:03:05.236Z][INFO] project:list-packages <-- Request received
params: {}
[2026-08-11T13:03:05.640Z][INFO] project:list-packages --> 200 (404 ms)
[2026-08-11T13:03:05.828Z][INFO] project:list-packages <-- Request received
params: {}
[2026-08-11T13:03:06.169Z][INFO] config:project:get-registries <-- Request received
params: {}
[2026-08-11T13:03:06.190Z][INFO] config:project:get-registries --> 200 (21 ms)
[2026-08-11T13:03:06.260Z][INFO] project:list-packages --> 200 (432 ms)
[2026-08-11T13:05:24.387Z][INFO] project:list-packages <-- Request received
params: {}
[2026-08-11T13:05:24.789Z][INFO] project:list-packages --> 200 (403 ms)
[2026-08-11T13:05:24.952Z][INFO] project:list-packages <-- Request received
params: {}
[2026-08-11T13:05:25.281Z][INFO] config:project:get-registries <-- Request received
params: {}
[2026-08-11T13:05:25.298Z][INFO] config:project:get-registries --> 200 (18 ms)
[2026-08-11T13:05:25.371Z][INFO] project:list-packages --> 200 (419 ms)
[2026-08-11T13:07:14.210Z][INFO] project:list-packages <-- Request received
params: {}
[2026-08-11T13:07:14.578Z][INFO] project:list-packages --> 200 (368 ms)
[2026-08-11T13:07:14.832Z][INFO] project:list-packages <-- Request received
params: {}
[2026-08-11T13:07:15.198Z][INFO] config:project:get-registries <-- Request received
params: {}
[2026-08-11T13:07:15.211Z][INFO] config:project:get-registries --> 200 (13 ms)
[2026-08-11T13:07:15.295Z][INFO] project:list-packages --> 200 (463 ms)
[2026-08-11T13:08:10.326Z][INFO] project:list-packages <-- Request received
params: {}
[2026-08-11T13:08:10.619Z][INFO] project:list-packages --> 200 (292 ms)
[2026-08-11T13:08:10.828Z][INFO] project:list-packages <-- Request received
params: {}
[2026-08-11T13:08:11.135Z][INFO] config:project:get-registries <-- Request received
params: {}
[2026-08-11T13:08:11.146Z][INFO] config:project:get-registries --> 200 (11 ms)
[2026-08-11T13:08:11.218Z][INFO] project:list-packages --> 200 (390 ms)
[2026-08-11T13:10:30.590Z][INFO] project:list-packages <-- Request received
params: {}
[2026-08-11T13:10:30.918Z][INFO] project:list-packages --> 200 (328 ms)
[2026-08-11T13:10:31.153Z][INFO] project:list-packages <-- Request received
params: {}
[2026-08-11T13:10:31.491Z][INFO] config:project:get-registries <-- Request received
params: {}
[2026-08-11T13:10:31.564Z][INFO] config:project:get-registries --> 200 (73 ms)
[2026-08-11T13:10:31.568Z][INFO] project:list-packages --> 200 (415 ms)
[2026-08-11T13:27:12.917Z][INFO] project:list-packages <-- Request received
params: {}
[2026-08-11T13:27:13.263Z][INFO] project:list-packages --> 200 (347 ms)
[2026-08-11T13:27:13.501Z][INFO] project:list-packages <-- Request received
params: {}
[2026-08-11T13:27:13.807Z][INFO] config:project:get-registries <-- Request received
params: {}
[2026-08-11T13:27:13.819Z][INFO] config:project:get-registries --> 200 (12 ms)
[2026-08-11T13:27:13.879Z][INFO] project:list-packages --> 200 (378 ms)
[2026-08-11T13:29:50.014Z][INFO] project:list-packages <-- Request received
params: {}
[2026-08-11T13:29:50.428Z][INFO] project:list-packages <-- Request received
params: {}
[2026-08-11T13:29:52.336Z][INFO] project:list-packages --> 200 (1908 ms)
[2026-08-11T13:29:52.337Z][INFO] project:list-packages --> 200 (2323 ms)
[2026-08-11T13:29:54.644Z][INFO] project:list-packages <-- Request received
params: {}
[2026-08-11T13:29:54.961Z][INFO] project:list-packages --> 200 (317 ms)
[2026-08-11T13:29:55.252Z][INFO] project:list-packages <-- Request received
params: {}
[2026-08-11T13:29:55.490Z][INFO] project:list-packages --> 200 (238 ms)
[2026-08-11T13:35:03.202Z][INFO] project:list-packages <-- Request received
params: {}
[2026-08-11T13:35:03.578Z][INFO] project:list-packages --> 200 (376 ms)
[2026-08-11T13:35:03.835Z][INFO] project:list-packages <-- Request received
params: {}
[2026-08-11T13:35:04.135Z][INFO] config:project:get-registries <-- Request received
params: {}
[2026-08-11T13:35:04.226Z][INFO] config:project:get-registries --> 200 (92 ms)
[2026-08-11T13:35:04.233Z][INFO] project:list-packages --> 200 (398 ms)
